configure: exit=0, 1.417s
build: exit=0, 642.013s
async_application: exit=0, 2.218s
judas_scene_tests: exit=0, 0.064s
judas_lifecycle_tests: exit=0, 1.819s
judas_project_tests: exit=0, 0.215s
judas_job_tests: exit=0, 0.114s
judas_physics_tests: exit=0, 0.004s
judas_rigid_contact_tests: exit=0, 2.720s
judas_broadphase_tests: exit=0, 24.864s
judas_collision_tests: exit=0, 0.032s
judas_celestial_gravity_tests: exit=0, 0.065s
judas_asset_tests: exit=0, 0.016s
judas_step_climb_tests: exit=0, 0.016s
judas_pilot_attachment_tests: exit=0, 0.002s
judas_pilot_dismount_tests: exit=0, 0.008s
judas_spacecraft_control_tests: exit=0, 0.032s
judas_spacecraft_flight_tests: exit=0, 0.032s
judas_reference_frame_tests: exit=0, 0.016s
judas_ui_tests: exit=0, 0.016s
judas_lighting_tests: exit=0, 0.008s
judas_shadow_tests: exit=0, 0.004s
judas_interactable_tests: exit=0, 0.016s
judas_player_view_tests: exit=0, 0.002s
judas_object_manipulation_tests: exit=0, 0.032s
judas_player_curved_locomotion_tests: exit=0, 0.115s
judas_world_coordinates_tests: exit=0, 0.069s
judas_compound_body_tests: exit=0, 0.115s
judas_fluid_world_tests: exit=0, 0.616s
judas_fluid_rigid_coupling_tests: exit=0, 12.890s
judas_fluid_surface_tests: exit=0, 0.009s
judas_terrain_physics_tests: exit=0, 0.867s
judas_terrain_fluid_tests: exit=0, 29.124s
judas_atmosphere_tests: exit=0, 0.016s
judas_atmospheric_flight_tests: exit=0, 0.032s
judas_combustion_tests: exit=0, 0.115s
judas_scene_fingerprint_tests: exit=0, 0.064s
judas_world_state_tests: exit=0, 0.064s
judas_uniform_gravity_scene_tests: exit=0, 0.265s
judas_contact_geometry_tests: exit=0, 0.065s
judas_contact_lifecycle_tests: exit=0, 0.032s
judas_contact_cache_tests: exit=0, 0.032s
judas_contact_storage_tests: exit=0, 0.115s
judas_rigid_motion_tests: exit=0, 0.016s
judas_impact_solver_tests: exit=0, 0.004s
judas_impact_timing_tests: exit=0, 0.032s
judas_project_application_tests: exit=0, 0.315s
judas_lifecycle_integration_tests: exit=0, 0.066s
judas_asset_integrity_tests: exit=0, 0.016s
judas_coarse_celestial_tests: exit=0, 0.065s
judas_orbital_integrity_tests: exit=0, 0.164s
judas_spacecraft_frame_integration_tests: exit=0, 0.032s
judas_thermal_accounting_tests: exit=0, 0.016s
judas_combustion_integration_tests: exit=0, 0.114s
judas_player_swimming_tests: exit=0, 0.032s
judas_fluid_metadata_tests: exit=0, 0.016s
judas_fluid_hydrostatics_tests: exit=0, 0.265s
judas_production_fluid_tests: exit=0, 65.314s
judas_fluid_container_integration_tests: exit=0, 3.826s
judas_player_fluid_integration_tests: exit=0, 103.900s
judas_fluid_cavity_impact_tests: exit=0, 0.064s
judas_fluid_smoothing_budget_tests: exit=0, 0.008s
judas_fluid_boundary_contact_tests: exit=0, 0.004s
judas_particle_contact_batch_tests: exit=0, 0.032s
judas_render_camera_tests: exit=0, 0.365s
judas_audio_tests: exit=0, 0.315s
judas_input_tests: exit=0, 0.515s
judas_prefab_tests: exit=0, 0.114s
judas_prefab_application_tests: exit=0, 0.315s
judas_visual_particle_tests: exit=0, 0.365s
judas_particle_application_tests: exit=0, 0.415s
judas_export_tests: exit=0, 0.315s
judas_package_application_tests: exit=0, 0.666s
judas_classification_tests: exit=0, 0.316s
judas_script_tests: exit=0, 0.919s
judas_script_application_tests: exit=0, 0.967s
judas_runtime_ui_tests: exit=0, 0.365s
judas_runtime_ui_application_tests: exit=0, 0.866s
judas_touch_event_tests: exit=0, 0.114s
judas_touch_application_tests: exit=0, 0.465s
judas_scene_transition_tests: exit=0, 0.320s
judas_physics_cast_tests: exit=0, 0.164s
judas_physics_cast_application_tests: exit=0, 0.365s
judas_joint_tests: exit=0, 0.064s
judas_joint_authoring_tests: exit=0, 0.064s
judas_joint_application_tests: exit=0, 0.265s
judas_skeletal_animation_tests: exit=0, 0.317s
judas_animation_application_tests: exit=0, 0.265s
judas_pose_composition_tests: exit=0, 0.064s
judas_pose_composition_application_tests: exit=0, 0.265s
judas_ragdoll_tests: exit=0, 0.265s
judas_ragdoll_application_tests: exit=0, 0.365s
judas_fluid_demo_integration_tests: exit=0, 24.766s
judas_character_motor_tests: exit=0, 0.565s
judas_character_motor_application_tests: exit=0, 0.666s
judas_boundary_migration_tests: exit=0, 0.415s
judas_shooter_game_tests: exit=0, 2.070s
judas_shooter_application_tests: exit=0, 0.916s
judas_script_presentation_tests: exit=0, 0.465s
judas_navigation_tests: exit=0, 0.465s
judas_navigation_game_tests: exit=0, 0.966s
judas_liquid_tests: exit=0, 0.566s
judas_liquid_application_tests: exit=0, 2.670s
judas_liquid_surface_tests: exit=0, 0.966s
judas_liquid_surface_application_tests: exit=0, 5.826s
judas_liquid_surface_refill_tests: exit=0, 9.589s
judas_liquid_surface_loop_tests: exit=0, 0.766s
judas_profiler_tests: exit=0, 0.064s
judas_profiler_script_tests: exit=0, 0.469s
judas_profiler_application_tests: exit=0, 12.303s
judas_material_tests: exit=0, 0.215s
judas_material_application_tests: exit=0, 0.515s
judas_text_localization_tests: exit=0, 0.215s
judas_text_render_tests: exit=0, 0.719s
judas_localization_application_tests: exit=0, 1.618s
judas_streaming_tests: exit=0, 0.616s
judas_streaming_application_tests: exit=0, 1.618s
judas_streaming_performance_tests: exit=0, 7.329s
judas_streaming_revisit_tests: exit=0, 7.480s
judas_audio_acoustics_tests: exit=0, 0.565s
judas_audio_world_tests: exit=0, 1.469s
judas_audio_application_tests: exit=0, 1.217s
judas_save_storage_tests: exit=0, 0.215s
judas_world_persistence_tests: exit=0, 0.032s
judas_save_application_tests: exit=0, 0.916s
judas_save_streaming_tests: exit=0, 0.766s
judas_save_performance_tests: exit=0, 2.920s
judas_deformable_tests: exit=0, 0.415s
judas_deformable_performance_tests: exit=0, 0.816s
judas_deformable_application_tests: exit=0, 2.773s
judas_fracture_tests: exit=0, 0.064s
judas_fracture_application_tests: exit=0, 1.417s
judas_fracture_performance_tests: exit=0, 0.916s
judas_collision_geometry_tests: exit=0, 0.866s
judas_collision_application_tests: exit=0, 1.617s
judas_developer_integration_tests: exit=0, 1.621s
judas_developer_application_tests: exit=0, 7.379s
judas_developer_authoring_tests: exit=0, 0.114s
judas_consumer_authoring_tests: exit=0, 0.315s
judas_post_consumer_query_tests: exit=0, 0.032s
judas_post_consumer_metadata_tests: exit=0, 0.816s
judas_post_consumer_ragdoll_tests: exit=0, 59.188s
judas_model_import_tests: exit=0, 10.088s
judas_model_reimport_tests: exit=0, 0.615s
judas_model_runtime_tests: exit=0, 6.784s
judas_model_application_tests: exit=0, 7.381s
judas_world_building_tests: exit=0, 4.023s
judas_world_authoring_runtime_tests: exit=0, 0.466s
judas_world_authoring_application_tests: exit=0, 1.368s
editor_async: exit=0, 0.515s
runtime_blocking_reference: exit=0, 0.215s
m31_resource_stress: exit=0, 8.735s
{
  "overall_pass": true,
  "checks": {
    "integration_all_12_cases": true,
    "editor_play_stop_async": true,
    "blocking_reference_three_steps": true,
    "tested_sources_unchanged_during_run": true,
    "protected_paths_unchanged": true
  },
  "seconds": 1136.0825074509994
}
