Renderer fragment texture units: 32 (material path uses 12)
[M75 terrain editor] PASS: open ordinary editable source
[M75 terrain editor] PASS: native mouse press sculpts current viewport surface
[M75 terrain editor] PASS: release commits one gesture
[M75 terrain editor] PASS: one undo restores source
[M75 terrain editor] PASS: redo restores authored sculpt
[M75 terrain editor] PASS: Escape cancels real viewport stroke
[editor autotest] duplicate created id 1000: scene CHANGED; undo restores: IDENTICAL
[M75 terrain editor] PASS: focus loss safely commits and ends gesture
[M75 terrain editor] PASS: save actual editable sculpt and paint
[M75 terrain editor] PASS: same CPU cook publishes runtime geometry and appearance
[M75 terrain editor] PASS: actual GL mesh matches current draft geometry
[editor autotest] wrote: /home/conner/Documents/GitHub/Project-Judas/.cache/m75/editor-final/native.edit.png
[editor autotest] edit frame: 7 draw calls, 8240 triangles, 66 debug lines
[M75 terrain editor] PASS: saved/cooked terrain enters normal Play
Mouse capture failed: No relative mode implementation available
Mouse capture failed: No relative mode implementation available
Mouse capture failed: No relative mode implementation available
Mouse capture failed: No relative mode implementation available
Mouse capture failed: No relative mode implementation available
Mouse capture failed: No relative mode implementation available
Mouse capture failed: No relative mode implementation available
Mouse capture failed: No relative mode implementation available
Mouse capture failed: No relative mode implementation available
Mouse capture failed: No relative mode implementation available
Mouse capture failed: No relative mode implementation available
Mouse capture failed: No relative mode implementation available
Mouse capture failed: No relative mode implementation available
Mouse capture failed: No relative mode implementation available
Mouse capture failed: No relative mode implementation available
Mouse capture failed: No relative mode implementation available
Mouse capture failed: No relative mode implementation available
Mouse capture failed: No relative mode implementation available
Mouse capture failed: No relative mode implementation available
Mouse capture failed: No relative mode implementation available
Mouse capture failed: No relative mode implementation available
Mouse capture failed: No relative mode implementation available
Mouse capture failed: No relative mode implementation available
Mouse capture failed: No relative mode implementation available
Mouse capture failed: No relative mode implementation available
Mouse capture failed: No relative mode implementation available
Mouse capture failed: No relative mode implementation available
Mouse capture failed: No relative mode implementation available
Mouse capture failed: No relative mode implementation available
Mouse capture failed: No relative mode implementation available
Mouse capture failed: No relative mode implementation available
Mouse capture failed: No relative mode implementation available
Mouse capture failed: No relative mode implementation available
Mouse capture failed: No relative mode implementation available
Mouse capture failed: No relative mode implementation available
Mouse capture failed: No relative mode implementation available
Mouse capture failed: No relative mode implementation available
Mouse capture failed: No relative mode implementation available
Mouse capture failed: No relative mode implementation available
Mouse capture failed: No relative mode implementation available
Mouse capture failed: No relative mode implementation available
Mouse capture failed: No relative mode implementation available
Mouse capture failed: No relative mode implementation available
Mouse capture failed: No relative mode implementation available
Mouse capture failed: No relative mode implementation available
Mouse capture failed: No relative mode implementation available
Mouse capture failed: No relative mode implementation available
Mouse capture failed: No relative mode implementation available
Mouse capture failed: No relative mode implementation available
Mouse capture failed: No relative mode implementation available
Mouse capture failed: No relative mode implementation available
Mouse capture failed: No relative mode implementation available
Mouse capture failed: No relative mode implementation available
Mouse capture failed: No relative mode implementation available
Mouse capture failed: No relative mode implementation available
Mouse capture failed: No relative mode implementation available
Mouse capture failed: No relative mode implementation available
Mouse capture failed: No relative mode implementation available
Mouse capture failed: No relative mode implementation available
Mouse capture failed: No relative mode implementation available
Mouse capture failed: No relative mode implementation available
Mouse capture failed: No relative mode implementation available
Mouse capture failed: No relative mode implementation available
Mouse capture failed: No relative mode implementation available
Mouse capture failed: No relative mode implementation available
Mouse capture failed: No relative mode implementation available
Mouse capture failed: No relative mode implementation available
Mouse capture failed: No relative mode implementation available
Mouse capture failed: No relative mode implementation available
Mouse capture failed: No relative mode implementation available
Mouse capture failed: No relative mode implementation available
Mouse capture failed: No relative mode implementation available
Mouse capture failed: No relative mode implementation available
Mouse capture failed: No relative mode implementation available
Mouse capture failed: No relative mode implementation available
Mouse capture failed: No relative mode implementation available
Mouse capture failed: No relative mode implementation available
Mouse capture failed: No relative mode implementation available
Mouse capture failed: No relative mode implementation available
Mouse capture failed: No relative mode implementation available
Mouse capture failed: No relative mode implementation available
Mouse capture failed: No relative mode implementation available
Mouse capture failed: No relative mode implementation available
Mouse capture failed: No relative mode implementation available
Mouse capture failed: No relative mode implementation available
Mouse capture failed: No relative mode implementation available
Mouse capture failed: No relative mode implementation available
Mouse capture failed: No relative mode implementation available
Mouse capture failed: No relative mode implementation available
Mouse capture failed: No relative mode implementation available
Mouse capture failed: No relative mode implementation available
Mouse capture failed: No relative mode implementation available
Mouse capture failed: No relative mode implementation available
Mouse capture failed: No relative mode implementation available
Mouse capture failed: No relative mode implementation available
Mouse capture failed: No relative mode implementation available
Mouse capture failed: No relative mode implementation available
Mouse capture failed: No relative mode implementation available
Mouse capture failed: No relative mode implementation available
Mouse capture failed: No relative mode implementation available
Mouse capture failed: No relative mode implementation available
Mouse capture failed: No relative mode implementation available
Mouse capture failed: No relative mode implementation available
Mouse capture failed: No relative mode implementation available
Mouse capture failed: No relative mode implementation available
Mouse capture failed: No relative mode implementation available
Mouse capture failed: No relative mode implementation available
Mouse capture failed: No relative mode implementation available
Mouse capture failed: No relative mode implementation available
Mouse capture failed: No relative mode implementation available
Mouse capture failed: No relative mode implementation available
Mouse capture failed: No relative mode implementation available
Mouse capture failed: No relative mode implementation available
Mouse capture failed: No relative mode implementation available
Mouse capture failed: No relative mode implementation available
Mouse capture failed: No relative mode implementation available
Mouse capture failed: No relative mode implementation available
Mouse capture failed: No relative mode implementation available
Mouse capture failed: No relative mode implementation available
[editor autotest] wrote: /home/conner/Documents/GitHub/Project-Judas/.cache/m75/editor-final/native.play.png
[editor autotest] play frame: 8 steps, step 79.366 ms, 6 bodies, 0 contacts, 9 draw calls, 16468 triangles, 1 shadow passes, 0 lights, 0 debug lines, 0 particles
[editor autotest] resources: 1 meshes, 1 textures, 0 terrain meshes, hits 855, misses 4, failed 0, uploads 2, resident 4356309 bytes
[editor autotest] jobs: 7 workers, 5 completed, 0 failed, 0 cancelled
Mouse capture failed: No relative mode implementation available
[M75 terrain editor] PASS: Stop preserves saved editable paint state
[M75 terrain editor] failures 0
[editor autotest] authored scene after play/stop is IDENTICAL
[editor autotest] save ok
