[  0%] Built target judas_app_icon
[ 18%] Built target freetype
[ 25%] Built target judas_icu_build
[ 25%] Built target judas_quickjs
[ 31%] Built target judas_navigation_backend
[ 31%] Built target judas_glad
[ 31%] Built target judas_profiler
[ 31%] Built target judas_audio_backend
[ 31%] Built target harfbuzz
[ 31%] Built target judas_materials
[100%] Built target judas_engine
[100%] Built target judas_world_authoring
[100%] Building CXX object CMakeFiles/judas_terrain_author.dir/tools/TerrainAuthor.cpp.o
[100%] Linking CXX executable judas_terrain_author
[100%] Built target judas_terrain_author
[  0%] Built target judas_app_icon
[ 17%] Built target freetype
[ 23%] Built target judas_icu_build
[ 23%] Built target judas_quickjs
[ 29%] Built target judas_navigation_backend
[ 29%] Built target judas_glad
[ 29%] Built target judas_profiler
[ 29%] Built target judas_audio_backend
[ 29%] Built target harfbuzz
[ 29%] Built target judas_materials
[ 94%] Built target judas_engine
[100%] Built target judas_navigation_baker
[100%] Built target judas_world_authoring
[100%] Linking CXX executable judas_terrain_pipeline_tests
[100%] Built target judas_terrain_pipeline_tests
