configure: exit=0, 4.925s
build: exit=0, 903.058s
async_application: exit=0, 2.319s
judas_scene_tests: exit=0, 0.114s
judas_lifecycle_tests: exit=0, 1.818s
judas_project_tests: exit=0, 0.214s
judas_job_tests: exit=0, 0.114s
judas_physics_tests: exit=0, 0.004s
judas_rigid_contact_tests: exit=0, 2.669s
judas_broadphase_tests: exit=0, 25.517s
judas_collision_tests: exit=0, 0.064s
judas_celestial_gravity_tests: exit=0, 0.065s
judas_asset_tests: exit=0, 0.017s
judas_step_climb_tests: exit=0, 0.008s
judas_pilot_attachment_tests: exit=0, 0.002s
judas_pilot_dismount_tests: exit=0, 0.008s
judas_spacecraft_control_tests: exit=0, 0.032s
judas_spacecraft_flight_tests: exit=0, 0.032s
judas_reference_frame_tests: exit=0, 0.008s
judas_ui_tests: exit=0, 0.016s
judas_lighting_tests: exit=0, 0.008s
judas_shadow_tests: exit=0, 0.004s
judas_interactable_tests: exit=0, 0.016s
judas_player_view_tests: exit=0, 0.002s
judas_object_manipulation_tests: exit=0, 0.016s
judas_player_curved_locomotion_tests: exit=0, 0.114s
judas_world_coordinates_tests: exit=0, 0.065s
judas_compound_body_tests: exit=0, 0.064s
judas_fluid_world_tests: exit=0, 0.615s
judas_fluid_rigid_coupling_tests: exit=0, 13.140s
judas_fluid_surface_tests: exit=0, 0.008s
judas_terrain_physics_tests: exit=0, 0.866s
judas_terrain_fluid_tests: exit=0, 29.573s
judas_atmosphere_tests: exit=0, 0.016s
judas_atmospheric_flight_tests: exit=0, 0.032s
judas_combustion_tests: exit=0, 0.114s
judas_scene_fingerprint_tests: exit=0, 0.064s
judas_world_state_tests: exit=0, 0.064s
judas_uniform_gravity_scene_tests: exit=0, 0.265s
judas_contact_geometry_tests: exit=0, 0.065s
judas_contact_lifecycle_tests: exit=0, 0.064s
judas_contact_cache_tests: exit=0, 0.032s
judas_contact_storage_tests: exit=0, 0.114s
judas_rigid_motion_tests: exit=0, 0.016s
judas_impact_solver_tests: exit=0, 0.004s
judas_impact_timing_tests: exit=0, 0.032s
judas_project_application_tests: exit=0, 0.315s
judas_lifecycle_integration_tests: exit=0, 0.064s
judas_asset_integrity_tests: exit=0, 0.032s
judas_coarse_celestial_tests: exit=0, 0.064s
judas_orbital_integrity_tests: exit=0, 0.165s
judas_spacecraft_frame_integration_tests: exit=0, 0.064s
judas_thermal_accounting_tests: exit=0, 0.016s
judas_combustion_integration_tests: exit=0, 0.114s
judas_player_swimming_tests: exit=0, 0.032s
judas_fluid_metadata_tests: exit=0, 0.008s
judas_fluid_hydrostatics_tests: exit=0, 0.265s
judas_production_fluid_tests: exit=0, 65.851s
judas_fluid_container_integration_tests: exit=0, 3.772s
judas_player_fluid_integration_tests: exit=0, 104.933s
judas_fluid_cavity_impact_tests: exit=0, 0.064s
judas_fluid_smoothing_budget_tests: exit=0, 0.008s
judas_fluid_boundary_contact_tests: exit=0, 0.008s
judas_particle_contact_batch_tests: exit=0, 0.032s
judas_render_camera_tests: exit=0, 0.315s
judas_audio_tests: exit=0, 0.265s
judas_input_tests: exit=0, 0.465s
judas_prefab_tests: exit=0, 0.115s
judas_prefab_application_tests: exit=0, 0.365s
judas_visual_particle_tests: exit=0, 0.415s
judas_particle_application_tests: exit=0, 0.515s
judas_export_tests: exit=0, 0.315s
judas_package_application_tests: exit=0, 0.716s
judas_classification_tests: exit=0, 0.265s
judas_script_tests: exit=0, 0.916s
judas_script_application_tests: exit=0, 0.866s
judas_runtime_ui_tests: exit=0, 0.315s
judas_runtime_ui_application_tests: exit=0, 0.916s
judas_touch_event_tests: exit=0, 0.114s
judas_touch_application_tests: exit=0, 0.515s
judas_scene_transition_tests: exit=0, 0.365s
judas_physics_cast_tests: exit=0, 0.165s
judas_physics_cast_application_tests: exit=0, 0.365s
judas_joint_tests: exit=0, 0.064s
judas_joint_authoring_tests: exit=0, 0.064s
judas_joint_application_tests: exit=0, 0.367s
judas_skeletal_animation_tests: exit=0, 0.315s
judas_animation_application_tests: exit=0, 0.315s
judas_pose_composition_tests: exit=0, 0.114s
judas_pose_composition_application_tests: exit=0, 0.365s
judas_ragdoll_tests: exit=0, 0.365s
judas_ragdoll_application_tests: exit=0, 0.415s
judas_fluid_demo_integration_tests: exit=0, 24.963s
judas_character_motor_tests: exit=0, 0.565s
judas_character_motor_application_tests: exit=0, 0.716s
judas_boundary_migration_tests: exit=0, 0.365s
judas_shooter_game_tests: exit=0, 1.768s
judas_shooter_application_tests: exit=0, 0.866s
judas_script_presentation_tests: exit=0, 0.419s
judas_navigation_tests: exit=0, 0.415s
judas_navigation_game_tests: exit=0, 0.867s
judas_liquid_tests: exit=0, 0.565s
judas_liquid_application_tests: exit=0, 2.720s
judas_liquid_surface_tests: exit=0, 0.966s
judas_liquid_surface_application_tests: exit=0, 5.976s
judas_liquid_surface_refill_tests: exit=0, 9.686s
judas_liquid_surface_loop_tests: exit=0, 0.716s
judas_profiler_tests: exit=0, 0.064s
judas_profiler_script_tests: exit=0, 0.415s
judas_profiler_application_tests: exit=0, 12.394s
judas_material_tests: exit=0, 0.215s
judas_material_application_tests: exit=0, 0.515s
judas_text_localization_tests: exit=0, 0.215s
judas_text_render_tests: exit=0, 0.716s
judas_localization_application_tests: exit=0, 1.617s
judas_streaming_tests: exit=0, 0.565s
judas_streaming_application_tests: exit=0, 1.517s
judas_streaming_performance_tests: exit=0, 6.928s
judas_streaming_revisit_tests: exit=0, 6.627s
judas_audio_acoustics_tests: exit=0, 0.565s
judas_audio_world_tests: exit=0, 1.368s
judas_audio_application_tests: exit=0, 1.217s
judas_save_storage_tests: exit=0, 0.215s
judas_world_persistence_tests: exit=0, 0.064s
judas_save_application_tests: exit=0, 0.919s
judas_save_streaming_tests: exit=0, 0.766s
judas_save_performance_tests: exit=0, 2.970s
judas_deformable_tests: exit=0, 0.465s
judas_deformable_performance_tests: exit=0, 0.766s
judas_deformable_application_tests: exit=0, 2.821s
judas_fracture_tests: exit=0, 0.064s
judas_fracture_application_tests: exit=0, 1.368s
judas_fracture_performance_tests: exit=0, 0.765s
judas_collision_geometry_tests: exit=0, 0.816s
judas_collision_application_tests: exit=0, 1.567s
judas_developer_integration_tests: exit=0, 1.567s
judas_developer_application_tests: exit=0, 7.080s
judas_developer_authoring_tests: exit=0, 0.064s
judas_consumer_authoring_tests: exit=0, 0.215s
judas_post_consumer_query_tests: exit=0, 0.016s
judas_post_consumer_metadata_tests: exit=0, 0.766s
judas_post_consumer_ragdoll_tests: exit=0, 59.336s
judas_model_import_tests: exit=0, 9.684s
judas_model_reimport_tests: exit=0, 0.615s
judas_model_runtime_tests: exit=0, 6.528s
judas_model_application_tests: exit=0, 7.129s
judas_world_building_tests: exit=0, 3.826s
judas_world_authoring_runtime_tests: exit=0, 0.574s
judas_world_authoring_application_tests: exit=0, 1.218s
judas_scalability_tests: exit=0, 7.633s
judas_scalability_pipeline_tests: exit=1, 0.365s
judas_resource_handoff_tests: exit=0, 6.078s
editor_async: exit=0, 0.515s
runtime_blocking_reference: exit=0, 0.215s
m31_resource_stress: exit=0, 9.286s
{
  "overall_pass": false,
  "checks": {
    "integration_all_12_cases": true,
    "editor_play_stop_async": true,
    "blocking_reference_three_steps": true,
    "tested_sources_unchanged_during_run": true,
    "protected_paths_unchanged": true
  },
  "seconds": 1416.7222859499961
}
