PASS fresh owned output required
PASS 
PASS initial validated recipe generation
PASS 
PASS unchanged content receipt requires zero product decodes
PASS editor unchanged preview needs one decode
PASS corrupt disposable receipt uses validated embedded provenance
PASS 
PASS same-mtime content edit invalidates generation
PASS 
PASS restored content preserves exact cooked representation
PASS 
PASS corrupt base cache reconstructs from author-owned sources
PASS accepted unchanged generation stages
PASS 
PASS post-worker same-mtime edit cannot publish stale generation
PASS first changed generation staged privately
PASS newer import wins without older staging overwrite
PASS 
PASS compatible motion uses its own validated cache
PASS 
PASS 
PASS corrupt motion cache safely reconstructs unchanged authored clips
PASS GPU settings retain meaning without image payload copies
PASS 
PASS 
PASS 
PASS 
PASS 
PASS 
PASS 
PASS legacy default retains all dynamic registered assets: 
PASS 
PASS named/legacy export roots round trip
PASS explicit dynamic/save root transitive closure: 
PASS eligible unreferenced asset excluded, dynamic prefab retained
PASS identical immutable bytes share physical storage with distinct asset IDs
PASS dedup preserves logical identity
PASS pruned closure and packaging settings preserve source save content identity: 
PASS 
PASS 
PASS 
PASS 
PASS 
PASS 
PASS independent pre-M68 content formula remains byte-compatible
PASS packaged file edits remain visible despite inclusion report hashes
PASS malformed excluded identity cannot silently pass save compatibility
PASS 
PASS deduplicated package spawns independent mutable prefab instances
PASS mutating one packaged instance does not couple shared resources
FAIL after 52 checks: repeat export dependency report deterministic
