MSBuild version 17.14.60+43b635718 for .NET Framework

  harfbuzz.vcxproj -> C:\JudasValidation\Build\_deps\judas_harfbuzz-build\Release\harfbuzz.lib
  judas_app_icon.vcxproj -> C:\JudasValidation\Build\Release\judas_app_icon.lib
  freetype.vcxproj -> C:\JudasValidation\Build\_deps\judas_freetype-build\Release\freetype.lib
  judas_audio_backend.vcxproj -> C:\JudasValidation\Build\Release\judas_audio_backend.lib
  judas_glad.vcxproj -> C:\JudasValidation\Build\Release\judas_glad.lib
  judas_profiler.vcxproj -> C:\JudasValidation\Build\Release\judas_profiler.lib
  judas_navigation_backend.vcxproj -> C:\JudasValidation\Build\Release\judas_navigation_backend.lib
  judas_materials.vcxproj -> C:\JudasValidation\Build\Release\judas_materials.lib
  judas_quickjs.vcxproj -> C:\JudasValidation\Build\Release\judas_quickjs.lib
  judas_ufbx.vcxproj -> C:\JudasValidation\Build\Release\judas_ufbx.lib
  judas_imgui.vcxproj -> C:\JudasValidation\Build\Release\judas_imgui.lib
  ScriptSystem.cpp
C:\JudasValidation\Source\src\ScriptSystem.cpp(1163,75): warning C4267: 'argument': conversion from 'size_t' to 'uint32_t', possible loss of data [C:\JudasValidation\Build\judas_engine.vcxproj]
C:\JudasValidation\Source\src\ScriptSystem.cpp(1163,173): warning C4267: 'argument': conversion from 'size_t' to 'uint32_t', possible loss of data [C:\JudasValidation\Build\judas_engine.vcxproj]
C:\JudasValidation\Source\src\ScriptSystem.cpp(577,1): warning C4701: potentially uninitialized local variable 'b' used [C:\JudasValidation\Build\judas_engine.vcxproj]
  judas_engine.vcxproj -> C:\JudasValidation\Build\Release\judas_engine.lib
  judas_world_authoring.vcxproj -> C:\JudasValidation\Build\Release\judas_world_authoring.lib
  judas_navigation_baker.vcxproj -> C:\JudasValidation\Build\Release\judas_navigation_baker.lib
  judas_export.vcxproj -> C:\JudasValidation\Build\Release\judas_export.exe
  judas.vcxproj -> C:\JudasValidation\Build\Release\judas.exe
  judas_windows_readiness_tests.vcxproj -> C:\JudasValidation\Build\Release\judas_windows_readiness_tests.exe
  judas_model_import.vcxproj -> C:\JudasValidation\Build\Release\judas_model_import.lib
  judas_model_import_cli.vcxproj -> C:\JudasValidation\Build\Release\judas_model_import_cli.exe
  judas_scene_author.vcxproj -> C:\JudasValidation\Build\Release\judas_scene_author.exe
  judas_editor.vcxproj -> C:\JudasValidation\Build\Release\judas_editor.exe
MSBuild version 17.14.60+43b635718 for .NET Framework

  freetype.vcxproj -> C:\JudasValidation\Build\_deps\judas_freetype-build\Release\freetype.lib
  harfbuzz.vcxproj -> C:\JudasValidation\Build\_deps\judas_harfbuzz-build\Release\harfbuzz.lib
  judas_app_icon.vcxproj -> C:\JudasValidation\Build\Release\judas_app_icon.lib
  judas_audio_backend.vcxproj -> C:\JudasValidation\Build\Release\judas_audio_backend.lib
  judas_glad.vcxproj -> C:\JudasValidation\Build\Release\judas_glad.lib
  judas_profiler.vcxproj -> C:\JudasValidation\Build\Release\judas_profiler.lib
  judas_navigation_backend.vcxproj -> C:\JudasValidation\Build\Release\judas_navigation_backend.lib
  judas_materials.vcxproj -> C:\JudasValidation\Build\Release\judas_materials.lib
  judas_quickjs.vcxproj -> C:\JudasValidation\Build\Release\judas_quickjs.lib
  judas_engine.vcxproj -> C:\JudasValidation\Build\Release\judas_engine.lib
  SignalTests.cpp
  judas_signal_tests.vcxproj -> C:\JudasValidation\Build\Release\judas_signal_tests.exe
MSBuild version 17.14.60+43b635718 for .NET Framework

  freetype.vcxproj -> C:\JudasValidation\Build\_deps\judas_freetype-build\Release\freetype.lib
  harfbuzz.vcxproj -> C:\JudasValidation\Build\_deps\judas_harfbuzz-build\Release\harfbuzz.lib
  judas_app_icon.vcxproj -> C:\JudasValidation\Build\Release\judas_app_icon.lib
  judas_audio_backend.vcxproj -> C:\JudasValidation\Build\Release\judas_audio_backend.lib
  judas_glad.vcxproj -> C:\JudasValidation\Build\Release\judas_glad.lib
  judas_profiler.vcxproj -> C:\JudasValidation\Build\Release\judas_profiler.lib
  judas_navigation_backend.vcxproj -> C:\JudasValidation\Build\Release\judas_navigation_backend.lib
  judas_materials.vcxproj -> C:\JudasValidation\Build\Release\judas_materials.lib
  judas_quickjs.vcxproj -> C:\JudasValidation\Build\Release\judas_quickjs.lib
  judas_engine.vcxproj -> C:\JudasValidation\Build\Release\judas_engine.lib
  judas_signal_application_tests.vcxproj -> C:\JudasValidation\Build\Release\judas_signal_application_tests.exe
MSBuild version 17.14.60+43b635718 for .NET Framework

  freetype.vcxproj -> C:\JudasValidation\Build\_deps\judas_freetype-build\Release\freetype.lib
  harfbuzz.vcxproj -> C:\JudasValidation\Build\_deps\judas_harfbuzz-build\Release\harfbuzz.lib
  judas_app_icon.vcxproj -> C:\JudasValidation\Build\Release\judas_app_icon.lib
  judas_audio_backend.vcxproj -> C:\JudasValidation\Build\Release\judas_audio_backend.lib
  judas_glad.vcxproj -> C:\JudasValidation\Build\Release\judas_glad.lib
  judas_profiler.vcxproj -> C:\JudasValidation\Build\Release\judas_profiler.lib
  judas_navigation_backend.vcxproj -> C:\JudasValidation\Build\Release\judas_navigation_backend.lib
  judas_materials.vcxproj -> C:\JudasValidation\Build\Release\judas_materials.lib
  judas_quickjs.vcxproj -> C:\JudasValidation\Build\Release\judas_quickjs.lib
  judas_engine.vcxproj -> C:\JudasValidation\Build\Release\judas_engine.lib
  judas_script_tests.vcxproj -> C:\JudasValidation\Build\Release\judas_script_tests.exe
