judas_script_tests.exe : script asset=5d9fadc01bdbf4eb3a6ac14613f49595 entity=1 slot=5 update: Error: intentional fault
At line:23 char:1
+ & "$root\Build\Release\judas_script_tests.exe" 2>&1|Tee-Object "$root ...
+ ~~~~~~~~~~~~~~~~~~~~~~~~~~~~~~~~~~~~~~~~~~~~~~~~~~~
    + CategoryInfo          : NotSpecified: (script asset=5d...tentional fault:String) [], RemoteException
    + FullyQualifiedErrorId : NativeCommandError
 
    at update (Assets/fault.js:1:42)

script asset=f6bb9e4cd91d4c0ed8636de1d11610ed entity=2 slot=3 update: InternalError: interrupted
    at update (Assets/loop.js:1:1)

script asset=0ff929f0c21c5327423eedfc962ce654 entity=1 slot=6 module: SyntaxError: expecting ';'
    at Assets/syntax.js:1:32

script asset=00000000000000000000000000000000 entity=2 slot=4 module: ReferenceError: missing script asset 
00000000000000000000000000000000

script asset=5d9fadc01bdbf4eb3a6ac14613f49595 entity=1 slot=5 update: Error: intentional fault
    at update (Assets/fault.js:1:42)

script asset=f6bb9e4cd91d4c0ed8636de1d11610ed entity=2 slot=3 update: InternalError: interrupted
    at update (Assets/loop.js:1:1)

script asset=0515055287eefcba78863e4db1fc51df entity=1 slot=1 update: ReferenceError: stale or invalid entity 2
    at __judas (native)
    at call (judas:2:51)
    at get transform (judas:13:25)
    at update (Assets/stale.js:1:119)

PASS registered JavaScript assets
PASS restricted module metadata and relative import
PASS typed authored properties with source defaults
PASS script slots scene round-trip
PASS ordinary runtime constructs scripted world
PASS real VM runs callbacks without faults
STATE 1/4 {"frames":2,"steps":2,"start":1,"speed":7}
STATE 2/2 {"frames":2,"steps":2,"start":1,"speed":3}
PASS frame/fixed callbacks have separate cadence
PASS independent instances and authored overrides
PASS controlled script state saved
PASS controlled script state parsed
PASS script state restore before VM callbacks
PASS restored state visible to resumed gameplay
PASS invalid slot leaves live state unchanged
PASS JSON-like state accepts finite bounded data only
PASS scripted prefab uses ordinary component serialization
PASS scripted prefab registered normally
PASS generic prefab property override preserves script data
PASS runtime SpawnPrefab creates ordinary scripted hierarchy
PASS runtime-created script instance and state restore together
PASS spawned behaviours independent and normal hierarchy destruction
PASS native binding world uses project classifications
NATIVE {"parent":null,"classification":{"renderLayer":0,"collisionLayer":0,"collisionMask":"18446744073709551615"},"velocity":{"x":1,"y":0,"z":0},"angular":{"x":0,"y":0,"z":2},"tag":true,"query":1,"overlap":1,"sweep":true,"position":{"x":0,"y":2,"z":0},"input":true}
PASS fixed script receives latched short logical-input press
PASS tags and filtered authoritative physics queries
PASS world.sweepCapsule hits a body in a script-owned (non-legacy) world
PASS forces/impulse/velocity and immediate authoritative transform readback
PERFORMANCE scripts=0 frame_plus_fixed_us=0.007
PERFORMANCE scripts=10 frame_plus_fixed_us=41.251
PERFORMANCE scripts=100 frame_plus_fixed_us=460.956
PASS transitive script source change rejects old save
PASS hostile fixture builds on normal path
PASS throw/infinite loop fault only offending instances once
PASS ordinary entity destruction invalidates native script handle
PASS syntax/missing script assets do not abort unrelated world construction
PASS module and callback faults remain isolated with useful diagnostics
PASS reset restores authored scripted static transforms and fresh session
PASS retained JS wrapper rejects destroyed native entity
PASS authored slot order and shared session module caching
PASS no-world inspector reads code without constructing gameplay instances
SUMMARY 35 checks 0 failures
