{
  "baseline": false,
  "checks": 2055,
  "runtime": [
    {
      "activeScripts": 0,
      "definitionCopies": 0,
      "fixedMs": {
        "max": 0.033485,
        "median": 0.00087,
        "p95": 0.00113
      },
      "indexRebuilds": 0,
      "inert": 0,
      "lookups": 0,
      "scriptSlotsCopied": 0,
      "startupMs": 0.093938,
      "steps": 1000,
      "touchBodyResolutions": 0
    },
    {
      "activeScripts": 1,
      "definitionCopies": 0,
      "fixedMs": {
        "max": 0.028991,
        "median": 0.00606,
        "p95": 0.006327
      },
      "indexRebuilds": 0,
      "inert": 0,
      "lookups": 8000,
      "scriptSlotsCopied": 2000,
      "startupMs": 1.984721,
      "steps": 1000,
      "touchBodyResolutions": 0
    },
    {
      "activeScripts": 8,
      "definitionCopies": 0,
      "fixedMs": {
        "max": 0.115347,
        "median": 0.035601,
        "p95": 0.045013
      },
      "indexRebuilds": 0,
      "inert": 0,
      "lookups": 64000,
      "scriptSlotsCopied": 16000,
      "startupMs": 1.501955,
      "steps": 1000,
      "touchBodyResolutions": 0
    },
    {
      "activeScripts": 0,
      "definitionCopies": 0,
      "fixedMs": {
        "max": 0.008255,
        "median": 0.000865,
        "p95": 0.000887
      },
      "indexRebuilds": 0,
      "inert": 400,
      "lookups": 0,
      "scriptSlotsCopied": 0,
      "startupMs": 2.904825,
      "steps": 1000,
      "touchBodyResolutions": 0
    },
    {
      "activeScripts": 1,
      "definitionCopies": 0,
      "fixedMs": {
        "max": 0.02697,
        "median": 0.00637,
        "p95": 0.006646
      },
      "indexRebuilds": 0,
      "inert": 400,
      "lookups": 8000,
      "scriptSlotsCopied": 2000,
      "startupMs": 9.820033,
      "steps": 1000,
      "touchBodyResolutions": 0
    },
    {
      "activeScripts": 8,
      "definitionCopies": 0,
      "fixedMs": {
        "max": 0.106551,
        "median": 0.036236,
        "p95": 0.04691
      },
      "indexRebuilds": 0,
      "inert": 400,
      "lookups": 64000,
      "scriptSlotsCopied": 16000,
      "startupMs": 9.94499,
      "steps": 1000,
      "touchBodyResolutions": 0
    },
    {
      "activeScripts": 0,
      "definitionCopies": 0,
      "fixedMs": {
        "max": 0.012229,
        "median": 0.000866,
        "p95": 0.000904
      },
      "indexRebuilds": 0,
      "inert": 800,
      "lookups": 0,
      "scriptSlotsCopied": 0,
      "startupMs": 6.253015,
      "steps": 1000,
      "touchBodyResolutions": 0
    },
    {
      "activeScripts": 1,
      "definitionCopies": 0,
      "fixedMs": {
        "max": 0.020664,
        "median": 0.006391,
        "p95": 0.007123
      },
      "indexRebuilds": 0,
      "inert": 800,
      "lookups": 8000,
      "scriptSlotsCopied": 2000,
      "startupMs": 21.832227,
      "steps": 1000,
      "touchBodyResolutions": 0
    },
    {
      "activeScripts": 8,
      "definitionCopies": 0,
      "fixedMs": {
        "max": 0.13182,
        "median": 0.036263,
        "p95": 0.055372
      },
      "indexRebuilds": 0,
      "inert": 800,
      "lookups": 64000,
      "scriptSlotsCopied": 16000,
      "startupMs": 22.928804,
      "steps": 1000,
      "touchBodyResolutions": 0
    },
    {
      "activeScripts": 0,
      "definitionCopies": 0,
      "fixedMs": {
        "max": 0.017825,
        "median": 0.000881,
        "p95": 0.001454
      },
      "indexRebuilds": 0,
      "inert": 6400,
      "lookups": 0,
      "scriptSlotsCopied": 0,
      "startupMs": 1515.171556,
      "steps": 1000,
      "touchBodyResolutions": 0
    },
    {
      "activeScripts": 1,
      "definitionCopies": 0,
      "fixedMs": {
        "max": 0.035966,
        "median": 0.006402,
        "p95": 0.010345
      },
      "indexRebuilds": 0,
      "inert": 6400,
      "lookups": 8000,
      "scriptSlotsCopied": 2000,
      "startupMs": 1649.709231,
      "steps": 1000,
      "touchBodyResolutions": 0
    },
    {
      "activeScripts": 8,
      "definitionCopies": 0,
      "fixedMs": {
        "max": 0.183557,
        "median": 0.037924,
        "p95": 0.048527
      },
      "indexRebuilds": 0,
      "inert": 6400,
      "lookups": 64000,
      "scriptSlotsCopied": 16000,
      "startupMs": 1621.084049,
      "steps": 1000,
      "touchBodyResolutions": 0
    }
  ],
  "streaming": [
    {
      "advanceMs": {
        "max": 0.07668,
        "median": 0.025471,
        "p95": 0.034789
      },
      "authoredRegions": 4,
      "definitionCopies": 0,
      "largestUnitMs": 0.066901,
      "liveObjects": 100,
      "pendingBytes": 0,
      "readyMs": 25.822089,
      "residentBytes": 902838,
      "residentRegions": 1
    },
    {
      "advanceMs": {
        "max": 0.57657,
        "median": 0.296753,
        "p95": 0.44584
      },
      "authoredRegions": 4,
      "definitionCopies": 0,
      "largestUnitMs": 0.475915,
      "liveObjects": 400,
      "pendingBytes": 0,
      "readyMs": 103.587648,
      "residentBytes": 3611352,
      "residentRegions": 4
    },
    {
      "advanceMs": {
        "max": 0.60203,
        "median": 0.265334,
        "p95": 0.391981
      },
      "authoredRegions": 128,
      "definitionCopies": 0,
      "largestUnitMs": 0.064745,
      "liveObjects": 100,
      "pendingBytes": 0,
      "readyMs": 58.451669,
      "residentBytes": 902838,
      "residentRegions": 1
    },
    {
      "advanceMs": {
        "max": 1.526509,
        "median": 0.584197,
        "p95": 0.792876
      },
      "authoredRegions": 128,
      "definitionCopies": 0,
      "largestUnitMs": 0.253005,
      "liveObjects": 400,
      "pendingBytes": 0,
      "readyMs": 136.71131,
      "residentBytes": 3611352,
      "residentRegions": 4
    }
  ]
}
