M66 isolation: isolated network namespace; repository/consumer sources masked; read-only moved package
Renderer fragment texture units: 32 (material path uses 12)
World state: disk saves disabled for additive compositions
Project: M66 Import Lab (/tmp/judas-m66-offline/lab/game.judasproj)
Scene: M66 original rig — G clips, J mask, K additive, I IK, F ragdoll, B root intent (/tmp/judas-m66-offline/lab/Scenes/main.judas)
World origin (m): 0.000, 0.000, 0.000
step,time,posX,posY,posZ,upX,upY,upZ,grounded,velX,velY,velZ,gravX,gravY,gravZ,controlled,frame,steps,paused
0,0.00000,0.000000,0.000000,0.000000,0.000000,1.000000,0.000000,0,0.000000,0.000000,0.000000,0.000000,-9.810000,0.000000,0,0,0,0
60,1.00000,0.000000,1.300000,8.000000,0.000000,1.000000,0.000000,0,0.000000,0.000000,0.000000,0.000000,-9.810000,0.000000,0,60,0,0
120,2.00000,0.000000,1.300000,8.000000,0.000000,1.000000,0.000000,0,0.000000,0.000000,0.000000,0.000000,-9.810000,0.000000,0,120,0,0
180,3.00000,0.000000,1.300000,8.000000,0.000000,1.000000,0.000000,0,0.000000,0.000000,0.000000,0.000000,-9.810000,0.000000,0,180,0,0
240,4.00000,0.000000,1.300000,8.000000,0.000000,1.000000,0.000000,0,0.000000,0.000000,0.000000,0.000000,-9.810000,0.000000,0,240,0,0
300,5.00000,0.000000,1.300000,8.000000,0.000000,1.000000,0.000000,0,0.000000,0.000000,0.000000,0.000000,-9.810000,0.000000,0,300,1,0
360,6.00000,0.000000,1.300000,8.000000,0.000000,1.000000,0.000000,0,0.000000,0.000000,0.000000,0.000000,-9.810000,0.000000,0,360,1,0
420,7.00000,0.000000,1.300000,8.000000,0.000000,1.000000,0.000000,0,0.000000,0.000000,0.000000,0.000000,-9.810000,0.000000,0,420,0,0
480,8.00000,0.000000,1.300000,8.000000,0.000000,1.000000,0.000000,0,0.000000,0.000000,0.000000,0.000000,-9.810000,0.000000,0,480,0,0
540,9.00000,0.000000,1.300000,8.000000,0.000000,1.000000,0.000000,0,0.000000,0.000000,0.000000,0.000000,-9.810000,0.000000,0,540,0,0
[TestHarness] service stream ready after 2 wait frames at frame 561
600,10.00000,0.000000,1.300000,8.000000,0.000000,1.000000,0.000000,0,0.000000,0.000000,0.000000,0.000000,-9.810000,0.000000,0,600,0,0
[TestHarness] service stream ready after 0 wait frames at frame 621
660,11.00000,0.000000,1.300000,8.000000,0.000000,1.000000,0.000000,0,0.000000,0.000000,0.000000,0.000000,-9.810000,0.000000,0,660,0,0
[TestHarness] service stream ready after 2 wait frames at frame 681
720,12.00000,0.000000,1.300000,8.000000,0.000000,1.000000,0.000000,0,0.000000,0.000000,0.000000,0.000000,-9.810000,0.000000,0,720,0,0
780,13.00000,0.000000,1.300000,8.000000,0.000000,1.000000,0.000000,0,0.000000,0.000000,0.000000,0.000000,-9.810000,0.000000,0,780,0,0,-1.983848,0.758916,0.643348,0.193027,-0.775289,2.496507,-2.033981,1.064755,0.618215,-0.064287,-0.911055,1.984918,-2.114578,1.341281,0.712740,-0.109184,-1.036569,2.267009,-1.863490,1.065054,0.750689,-0.210345,-1.011724,2.170382,-1.815950,0.809123,0.840970,-0.016725,-1.157443,2.060494,-2.117181,1.026898,0.526934,-0.230418,-1.148723,2.254976,-1.895458,0.842069,0.520496,-0.417760,-1.427084,2.347574,-1.990496,0.555892,0.817311,0.320237,-0.889461,2.121466,-2.036401,0.287093,0.832358,0.145648,-0.769028,0.952295,-2.019159,0.096874,0.771796,-0.020465,-0.343272,0.271414,-2.136592,0.469800,0.640144,0.322882,-1.186484,2.473069,-2.119075,0.238949,0.523326,0.029451,-0.726789,1.219465,-2.034899,0.111341,0.369095,-0.265343,-0.106857,0.431257
840,14.00000,0.000000,1.300000,8.000000,0.000000,1.000000,0.000000,0,0.000000,0.000000,0.000000,0.000000,-9.810000,0.000000,0,840,0,0,-1.955656,0.719487,0.820136,0.000000,0.000000,0.000000,-2.056093,0.983479,0.737676,0.000000,0.000000,0.000000,-2.122659,1.251028,0.864819,0.000000,0.000000,0.000000,-1.880662,0.962933,0.891893,0.000000,0.000000,0.000000,-1.815161,0.703668,0.979674,0.000000,0.000000,0.000000,-2.152161,0.949811,0.675551,0.000000,0.000000,0.000000,-1.952795,0.743398,0.678409,0.000000,0.000000,0.000000,-1.949082,0.548006,0.961301,0.000000,0.000000,0.000000,-2.028181,0.281480,0.893995,0.000000,0.000000,0.000000,-2.027275,0.114315,0.782291,0.000000,0.000000,0.000000,-2.077771,0.414787,0.814467,0.000000,0.000000,0.000000,-2.092007,0.208960,0.602572,0.000000,0.000000,0.000000,-2.041067,0.116361,0.396862,0.000000,0.000000,0.000000
900,15.00000,0.000000,1.300000,8.000000,0.000000,1.000000,0.000000,0,0.000000,0.000000,0.000000,0.000000,-9.810000,0.000000,0,900,0,0,-1.955656,0.719487,0.820136,0.000000,0.000000,0.000000,-2.056093,0.983479,0.737676,0.000000,0.000000,0.000000,-2.122659,1.251028,0.864819,0.000000,0.000000,0.000000,-1.880662,0.962933,0.891893,0.000000,0.[TestHarness] pause expectation failed
000000,0.000000,-1.815161,0.703668,0.979674,0.000000,0.000000,0.000000,-2.152161,0.949811,0.675551,0.000000,0.000000,0.000000,-1.952795,0.743398,0.678409,0.000000,0.000000,0.000000,-1.949082,0.548006,0.961301,0.000000,0.000000,0.000000,-2.028181,0.281480,0.893995,0.000000,0.000000,0.000000,-2.027275,0.114315,0.782291,0.000000,0.000000,0.000000,-2.077771,0.414787,0.814467,0.000000,0.000000,0.000000,-2.092007,0.208960,0.602572,0.000000,0.000000,0.000000,-2.041067,0.116361,0.396862,0.000000,0.000000,0.000000
