M66 isolation: isolated network namespace; repository/consumer sources masked; read-only moved package
Renderer fragment texture units: 32 (material path uses 12)
World state: disk saves disabled for additive compositions
Project: M66 Import Lab (/tmp/judas-m66-offline/lab/game.judasproj)
Scene: M66 original rig — G clips, J mask, K additive, I IK, F ragdoll, B root intent (/tmp/judas-m66-offline/lab/Scenes/main.judas)
World origin (m): 0.000, 0.000, 0.000
step,time,posX,posY,posZ,upX,upY,upZ,grounded,velX,velY,velZ,gravX,gravY,gravZ,controlled,frame,steps,paused
0,0.00000,0.000000,0.000000,0.000000,0.000000,1.000000,0.000000,0,0.000000,0.000000,0.000000,0.000000,-9.810000,0.000000,0,0,0,0
60,1.00000,0.000000,1.300000,8.000000,0.000000,1.000000,0.000000,0,0.000000,0.000000,0.000000,0.000000,-9.810000,0.000000,0,60,0,0
120,2.00000,0.000000,1.300000,8.000000,0.000000,1.000000,0.000000,0,0.000000,0.000000,0.000000,0.000000,-9.810000,0.000000,0,120,0,0
180,3.00000,0.000000,1.300000,8.000000,0.000000,1.000000,0.000000,0,0.000000,0.000000,0.000000,0.000000,-9.810000,0.000000,0,180,1,0
240,4.00000,0.000000,1.300000,8.000000,0.000000,1.000000,0.000000,0,0.000000,0.000000,0.000000,0.000000,-9.810000,0.000000,0,240,0,0
300,5.00000,0.000000,1.300000,8.000000,0.000000,1.000000,0.000000,0,0.000000,0.000000,0.000000,0.000000,-9.810000,0.000000,0,300,1,0
360,6.00000,0.000000,1.300000,8.000000,0.000000,1.000000,0.000000,0,0.000000,0.000000,0.000000,0.000000,-9.810000,0.000000,0,360,0,0
420,7.00000,0.000000,1.300000,8.000000,0.000000,1.000000,0.000000,0,0.000000,0.000000,0.000000,0.000000,-9.810000,0.000000,0,420,0,0
480,8.00000,0.000000,1.300000,8.000000,0.000000,1.000000,0.000000,0,0.000000,0.000000,0.000000,0.000000,-9.810000,0.000000,0,480,0,0
540,9.00000,0.000000,1.300000,8.000000,0.000000,1.000000,0.000000,0,0.000000,0.000000,0.000000,0.000000,-9.810000,0.000000,0,540,0,0
[TestHarness] service stream ready after 2 wait frames at frame 561
600,10.00000,0.000000,1.300000,8.000000,0.000000,1.000000,0.000000,0,0.000000,0.000000,0.000000,0.000000,-9.810000,0.000000,0,600,1,0
[TestHarness] service stream ready after 0 wait frames at frame 621
660,11.00000,0.000000,1.300000,8.000000,0.000000,1.000000,0.000000,0,0.000000,0.000000,0.000000,0.000000,-9.810000,0.000000,0,660,0,0
[TestHarness] service stream ready after 3 wait frames at frame 681
720,12.00000,0.000000,1.300000,8.000000,0.000000,1.000000,0.000000,0,0.000000,0.000000,0.000000,0.000000,-9.810000,0.000000,0,720,1,0
780,13.00000,0.000000,1.300000,8.000000,0.000000,1.000000,0.000000,0,0.000000,0.000000,0.000000,0.000000,-9.810000,0.000000,0,780,0,0,-1.979625,0.748242,0.723540,0.291307,-0.689265,2.575678,-2.037391,1.050334,0.686911,-0.166980,-0.923810,1.882734,-2.114660,1.324958,0.788840,-0.106048,-1.074901,2.319650,-1.866887,1.046636,0.822155,-0.255186,-1.134076,2.163184,-1.814754,0.787776,0.908741,-0.016818,-1.269851,2.039094,-2.125334,1.009797,0.603181,-0.373000,-1.072213,2.266716,-1.909935,0.817141,0.597917,-0.639673,-1.407541,2.355655,-1.981925,0.545051,0.889306,0.473753,-0.657491,2.104676,-2.034318,0.276766,0.881269,0.127915,-0.594051,0.842147,-2.020744,0.100413,0.807906,-0.065355,-0.231066,0.158619,-2.128678,0.450996,0.719736,0.479299,-1.156121,2.528660,-2.114940,0.228662,0.579863,0.230082,-0.635337,1.133070,-2.036830,0.114850,0.412803,-0.150614,0.192741,0.344592
840,14.00000,0.000000,1.300000,8.000000,0.000000,1.000000,0.000000,0,0.000000,0.000000,0.000000,0.000000,-9.810000,0.000000,0,840,0,0,-1.951389,0.713117,0.901274,0.000000,0.000000,0.000000,-2.065292,0.954458,0.806609,0.000000,0.000000,0.000000,-2.120853,1.222278,0.939046,0.000000,0.000000,0.000000,-1.882722,0.927413,0.961634,0.000000,0.000000,0.000000,-1.812077,0.668453,1.048260,0.000000,0.000000,0.000000,-2.163709,0.927357,0.752655,0.000000,0.000000,0.000000,-1.973360,0.714668,0.755857,0.000000,0.000000,0.000000,-1.939491,0.558719,1.035518,0.000000,0.000000,0.000000,-2.017706,0.289016,0.956515,0.000000,0.000000,0.000000,-2.019083,0.119295,0.831094,0.000000,0.000000,0.000000,-2.054226,0.412858,0.894964,0.000000,0.000000,0.000000,-2.079979,0.208352,0.661724,0.000000,0.000000,0.000000,-2.041823,0.117329,0.445188,0.000000,0.000000,0.000000
900,15.00000,0.000000,1.300000,8.000000,0.000000,1.000000,0.000000,0,0.000000,0.000000,0.000000,0.000000,-9.810000,0.000000,0,900,0,1,-1.951389,0.713117,0.901274,0.000000,0.000000,0.000000,-2.065292,0.954458,0.806609,0.000000,0.000000,0.000000,-2.120853,1.222278,0.939046,0.000000,0.000000,0.000000,-1.882722,0.927413,0.961634,0.000000,0.000000,0.000000,-1.812077,0.668453,1.048260,0.000000,0.000000,0.000000,-2.163709,0.927357,0.752655,0.000000,0.000000,0.000000,-1.973360,0.714668,0.755857,0.000000,0.000000,0.000000,-1.939491,0.558719,1.035518,0.000000,0.000000,0.000000,-2.017706,0.289016,0.956515,0.000000,0.000000,0.000000,-2.019083,0.119295,0.831094,0.000000,0.000000,0.000000,-2.054226,0.412858,0.894964,0.000000,0.000000,0.000000,-2.079979,0.208352,0.661724,0.000000,0.000000,0.000000,-2.041823,0.117329,0.445188,0.000000,0.000000,0.000000
[TestHarness] Wrote screenshot: /tmp/judas-m66-offline/lab-runtime.png
[TestHarness] service scene ready after 0 wait frames at frame 951
960,16.00000,0.000000,1.300000,8.000000,0.000000,1.000000,0.000000,0,0.000000,0.000000,0.000000,0.000000,-9.810000,0.000000,0,960,0,0
1020,17.00000,0.000000,1.300000,8.000000,0.000000,1.000000,0.000000,0,0.000000,0.000000,0.000000,0.000000,-9.810000,0.000000,0,1020,0,0
