M66 isolation: isolated network namespace; repository/consumer sources masked; read-only moved package
Renderer fragment texture units: 32 (material path uses 12)
World state: disk saves disabled for additive compositions
Project: Judas Three Games (/tmp/judas-m66-offline/three-games/game.judasproj)
Scene: Three Games (/tmp/judas-m66-offline/three-games/Scenes/launcher.judas)
World origin (m): 0.000, 0.000, 0.000
asset 97c3acdb99c5ffefb002c03ecec7a8ed: Optional extension ignored: KHR_materials_specular
step,time,posX,posY,posZ,upX,upY,upZ,grounded,velX,velY,velZ,gravX,gravY,gravZ,controlled,frame,steps,paused
0,0.00000,0.000000,0.000000,0.000000,0.000000,1.000000,0.000000,0,0.000000,0.000000,0.000000,0.000000,0.000000,0.000000,0,0,0,0
JS: SKATER start rails=8 autopilot=false
JS: STREAM t=0.10 street-0 - -> unloaded entities=0 prepMs=0.00 integMs=0.00 largestUnitMs=0.00 skater=(0.00,3.27,23.50) v=0.1
JS: STREAM t=0.10 street-1 - -> unloaded entities=0 prepMs=0.00 integMs=0.00 largestUnitMs=0.00 skater=(0.00,3.27,23.50) v=0.1
JS: STREAM t=0.10 street-2 - -> unloaded entities=0 prepMs=0.00 integMs=0.00 largestUnitMs=0.00 skater=(0.00,3.27,23.50) v=0.1
JS: STREAM t=0.10 street-3 - -> unloaded entities=0 prepMs=0.00 integMs=0.00 largestUnitMs=0.00 skater=(0.00,3.27,23.50) v=0.1
JS: STREAM t=0.10 street-4 - -> unloaded entities=0 prepMs=0.00 integMs=0.00 largestUnitMs=0.00 skater=(0.00,3.27,23.50) v=0.1
[TestHarness] service scene ready after 0 wait frames at frame 6
[TestHarness] service stream ready after 510 wait frames at frame 10
JS: STREAM t=0.20 street-0 unloaded -> active entities=11 prepMs=2.77 integMs=6.73 largestUnitMs=6.31 skater=(0.00,3.28,23.50) v=0.0
60,1.00000,0.000000,5.223540,27.936090,0.000000,0.941776,-0.336241,0,0.000000,0.000000,0.000000,0.000000,-9.810000,0.000000,0,60,0,0,0.000000,3.283352,23.500000,0.000000,0.003571,0.000000,33.500015,-4.904753,-122.044029,-0.001813,0.037805,-0.130259,34.500015,-4.274127,-116.044029,-0.001816,0.037805,-0.130259,33.500011,-3.643501,-110.044029,-0.001806,0.037810,-0.130258,34.500015,-3.012876,-104.044029,-0.001797,0.037812,-0.130258
120,2.00000,0.000000,5.224023,27.935730,0.000000,0.941761,-0.336282,0,0.000000,0.000000,0.000000,0.000000,-9.810000,0.000000,0,120,0,0,0.000000,3.283567,23.500000,0.000000,0.000999,0.000000,33.500004,-4.904639,-122.044403,-0.000062,-0.025714,0.091627,34.500004,-4.274013,-116.044403,-0.000061,-0.025714,0.091627,33.500000,-3.643387,-110.044403,-0.000050,-0.025710,0.091627,34.500004,-3.012762,-104.044403,-0.000050,-0.025710,0.091627
180,3.00000,0.000000,5.224267,27.935553,0.000000,0.941751,-0.336311,0,0.000000,0.000000,0.000000,0.000000,-9.810000,0.000000,0,180,1,0,0.000000,3.283627,23.500000,0.000000,0.000281,0.000000,33.500031,-4.906598,-122.030075,0.000744,0.002234,0.004430,34.500031,-4.275972,-116.030075,0.000744,0.002234,0.004429,33.500027,-3.645347,-110.030075,0.000744,0.002233,0.004427,34.500031,-3.014721,-104.030075,0.000744,0.002231,0.004424
240,4.00000,0.000000,5.224360,27.935486,0.000000,0.941746,-0.336324,0,0.000000,0.000000,0.000000,0.000000,-9.810000,0.000000,0,240,0,0,0.000000,3.283642,23.500000,0.000000,0.000095,0.000000,33.499985,-4.907931,-122.033508,0.000259,-0.000065,0.000059,34.499985,-4.277305,-116.033508,0.000259,-0.000065,0.000059,33.499981,-3.646680,-110.033508,0.000260,-0.000065,0.000059,34.499985,-3.016054,-104.033508,0.000260,-0.000065,0.000059
300,5.00000,0.000000,5.224405,27.935453,0.000000,0.941744,-0.336332,0,0.000000,0.000000,0.000000,0.000000,-9.810000,0.000000,0,300,0,0,0.000000,3.283648,23.500000,0.000000,0.000026,0.000000,33.499985,-4.907931,-122.033508,-0.000000,-0.000000,-0.000001,34.499985,-4.277305,-116.033508,-0.000000,-0.000000,-0.000001,33.499981,-3.646680,-110.033508,-0.000000,-0.000000,-0.000000,34.499985,-3.016054,-104.033508,-0.000000,-0.000000,-0.000001
360,6.00000,0.000000,5.224421,27.935442,0.000000,0.941743,-0.336334,0,0.000000,0.000000,0.000000,0.000000,-9.810000,0.000000,0,360,0,0,0.000000,3.283649,23.500000,0.000000,0.000009,0.000000,33.499985,-4.907931,-122.033508,0.000000,0.000000,0.000000,34.499985,-4.277305,-116.033508,0.000000,0.000000,0.000000,33.499981,-3.646680,-110.033508,0.000000,0.000000,0.000001,34.499985,-3.016054,-104.033508,0.000000,0.000000,0.000000
420,7.00000,0.000000,5.224427,27.935438,0.000000,0.941742,-0.336336,0,0.000000,0.000000,0.000000,0.000000,-9.810000,0.000000,0,420,0,0,0.000000,3.283649,23.500000,0.000000,0.000007,0.000000,33.499985,-4.907931,-122.033508,0.000000,0.000000,0.000000,34.499985,-4.277305,-116.033508,-0.000000,0.000000,0.000000,33.499981,-3.646680,-110.033508,-0.000000,-0.000000,-0.000000,34.499985,-3.016054,-104.033508,-0.000000,0.000000,0.000000
480,8.00000,0.000000,5.224337,27.938650,0.000000,0.941874,-0.335966,0,0.000000,0.000000,0.000000,0.000000,-9.810000,0.000000,0,480,1,0,0.000000,3.283649,23.488499,0.000000,0.000007,-0.274996,33.499985,-4.907931,-122.033508,-0.000000,-0.000000,-0.000000,34.499985,-4.277305,-116.033508,-0.000000,-0.000000,-0.000000,33.499981,-3.646680,-110.033508,-0.000000,-0.000000,-0.000000,34.499985,-3.016054,-104.033508,0.000000,-0.000000,-0.000000
540,9.00000,0.000000,5.223904,27.938608,0.000000,0.942493,-0.334226,0,0.000000,0.000000,0.000000,0.000000,-9.810000,0.000000,0,540,0,0,0.000000,3.283649,23.444086,0.000000,0.000007,-0.474935,33.499985,-4.907931,-122.033508,0.000000,0.000000,0.000000,34.499985,-4.277305,-116.033508,-0.000000,0.000000,0.000000,33.499981,-3.646680,-110.033508,0.000000,0.000000,0.000000,34.499985,-3.016054,-104.033508,0.000000,0.000000,0.000001
[TestHarness] Wrote screenshot: /tmp/judas-m66-offline/skate-full-original.png
600,10.00000,0.000000,5.223747,27.927341,0.000000,0.942716,-0.333595,0,0.000000,0.000000,0.000000,0.000000,-9.810000,0.000000,0,600,0,1,0.000000,3.283649,23.420507,0.000000,0.000007,-0.469896,33.499985,-4.907931,-122.033508,0.000000,0.000000,0.000000,34.499985,-4.277305,-116.033508,0.000000,-0.000000,-0.000000,33.499981,-3.646680,-110.033508,0.000000,-0.000000,-0.000000,34.499985,-3.016054,-104.033508,0.000000,0.000000,0.000000
[TestHarness] service scene ready after 0 wait frames at frame 651
660,11.00000,0.000000,20.939999,8.000000,0.000000,1.000000,0.000000,0,0.000000,0.000000,0.000000,0.000000,-9.810000,0.000000,0,660,0,0
720,12.00000,0.000000,20.939999,8.000000,0.000000,1.000000,0.000000,0,0.000000,0.000000,0.000000,0.000000,-9.810000,0.000000,0,720,0,0
780,13.00000,0.000000,20.939997,7.995688,0.000000,1.000000,0.000000,0,0.000000,0.000000,0.000000,0.000000,-9.810000,0.000000,0,780,0,0
[TestHarness] Wrote screenshot: /tmp/judas-m66-offline/rooftop.png
840,14.00000,0.000235,20.939186,7.896832,-0.000335,1.000000,0.000000,0,0.000000,0.000000,0.000000,0.000000,-9.810000,0.000000,0,840,0,1
900,15.00000,0.000000,0.000000,0.000000,0.000000,1.000000,0.000000,0,0.000000,0.000000,0.000000,0.000000,0.000000,0.000000,0,900,0,0,0.000000,61.250000,0.000000,0.000000,0.000000,0.000000
[TestHarness] service scene ready after 0 wait frames at frame 901
960,16.00000,7.435909,60.875313,2.974364,0.121106,0.991457,0.048443,0,0.000000,0.000000,0.000000,-0.847744,-6.940197,-0.339098,0,960,0,0,0.000000,61.225811,0.000000,0.000000,0.000000,0.000000
1020,17.00000,7.415455,60.707916,2.966182,0.121106,0.991457,0.048442,0,0.000000,0.000000,0.000000,-0.847743,-6.940197,-0.339097,0,1020,1,0,0.000000,61.225811,0.000000,-0.000000,0.000000,-0.000000
1080,18.00000,7.421931,60.775948,2.229325,0.121135,0.991925,0.037567,0,0.000000,0.000000,0.000000,-0.847971,-6.943779,-0.254705,0,1080,0,0,0.000000,61.225811,0.000000,0.000000,0.000000,0.000000
[TestHarness] Wrote screenshot: /tmp/judas-m66-offline/void.png
1140,19.00000,7.420677,60.771744,1.974088,0.121143,0.992085,0.033050,0,0.000000,0.000000,0.000000,-0.848009,-6.944782,-0.225592,0,1140,0,1,0.000000,61.225811,0.000000,0.000000,0.000000,0.000000
1200,20.00000,0.000000,0.000000,0.000000,0.000000,1.000000,0.000000,0,0.000000,0.000000,0.000000,0.000000,0.000000,0.000000,0,1200,0,0
[TestHarness] service scene ready after 0 wait frames at frame 1201
1260,21.00000,0.000000,0.300000,5.000000,0.000000,1.000000,0.000000,0,0.000000,0.000000,0.000000,0.000000,0.000000,0.000000,0,1260,0,0
1320,22.00000,0.000000,0.300000,5.000000,0.000000,1.000000,0.000000,0,0.000000,0.000000,0.000000,0.000000,0.000000,0.000000,0,1320,0,0
1380,23.00000,0.000000,0.300000,5.000000,0.000000,1.000000,0.000000,0,0.000000,0.000000,0.000000,0.000000,0.000000,0.000000,0,1380,0,0
