Renderer fragment texture units: 32 (material path uses 12)
[editor autotest] wrote: C:\JudasValidation\Receipts\M75\m75-windows-ui-editor.activation.png
[M75 terrain editor] PASS: real panel click opens selected source and activates brush
[M75 terrain editor] PASS: panel opened the ordinary selected source
[M75 terrain editor] PASS: native mouse press sculpts current viewport surface
[M75 terrain editor] PASS: release commits one gesture
[M75 terrain editor] PASS: one undo restores source
[M75 terrain editor] PASS: redo restores authored sculpt
[M75 terrain editor] PASS: Escape cancels real viewport stroke
[editor autotest] duplicate created id 1000: scene CHANGED; undo restores: IDENTICAL
[M75 terrain editor] PASS: focus loss safely commits and ends gesture
[M75 terrain editor] PASS: save actual editable sculpt and paint
[M75 terrain editor] PASS: same CPU cook publishes runtime geometry and appearance
[M75 terrain editor] PASS: actual GL mesh matches current draft geometry
[M75 editor progress] frame 20 step 0.000 ms mode 0
[editor autotest] wrote: C:\JudasValidation\Receipts\M75\m75-windows-ui-editor.edit.png
[editor autotest] edit frame: 8 draw calls, 8752 triangles, 66 debug lines
[M75 terrain editor] PASS: saved/cooked terrain enters normal Play
[M75 editor progress] frame 40 step 0.595 ms mode 1
[M75 editor progress] frame 60 step 1.030 ms mode 1
[M75 editor progress] frame 80 step 0.440 ms mode 1
[M75 editor progress] frame 100 step 0.393 ms mode 1
[M75 editor progress] frame 120 step 0.422 ms mode 1
[M75 editor progress] frame 140 step 0.622 ms mode 1
[editor autotest] wrote: C:\JudasValidation\Receipts\M75\m75-windows-ui-editor.play.png
[editor autotest] play frame: 2 steps, step 0.622 ms, 7 bodies, 0 contacts, 9 draw calls, 16468 triangles, 1 shadow passes, 0 lights, 0 debug lines, 0 particles
[editor autotest] resources: 2 meshes, 2 textures, 0 terrain meshes, hits 1482, misses 8, failed 0, uploads 4, resident 5156578 bytes
[editor autotest] jobs: 3 workers, 9 completed, 0 failed, 0 cancelled
[M75 terrain editor] PASS: Stop preserves saved editable paint state
[M75 terrain editor] failures 0
[editor autotest] authored scene after play/stop is IDENTICAL
[editor autotest] save ok
