Renderer fragment texture units: 32 (material path uses 12)
[editor autotest] duplicate created id 5: scene CHANGED; undo restores: IDENTICAL
[editor autotest] wrote: /home/conner/Documents/GitHub/Project-Judas/docs/evidence/m66/final/production/editor.edit.png
[editor autotest] edit frame: 5 draw calls, 14 triangles, 206 debug lines
Mouse capture failed: No relative mode implementation available
Mouse capture failed: No relative mode implementation available
Mouse capture failed: No relative mode implementation available
Mouse capture failed: No relative mode implementation available
Mouse capture failed: No relative mode implementation available
Mouse capture failed: No relative mode implementation available
Mouse capture failed: No relative mode implementation available
Mouse capture failed: No relative mode implementation available
Mouse capture failed: No relative mode implementation available
Mouse capture failed: No relative mode implementation available
Mouse capture failed: No relative mode implementation available
Mouse capture failed: No relative mode implementation available
Mouse capture failed: No relative mode implementation available
Mouse capture failed: No relative mode implementation available
Mouse capture failed: No relative mode implementation available
Mouse capture failed: No relative mode implementation available
Mouse capture failed: No relative mode implementation available
Mouse capture failed: No relative mode implementation available
Mouse capture failed: No relative mode implementation available
Mouse capture failed: No relative mode implementation available
Mouse capture failed: No relative mode implementation available
Mouse capture failed: No relative mode implementation available
Mouse capture failed: No relative mode implementation available
Mouse capture failed: No relative mode implementation available
Mouse capture failed: No relative mode implementation available
Mouse capture failed: No relative mode implementation available
Mouse capture failed: No relative mode implementation available
Mouse capture failed: No relative mode implementation available
Mouse capture failed: No relative mode implementation available
Mouse capture failed: No relative mode implementation available
Mouse capture failed: No relative mode implementation available
Mouse capture failed: No relative mode implementation available
Mouse capture failed: No relative mode implementation available
Mouse capture failed: No relative mode implementation available
Mouse capture failed: No relative mode implementation available
Mouse capture failed: No relative mode implementation available
Mouse capture failed: No relative mode implementation available
Mouse capture failed: No relative mode implementation available
Mouse capture failed: No relative mode implementation available
Mouse capture failed: No relative mode implementation available
Mouse capture failed: No relative mode implementation available
Mouse capture failed: No relative mode implementation available
Mouse capture failed: No relative mode implementation available
Mouse capture failed: No relative mode implementation available
Mouse capture failed: No relative mode implementation available
Mouse capture failed: No relative mode implementation available
Mouse capture failed: No relative mode implementation available
Mouse capture failed: No relative mode implementation available
Mouse capture failed: No relative mode implementation available
Mouse capture failed: No relative mode implementation available
Mouse capture failed: No relative mode implementation available
Mouse capture failed: No relative mode implementation available
Mouse capture failed: No relative mode implementation available
Mouse capture failed: No relative mode implementation available
Mouse capture failed: No relative mode implementation available
Mouse capture failed: No relative mode implementation available
Mouse capture failed: No relative mode implementation available
Mouse capture failed: No relative mode implementation available
Mouse capture failed: No relative mode implementation available
Mouse capture failed: No relative mode implementation available
Mouse capture failed: No relative mode implementation available
Mouse capture failed: No relative mode implementation available
Mouse capture failed: No relative mode implementation available
Mouse capture failed: No relative mode implementation available
Mouse capture failed: No relative mode implementation available
Mouse capture failed: No relative mode implementation available
Mouse capture failed: No relative mode implementation available
Mouse capture failed: No relative mode implementation available
Mouse capture failed: No relative mode implementation available
Mouse capture failed: No relative mode implementation available
Mouse capture failed: No relative mode implementation available
Mouse capture failed: No relative mode implementation available
Mouse capture failed: No relative mode implementation available
Mouse capture failed: No relative mode implementation available
Mouse capture failed: No relative mode implementation available
Mouse capture failed: No relative mode implementation available
Mouse capture failed: No relative mode implementation available
Mouse capture failed: No relative mode implementation available
Mouse capture failed: No relative mode implementation available
Mouse capture failed: No relative mode implementation available
Mouse capture failed: No relative mode implementation available
Mouse capture failed: No relative mode implementation available
Mouse capture failed: No relative mode implementation available
Mouse capture failed: No relative mode implementation available
Mouse capture failed: No relative mode implementation available
Mouse capture failed: No relative mode implementation available
Mouse capture failed: No relative mode implementation available
Mouse capture failed: No relative mode implementation available
Mouse capture failed: No relative mode implementation available
Mouse capture failed: No relative mode implementation available
Mouse capture failed: No relative mode implementation available
Mouse capture failed: No relative mode implementation available
Mouse capture failed: No relative mode implementation available
Mouse capture failed: No relative mode implementation available
Mouse capture failed: No relative mode implementation available
Mouse capture failed: No relative mode implementation available
Mouse capture failed: No relative mode implementation available
Mouse capture failed: No relative mode implementation available
Mouse capture failed: No relative mode implementation available
Mouse capture failed: No relative mode implementation available
Mouse capture failed: No relative mode implementation available
Mouse capture failed: No relative mode implementation available
Mouse capture failed: No relative mode implementation available
Mouse capture failed: No relative mode implementation available
Mouse capture failed: No relative mode implementation available
Mouse capture failed: No relative mode implementation available
Mouse capture failed: No relative mode implementation available
Mouse capture failed: No relative mode implementation available
Mouse capture failed: No relative mode implementation available
Mouse capture failed: No relative mode implementation available
Mouse capture failed: No relative mode implementation available
Mouse capture failed: No relative mode implementation available
Mouse capture failed: No relative mode implementation available
Mouse capture failed: No relative mode implementation available
Mouse capture failed: No relative mode implementation available
Mouse capture failed: No relative mode implementation available
Mouse capture failed: No relative mode implementation available
Mouse capture failed: No relative mode implementation available
Mouse capture failed: No relative mode implementation available
Mouse capture failed: No relative mode implementation available
Mouse capture failed: No relative mode implementation available
[editor autotest] wrote: /home/conner/Documents/GitHub/Project-Judas/docs/evidence/m66/final/production/editor.play.png
[editor autotest] play frame: 0 steps, step 0.034 ms, 1 bodies, 0 contacts, 9 draw calls, 52 triangles, 1 shadow passes, 0 lights, 159 debug lines, 0 particles
[editor autotest] resources: 1 meshes, 0 textures, 0 terrain meshes, hits 559, misses 1, failed 0, uploads 1, resident 180 bytes
[editor autotest] jobs: 7 workers, 1 completed, 0 failed, 0 cancelled
Mouse capture failed: No relative mode implementation available
[editor autotest] authored scene after play/stop is IDENTICAL
[editor autotest] save ok
