Renderer fragment texture units: 32 (material path uses 12)
World state: disk saves disabled for additive compositions
Project: M66 Import Lab (/home/conner/Documents/GitHub/Project-Judas/projects/import_lab/import_lab.judasproj)
Scene: M66 original rig — G clips, J mask, K additive, I IK, F ragdoll, B root intent (/home/conner/Documents/GitHub/Project-Judas/projects/import_lab/Scenes/main.judas)
World origin (m): 0.000, 0.000, 0.000
PASS normal app loads complete original hierarchy plus root-track helper
PASS normal app shares immutable asset with independent instances
PASS real logical input drives masked/additive contributions and IK
PASS real JS controls stable part identity
PASS real JS spawned original multipart prefab
ROOT MOTOR -0.01180 0.00228 -2.42497
PASS extracted root intent moves through motor and stops at ordinary wall
PASS real activation/deactivation returns through pose resolver
PASS normal stream request
PASS streamed full rig uses ordinary mixer
PASS complete imported dependency graph retires normally
FAIL normal-loop bounded completion
FAIL normal-loop bounded completion
FAIL ordinary project process startup/lifecycle/shutdown
SUMMARY mode=probe checks=13 failures=3 frames=2402
