Traceback (most recent call last):
  File "/home/conner/Documents/GitHub/Project-Judas/scripts/m66_create_lab.py", line 44, in <module>
    rp=P/'Imports/halfpipe.judasimport';rp.write_text(json.dumps(recipe,indent=2)+'\n');run('--recipe',rp);halfpipe=recipe['assetId']
                                                                                        ~~~^^^^^^^^^^^^^^^
  File "/home/conner/Documents/GitHub/Project-Judas/scripts/m66_create_lab.py", line 17, in run
    if r.returncode not in (0,2):raise RuntimeError(r.stdout+r.stderr)
                                 ^^^^^^^^^^^^^^^^^^^^^^^^^^^^^^^^^^^^^
RuntimeError: {
  "assetId": "a7d5bebfcae8a2eb725e67c512e3ac96",
  "diagnostics": [
    {
      "action": "Remap material slots for unsupported appearance",
      "code": "fbx-material-approximation",
      "face": -1,
      "message": "FBX factors/maps converted to Judas metallic/roughness; source shader graphs are not reproduced",
      "node": "",
      "severity": "warning",
      "source": "/home/conner/Documents/GitHub/Project-Judas/projects/import_lab/Sources/artist-halfpipe/Skate Ramp Texture.fbx",
      "vertex": -1
    }
  ],
  "error": "JudasModel: nonfinite model value",
  "hierarchyNodes": 84,
  "output": "/home/conner/Documents/GitHub/Project-Judas/projects/import_lab/Assets/models/halfpipe.judasmodel",
  "paletteEntries": 66,
  "parts": 66,
  "sourceBones": 0,
  "sourceUnitMeters": 0.01,
  "success": false,
  "unchanged": false,
  "vertices": 48318
}

