[  5%] Built target judas_icu_build
[  5%] Built target judas_quickjs
[  5%] Building CXX object CMakeFiles/judas_app_icon.dir/src/TextureLoader.cpp.o
[  5%] Built target judas_glad
[ 26%] Built target judas_navigation_backend
[ 31%] Built target freetype
[ 31%] Built target judas_profiler
[ 31%] Built target judas_audio_backend
[ 31%] Built target harfbuzz
[ 31%] Built target judas_ufbx
[ 36%] Built target judas_materials
[ 36%] Linking CXX static library libjudas_app_icon.a
[ 42%] Built target judas_app_icon
[ 42%] Building CXX object CMakeFiles/judas_engine.dir/src/WorldFracture.cpp.o
[ 42%] Building CXX object CMakeFiles/judas_engine.dir/src/Fracture.cpp.o
[ 42%] Building CXX object CMakeFiles/judas_engine.dir/src/DeformableAsset.cpp.o
[ 42%] Building CXX object CMakeFiles/judas_engine.dir/src/Deformable.cpp.o
[ 47%] Building CXX object CMakeFiles/judas_engine.dir/src/WorldDeformables.cpp.o
[ 47%] Building CXX object CMakeFiles/judas_engine.dir/src/Localization.cpp.o
[ 47%] Building CXX object CMakeFiles/judas_engine.dir/src/Material.cpp.o
[ 47%] Building CXX object CMakeFiles/judas_engine.dir/src/Tangents.cpp.o
[ 47%] Building CXX object CMakeFiles/judas_engine.dir/src/LiquidGeometry.cpp.o
[ 47%] Building CXX object CMakeFiles/judas_engine.dir/src/LiquidTypes.cpp.o
[ 47%] Building CXX object CMakeFiles/judas_engine.dir/src/LiquidSystem.cpp.o
[ 47%] Building CXX object CMakeFiles/judas_engine.dir/src/LiquidSurface.cpp.o
[ 47%] Building CXX object CMakeFiles/judas_engine.dir/src/NavigationSystem.cpp.o
[ 52%] Building CXX object CMakeFiles/judas_engine.dir/src/NavigationTypes.cpp.o
[ 52%] Building CXX object CMakeFiles/judas_engine.dir/src/NavigationAsset.cpp.o
[ 52%] Building CXX object CMakeFiles/judas_engine.dir/src/WorldAnimation.cpp.o
[ 52%] Building CXX object CMakeFiles/judas_engine.dir/src/WorldRagdoll.cpp.o
[ 52%] Building CXX object CMakeFiles/judas_engine.dir/src/GltfLoader.cpp.o
[ 52%] Building CXX object CMakeFiles/judas_engine.dir/src/WorldCharacter.cpp.o
[ 52%] Building CXX object CMakeFiles/judas_engine.dir/src/WorldStreaming.cpp.o
[ 52%] Building CXX object CMakeFiles/judas_engine.dir/src/WorldRegions.cpp.o
[ 52%] Building CXX object CMakeFiles/judas_engine.dir/src/WorldScripts.cpp.o
[ 52%] Building CXX object CMakeFiles/judas_engine.dir/src/RuntimeUI.cpp.o
[ 52%] Building CXX object CMakeFiles/judas_engine.dir/src/ScriptSystem.cpp.o
[ 57%] Building CXX object CMakeFiles/judas_engine.dir/src/Classification.cpp.o
[ 57%] Building CXX object CMakeFiles/judas_engine.dir/src/ProjectExporter.cpp.o
[ 57%] Building CXX object CMakeFiles/judas_engine.dir/src/WorldAudio.cpp.o
[ 57%] Building CXX object CMakeFiles/judas_engine.dir/src/Renderer.cpp.o
[ 57%] Building CXX object CMakeFiles/judas_engine.dir/src/CollisionAuthoring.cpp.o
[ 57%] Building CXX object CMakeFiles/judas_engine.dir/src/CollisionSource.cpp.o
[ 63%] Building CXX object CMakeFiles/judas_engine.dir/src/ModelLoader.cpp.o
[ 63%] Building CXX object CMakeFiles/judas_engine.dir/src/ModelArchive.cpp.o
[ 63%] Building CXX object CMakeFiles/judas_engine.dir/src/UIWidgets.cpp.o
[ 63%] Building CXX object CMakeFiles/judas_engine.dir/src/PauseMenu.cpp.o
[ 63%] Building CXX object CMakeFiles/judas_engine.dir/src/HUD.cpp.o
[ 63%] Building CXX object CMakeFiles/judas_engine.dir/src/FluidWorld.cpp.o
[ 63%] Building CXX object CMakeFiles/judas_engine.dir/src/ProductionFluidCoupling.cpp.o
[ 63%] Building CXX object CMakeFiles/judas_engine.dir/src/FluidSurface.cpp.o
[ 63%] Building CXX object CMakeFiles/judas_engine.dir/src/TerrainDemo.cpp.o
[ 63%] Building CXX object CMakeFiles/judas_engine.dir/src/TerrainLibrary.cpp.o
[ 63%] Building CXX object CMakeFiles/judas_engine.dir/src/Door.cpp.o
[ 63%] Building CXX object CMakeFiles/judas_engine.dir/src/LightSwitch.cpp.o
[ 63%] Building CXX object CMakeFiles/judas_engine.dir/src/AtmosphereField.cpp.o
[ 63%] Building CXX object CMakeFiles/judas_engine.dir/src/Prefab.cpp.o
[ 63%] Building CXX object CMakeFiles/judas_engine.dir/src/Scene.cpp.o
[ 68%] Building CXX object CMakeFiles/judas_engine.dir/src/SceneSerialization.cpp.o
[ 68%] Building CXX object CMakeFiles/judas_engine.dir/src/SceneFingerprint.cpp.o
[ 68%] Building CXX object CMakeFiles/judas_engine.dir/src/AssetDatabase.cpp.o
[ 68%] Building CXX object CMakeFiles/judas_engine.dir/src/ResourceManager.cpp.o
[ 68%] Building CXX object CMakeFiles/judas_engine.dir/src/WorldDebugView.cpp.o
[ 68%] Building CXX object CMakeFiles/judas_engine.dir/src/SceneSession.cpp.o
[ 73%] Building CXX object CMakeFiles/judas_engine.dir/src/RuntimeWorld.cpp.o
[ 73%] Building CXX object CMakeFiles/judas_engine.dir/src/GameSession.cpp.o
[ 73%] Building CXX object CMakeFiles/judas_engine.dir/src/Simulation.cpp.o
[ 73%] Building CXX object CMakeFiles/judas_engine.dir/src/WorldPresentation.cpp.o
[ 73%] Building CXX object CMakeFiles/judas_engine.dir/src/GameplayHud.cpp.o
[ 73%] Building CXX object CMakeFiles/judas_engine.dir/src/EngineHost.cpp.o
[ 73%] Building CXX object CMakeFiles/judas_engine.dir/src/InteractivePlay.cpp.o
[ 73%] Building CXX object CMakeFiles/judas_engine.dir/src/FidelityPolicy.cpp.o
[ 73%] Building CXX object CMakeFiles/judas_engine.dir/src/CoarseSimulation.cpp.o
[ 73%] Building CXX object CMakeFiles/judas_engine.dir/src/WorldState.cpp.o
[ 73%] Building CXX object CMakeFiles/judas_engine.dir/src/SaveStorage.cpp.o
[ 78%] Building CXX object CMakeFiles/judas_engine.dir/src/SaveService.cpp.o
[ 78%] Building CXX object CMakeFiles/judas_engine.dir/src/LiquidPersistence.cpp.o
[ 78%] Building CXX object CMakeFiles/judas_engine.dir/src/WorldPersistence.cpp.o
[ 78%] Building CXX object CMakeFiles/judas_engine.dir/src/CollisionAsset.cpp.o
[ 78%] Building CXX object CMakeFiles/judas_engine.dir/src/CollisionGeometry.cpp.o
[ 78%] Building CXX object CMakeFiles/judas_engine.dir/src/PhysicsCastGeometry.cpp.o
[ 78%] Building CXX object CMakeFiles/judas_engine.dir/src/RadialTerrain.cpp.o
[ 78%] Building CXX object CMakeFiles/judas_engine.dir/src/Narrowphase.cpp.o
[ 78%] Building CXX object CMakeFiles/judas_engine.dir/src/PhysicsWorld.cpp.o
[ 78%] Linking CXX static library libjudas_engine.a
[100%] Built target judas_engine
[100%] Building CXX object CMakeFiles/judas_model_import.dir/src/ModelCollision.cpp.o
[100%] Building CXX object CMakeFiles/judas_model_import.dir/src/ModelCook.cpp.o
[100%] Building CXX object CMakeFiles/judas_model_import.dir/src/FbxImport.cpp.o
/home/conner/Documents/GitHub/Project-Judas/src/ModelCook.cpp: In function ‘bool CookModelRecipe(const std::string&, ModelCookTask&)’:
/home/conner/Documents/GitHub/Project-Judas/src/ModelCook.cpp:89:2: warning: this ‘if’ clause does not guard... [-Wmisleading-indentation]
   89 |  if(!mesh.skeletal)ApplyAliases(mesh,options);StableMaterials(mesh,fs::exists(reportPath)?ReadJson(reportPath):Json::object());SortParts(mesh,fs::exists(reportPath)?ReadJson(reportPath):Json::object());t.progress=75;CheckCancelled(t);std::vector<uint8_t> bytes;Require(EncodeModelArchive(mesh,bytes,error),error);t.temporary=t.output+".import-staging";Write(t.temporary,bytes.data(),bytes.size());auto report=Report(t,mesh,inputs,digest);report["outputHash"]=SceneFingerprintSha256(std::string(reinterpret_cast<const char*>(bytes.data()),bytes.size()));WriteJson(t.temporary+".report",report);CheckCancelled(t);t.preview=std::make_shared<MeshData>(std::move(mesh));t.success=true;t.progress=95;return true;
      |  ^~
/home/conner/Documents/GitHub/Project-Judas/src/ModelCook.cpp:89:47: note: ...this statement, but the latter is misleadingly indented as if it were guarded by the ‘if’
   89 |  if(!mesh.skeletal)ApplyAliases(mesh,options);StableMaterials(mesh,fs::exists(reportPath)?ReadJson(reportPath):Json::object());SortParts(mesh,fs::exists(reportPath)?ReadJson(reportPath):Json::object());t.progress=75;CheckCancelled(t);std::vector<uint8_t> bytes;Require(EncodeModelArchive(mesh,bytes,error),error);t.temporary=t.output+".import-staging";Write(t.temporary,bytes.data(),bytes.size());auto report=Report(t,mesh,inputs,digest);report["outputHash"]=SceneFingerprintSha256(std::string(reinterpret_cast<const char*>(bytes.data()),bytes.size()));WriteJson(t.temporary+".report",report);CheckCancelled(t);t.preview=std::make_shared<MeshData>(std::move(mesh));t.success=true;t.progress=95;return true;
      |                                               ^~~~~~~~~~~~~~~
[100%] Linking CXX static library libjudas_model_import.a
[100%] Built target judas_model_import
[100%] Building CXX object CMakeFiles/judas_model_import_cli.dir/tools/ModelImportCli.cpp.o
[100%] Linking CXX executable judas_model_import_cli
[100%] Built target judas_model_import_cli
[  5%] Built target judas_icu_build
[  5%] Built target judas_quickjs
[ 10%] Built target judas_app_icon
[ 26%] Built target freetype
[ 26%] Built target judas_glad
[ 36%] Built target judas_navigation_backend
[ 36%] Built target judas_profiler
[ 36%] Built target judas_audio_backend
[ 36%] Built target judas_ufbx
[ 36%] Built target harfbuzz
[ 42%] Built target judas_materials
[100%] Built target judas_engine
[100%] Built target judas_model_import
[100%] Building CXX object CMakeFiles/judas_model_import_tests.dir/tests/ModelImportTests.cpp.o
[100%] Linking CXX executable judas_model_import_tests
[100%] Built target judas_model_import_tests
[  4%] Built target judas_icu_build
[  4%] Built target judas_quickjs
[  9%] Built target judas_app_icon
[ 22%] Built target freetype
[ 22%] Built target judas_glad
[ 31%] Built target judas_navigation_backend
[ 31%] Built target judas_profiler
[ 31%] Built target judas_audio_backend
[ 31%] Built target judas_ufbx
[ 31%] Built target harfbuzz
[ 36%] Built target judas_imgui
[ 40%] Built target judas_materials
[ 90%] Built target judas_engine
[ 90%] Built target judas_model_import
[ 90%] Building CXX object CMakeFiles/judas_navigation_baker.dir/src/NavigationBake.cpp.o
[ 90%] Linking CXX static library libjudas_navigation_baker.a
[ 95%] Built target judas_navigation_baker
[ 95%] Building CXX object CMakeFiles/judas_editor.dir/src/editor/ComponentEditors.cpp.o
[ 95%] Building CXX object CMakeFiles/judas_editor.dir/src/editor/EditorHistory.cpp.o
[ 95%] Building CXX object CMakeFiles/judas_editor.dir/src/editor/EditorApplication.cpp.o
[ 95%] Building CXX object CMakeFiles/judas_editor.dir/src/editor/EditorMain.cpp.o
[ 95%] Building CXX object CMakeFiles/judas_editor.dir/src/editor/EditorPanels.cpp.o
/home/conner/Documents/GitHub/Project-Judas/src/editor/EditorApplication.cpp: In member function ‘void EditorApplication::DrawModelImportPreview(float)’:
/home/conner/Documents/GitHub/Project-Judas/src/editor/EditorApplication.cpp:881:135: error: invalid use of incomplete type ‘using std::__shared_ptr_access<ModelCookTask, __gnu_cxx::_S_atomic, false, false>::element_type = struct ModelCookTask’ {aka ‘struct ModelCookTask’}
  881 |  if(!m_panels.showAssetBrowser||m_panels.mode!=EditorMode::Edit||!m_panels.importPublished||!m_panels.importTask||!m_panels.importTask->success)return;
      |                                                                                                                                       ^~
In file included from /home/conner/Documents/GitHub/Project-Judas/src/editor/EditorApplication.h:10,
                 from /home/conner/Documents/GitHub/Project-Judas/src/editor/EditorApplication.cpp:7:
/home/conner/Documents/GitHub/Project-Judas/src/editor/EditorPanels.h:92:8: note: forward declaration of ‘using std::__shared_ptr_access<ModelCookTask, __gnu_cxx::_S_atomic, false, false>::element_type = struct ModelCookTask’ {aka ‘struct ModelCookTask’}
   92 | struct ModelCookTask;
      |        ^~~~~~~~~~~~~
/home/conner/Documents/GitHub/Project-Judas/src/editor/EditorApplication.cpp:883:26: error: invalid use of incomplete type ‘struct ModelCookTask’
  883 |  if(m_modelPreviewAsset!=task.assetId){if(!m_modelPreviewAsset.empty())resources.ReleaseRef(m_modelPreviewAsset);m_modelPreviewAsset=task.assetId;resources.AddRef(m_modelPreviewAsset);m_panels.modelPreviewTime=0;m_panels.modelPreviewHidden.clear();}
      |                          ^~~~
/home/conner/Documents/GitHub/Project-Judas/src/editor/EditorPanels.h:92:8: note: forward declaration of ‘struct ModelCookTask’
   92 | struct ModelCookTask;
      |        ^~~~~~~~~~~~~
/home/conner/Documents/GitHub/Project-Judas/src/editor/EditorApplication.cpp:883:134: error: invalid use of incomplete type ‘struct ModelCookTask’
  883 |  if(m_modelPreviewAsset!=task.assetId){if(!m_modelPreviewAsset.empty())resources.ReleaseRef(m_modelPreviewAsset);m_modelPreviewAsset=task.assetId;resources.AddRef(m_modelPreviewAsset);m_panels.modelPreviewTime=0;m_panels.modelPreviewHidden.clear();}
      |                                                                                                                                      ^~~~
/home/conner/Documents/GitHub/Project-Judas/src/editor/EditorPanels.h:92:8: note: forward declaration of ‘struct ModelCookTask’
   92 | struct ModelCookTask;
      |        ^~~~~~~~~~~~~
/home/conner/Documents/GitHub/Project-Judas/src/editor/EditorApplication.cpp:884:48: error: invalid use of incomplete type ‘struct ModelCookTask’
  884 |  std::string error;auto mesh=resources.GetMesh(task.assetId,error);if(!mesh.IsValid()||!task.preview)return;
      |                                                ^~~~
/home/conner/Documents/GitHub/Project-Judas/src/editor/EditorPanels.h:92:8: note: forward declaration of ‘struct ModelCookTask’
   92 | struct ModelCookTask;
      |        ^~~~~~~~~~~~~
/home/conner/Documents/GitHub/Project-Judas/src/editor/EditorApplication.cpp:884:89: error: invalid use of incomplete type ‘struct ModelCookTask’
  884 |  std::string error;auto mesh=resources.GetMesh(task.assetId,error);if(!mesh.IsValid()||!task.preview)return;
      |                                                                                         ^~~~
/home/conner/Documents/GitHub/Project-Judas/src/editor/EditorPanels.h:92:8: note: forward declaration of ‘struct ModelCookTask’
   92 | struct ModelCookTask;
      |        ^~~~~~~~~~~~~
/home/conner/Documents/GitHub/Project-Judas/src/editor/EditorApplication.cpp:885:38: error: invalid use of incomplete type ‘struct ModelCookTask’
  885 |  auto asset=resources.TryGetSkeletal(task.assetId);SkeletalPose pose;std::vector<glm::mat4> palette,global;
      |                                      ^~~~
/home/conner/Documents/GitHub/Project-Judas/src/editor/EditorPanels.h:92:8: note: forward declaration of ‘struct ModelCookTask’
   92 | struct ModelCookTask;
      |        ^~~~~~~~~~~~~
/home/conner/Documents/GitHub/Project-Judas/src/editor/EditorApplication.cpp:887:50: error: invalid use of incomplete type ‘struct ModelCookTask’
  887 |  glm::vec3 lo(INFINITY),hi(-INFINITY);auto& cpu=*task.preview;for(size_t i=0;i<cpu.vertices.size();++i){glm::vec3 p=cpu.vertices[i].position;if(!palette.empty()){auto& w=cpu.skinVertices[i];glm::mat4 matrix(0);for(int k=0;k<4;++k)matrix+=palette[w.joints[k]]*w.weights[k]+palette[w.joints1[k]]*w.weights1[k];p=glm::vec3(matrix*glm::vec4(p,1));}lo=glm::min(lo,p);hi=glm::max(hi,p);}
      |                                                  ^~~~
/home/conner/Documents/GitHub/Project-Judas/src/editor/EditorPanels.h:92:8: note: forward declaration of ‘struct ModelCookTask’
   92 | struct ModelCookTask;
      |        ^~~~~~~~~~~~~
gmake[3]: *** [CMakeFiles/judas_editor.dir/build.make:93: CMakeFiles/judas_editor.dir/src/editor/EditorApplication.cpp.o] Error 1
gmake[3]: *** Waiting for unfinished jobs....
gmake[2]: *** [CMakeFiles/Makefile2:1084: CMakeFiles/judas_editor.dir/all] Error 2
gmake[1]: *** [CMakeFiles/Makefile2:1091: CMakeFiles/judas_editor.dir/rule] Error 2
gmake: *** [Makefile:345: judas_editor] Error 2
