PASS recipe copies approved external image and buffer into owned sources
PASS initial coherent generation publishes
PASS normal runtime loader reads cooked asset without source parser
PASS unchanged recipe preserves output bytes and asset identity
PASS source node reordering reimports without retargeting asset
PASS part and material slot identities survive source order changes
PASS deleted required joint blocks publication and keeps last generation
PASS source correction retries normally
PASS missing dependency preserves accepted generation
PASS export rejects stale/missing source instead of silently shipping last-good
PASS cancel before parsing leaves accepted generation intact
PASS empty cache reproduces accepted bytes and stable mappings
PASS cyclic malformed source fails without publication
PASS root-motion fixture recipe created
PASS explicit model-axis root extraction publishes
PASS extracted motion reconstructs complementary pose without losing unselected axes
PASS bad shared-edge winding reports actual source node and face
PASS explicit derived orientation repairs one patch and preserves original geometry
{
  "checks": 18,
  "failures": 0
}
