
This GDB supports auto-downloading debuginfo from the following URLs:
  <https://debuginfod.ubuntu.com>
Enable debuginfod for this session? (y or [n]) [answered N; input not from terminal]
Debuginfod has been disabled.
To make this setting permanent, add 'set debuginfod enabled off' to .gdbinit.

warning: Can't open file /dev/nvidiactl during file-backed mapping note processing

warning: Can't open file /dev/nvidia0 during file-backed mapping note processing
[New LWP 116230]
[New LWP 116241]
[New LWP 116238]
[New LWP 116239]
[New LWP 116242]
[New LWP 116243]
[New LWP 116244]
[New LWP 116240]
[Thread debugging using libthread_db enabled]
Using host libthread_db library "/usr/lib/x86_64-linux-gnu/libthread_db.so.1".
Core was generated by `/tmp/judas-m70-character-lab-20261008/judas'.
Program terminated with signal SIGABRT, Aborted.
#0  0x00005ef00c4baa96 in PhysicsWorld::Impl::RemainingImpactBound(unsigned int, double, double) ()
[Current thread is 1 (Thread 0x727e2bc55ec0 (LWP 116230))]
The program being debugged is not being run.
#0  0x00005ef00c4baa96 in PhysicsWorld::Impl::RemainingImpactBound(unsigned int, double, double) ()
#1  0x00005ef00c4bcda4 in PhysicsWorld::Impl::ImpactTime(unsigned int, unsigned int, int, int, double, double) ()
#2  0x00005ef00c4c1006 in PhysicsWorld::Impl::AdvanceImpacts(float)::{lambda(std::array<unsigned int, 4ul> const&)#1}::operator()(std::array<unsigned int, 4ul> const&) const ()
#3  0x00005ef00c4c4835 in PhysicsWorld::Impl::AdvanceImpacts(float) ()
#4  0x00005ef00c4adfb4 in PhysicsWorld::Step(float) ()
#5  0x00005ef00c6a5ace in StepPlayedWorld(GameSession&, Window const&, float, FixedStepMeasurements*) ()
#6  0x00005ef00c3c0cbe in InteractivePlay::Frame(Window&, Renderer&, float, bool, bool) ()
#7  0x00005ef00c0f62b4 in Application::Run(int, char**, ApplicationControl*) ()
#8  0x00005ef00c0f1c24 in main ()
rip            0x5ef00c4baa96      0x5ef00c4baa96 <PhysicsWorld::Impl::RemainingImpactBound(unsigned int, double, double)+1398>
rsp            0x7ffdbd8f2f20      0x7ffdbd8f2f20
rdi            0x5ef051262920      104386246617376
rsi            0x27                39
   0x5ef00c4baa7e <_ZN12PhysicsWorld4Impl20RemainingImpactBoundEjdd+1374>:	add    %al,(%rax)
   0x5ef00c4baa80 <_ZN12PhysicsWorld4Impl20RemainingImpactBoundEjdd+1376>:	add    $0x70,%rax
   0x5ef00c4baa84 <_ZN12PhysicsWorld4Impl20RemainingImpactBoundEjdd+1380>:	cmp    %rax,%rcx
   0x5ef00c4baa87 <_ZN12PhysicsWorld4Impl20RemainingImpactBoundEjdd+1383>:	je     0x5ef00c4bac02 <_ZN12PhysicsWorld4Impl20RemainingImpactBoundEjdd+1762>
   0x5ef00c4baa8d <_ZN12PhysicsWorld4Impl20RemainingImpactBoundEjdd+1389>:	movsd  0x8(%rax),%xmm2
   0x5ef00c4baa92 <_ZN12PhysicsWorld4Impl20RemainingImpactBoundEjdd+1394>:	comisd %xmm2,%xmm3
=> 0x5ef00c4baa96 <_ZN12PhysicsWorld4Impl20RemainingImpactBoundEjdd+1398>:	jb     0x5ef00c4baa80 <_ZN12PhysicsWorld4Impl20RemainingImpactBoundEjdd+1376>
   0x5ef00c4baa98 <_ZN12PhysicsWorld4Impl20RemainingImpactBoundEjdd+1400>:	movsd  0x10(%rax),%xmm0
   0x5ef00c4baa9d <_ZN12PhysicsWorld4Impl20RemainingImpactBoundEjdd+1405>:	comisd %xmm3,%xmm0
   0x5ef00c4baaa1 <_ZN12PhysicsWorld4Impl20RemainingImpactBoundEjdd+1409>:	jb     0x5ef00c4baa80 <_ZN12PhysicsWorld4Impl20RemainingImpactBoundEjdd+1376>
   0x5ef00c4baaa3 <_ZN12PhysicsWorld4Impl20RemainingImpactBoundEjdd+1411>:	mov    0x1c(%rax),%rcx
   0x5ef00c4baaa7 <_ZN12PhysicsWorld4Impl20RemainingImpactBoundEjdd+1415>:	pxor   %xmm0,%xmm0
   0x5ef00c4baaab <_ZN12PhysicsWorld4Impl20RemainingImpactBoundEjdd+1419>:	lea    0x110(%rsp),%rdi
   0x5ef00c4baab3 <_ZN12PhysicsWorld4Impl20RemainingImpactBoundEjdd+1427>:	movsd  %xmm1,0x18(%rsp)
   0x5ef00c4baab9 <_ZN12PhysicsWorld4Impl20RemainingImpactBoundEjdd+1433>:	movups %xmm0,0x168(%rsp)
