
This GDB supports auto-downloading debuginfo from the following URLs:
  <https://debuginfod.ubuntu.com>
Enable debuginfod for this session? (y or [n]) [answered N; input not from terminal]
Debuginfod has been disabled.
To make this setting permanent, add 'set debuginfod enabled off' to .gdbinit.

warning: Can't open file /dev/nvidiactl during file-backed mapping note processing

warning: Can't open file /dev/nvidia0 during file-backed mapping note processing
[New LWP 116230]
[New LWP 116241]
[New LWP 116238]
[New LWP 116239]
[New LWP 116242]
[New LWP 116243]
[New LWP 116244]
[New LWP 116240]
[Thread debugging using libthread_db enabled]
Using host libthread_db library "/usr/lib/x86_64-linux-gnu/libthread_db.so.1".
Core was generated by `/tmp/judas-m70-character-lab-20261008/judas'.
Program terminated with signal SIGABRT, Aborted.
#0  0x00005ef00c4baa96 in PhysicsWorld::Impl::RemainingImpactBound(unsigned int, double, double) ()
[Current thread is 1 (Thread 0x727e2bc55ec0 (LWP 116230))]
$1 = {si_signo = 6, si_errno = 0, si_code = 0, _sifields = {_pad = {116928, 1000, 0 <repeats 26 times>}, _kill = {si_pid = 116928, si_uid = 1000}, _timer = {si_tid = 116928, si_overrun = 1000, si_sigval = {sival_int = 0, sival_ptr = 0x0}}, _rt = {si_pid = 116928, si_uid = 1000, si_sigval = {sival_int = 0, sival_ptr = 0x0}}, _sigchld = {si_pid = 116928, si_uid = 1000, si_status = 0, si_utime = 0, si_stime = 0}, _sigfault = {si_addr = 0x3e80001c8c0}, _sigpoll = {si_band = 4294967412928, si_fd = 0}, _sigsys = {_call_addr = 0x3e80001c8c0, _syscall = 0, _arch = 0}}}
rax            0x5ef0524619d0      104386265487824
rcx            0x5ef0524811d0      104386265616848
rdx            0x5730              22320
rbx            0x5ef04dc2e4c0      104386189780160
r12            0x5ef051262920      104386246617376
r13            0x12                18
r14            0x12                18
r15            0x7ffdbd8f31c0      140727783731648
xmm3           {v8_bfloat16 = {0xe8ca, 0x758f, 0x1dd7, 0x3ee8, 0x0, 0x0, 0x0, 0x0}, v8_half = {0xe8ca, 0x758f, 0x1dd7, 0x3ee8, 0x0, 0x0, 0x0, 0x0}, v4_float = {0x758fe8ca, 0x3ee81dd7, 0x0, 0x0}, v2_double = {0x3ee81dd7758fe8ca, 0x0}, v16_int8 = {0xca, 0xe8, 0x8f, 0x75, 0xd7, 0x1d, 0xe8, 0x3e, 0x0, 0x0, 0x0, 0x0, 0x0, 0x0, 0x0, 0x0}, v8_int16 = {0xe8ca, 0x758f, 0x1dd7, 0x3ee8, 0x0, 0x0, 0x0, 0x0}, v4_int32 = {0x758fe8ca, 0x3ee81dd7, 0x0, 0x0}, v2_int64 = {0x3ee81dd7758fe8ca, 0x0}, uint128 = 0x3ee81dd7758fe8ca}
xmm1           {v8_bfloat16 = {0x0, 0x2000, 0x1111, 0x3f91, 0x0, 0x0, 0x0, 0x0}, v8_half = {0x0, 0x2000, 0x1111, 0x3f91, 0x0, 0x0, 0x0, 0x0}, v4_float = {0x20000000, 0x3f911111, 0x0, 0x0}, v2_double = {0x3f91111120000000, 0x0}, v16_int8 = {0x0, 0x0, 0x0, 0x20, 0x11, 0x11, 0x91, 0x3f, 0x0, 0x0, 0x0, 0x0, 0x0, 0x0, 0x0, 0x0}, v8_int16 = {0x0, 0x2000, 0x1111, 0x3f91, 0x0, 0x0, 0x0, 0x0}, v4_int32 = {0x20000000, 0x3f911111, 0x0, 0x0}, v2_int64 = {0x3f91111120000000, 0x0}, uint128 = 0x3f91111120000000}

Thread 8 (Thread 0x727e220fd6c0 (LWP 116240)):
#0  __syscall_cancel_arch () at ../sysdeps/unix/sysv/linux/x86_64/syscall_cancel.S:56
#1  0x0000727e2c6a030c in __internal_syscall_cancel (a1=a1@entry=104386184631608, a2=<optimized out>, a3=a3@entry=4096, a4=a4@entry=0, a5=a5@entry=0, a6=a6@entry=4294967295, nr=202) at ./nptl/cancellation.c:49
#2  0x0000727e2c6a06e7 in __futex_abstimed_wait_common64 (private=0, futex_word=0x5ef04d745538, expected=4096, op=393, abstime=0x0, cancel=true) at ./nptl/futex-internal.c:57
#3  __futex_abstimed_wait_common (futex_word=0x5ef04d745538, expected=4096, clockid=0, abstime=0x0, private=0, cancel=true) at ./nptl/futex-internal.c:87

Thread 7 (Thread 0x727e1bfff6c0 (LWP 116244)):
#0  __syscall_cancel_arch () at ../sysdeps/unix/sysv/linux/x86_64/syscall_cancel.S:56
#1  0x0000727e2c6a030c in __internal_syscall_cancel (a1=a1@entry=104386184631612, a2=<optimized out>, a3=a3@entry=469754944, a4=a4@entry=0, a5=a5@entry=0, a6=a6@entry=4294967295, nr=202) at ./nptl/cancellation.c:49
#2  0x0000727e2c6a06e7 in __futex_abstimed_wait_common64 (private=0, futex_word=0x5ef04d74553c, expected=469754944, op=393, abstime=0x0, cancel=true) at ./nptl/futex-internal.c:57
#3  __futex_abstimed_wait_common (futex_word=0x5ef04d74553c, expected=469754944, clockid=0, abstime=0x0, private=0, cancel=true) at ./nptl/futex-internal.c:87

Thread 6 (Thread 0x727e208fa6c0 (LWP 116243)):
#0  __syscall_cancel_arch () at ../sysdeps/unix/sysv/linux/x86_64/syscall_cancel.S:56
#1  0x0000727e2c6a030c in __internal_syscall_cancel (a1=a1@entry=104386184631608, a2=<optimized out>, a3=a3@entry=4096, a4=a4@entry=0, a5=a5@entry=0, a6=a6@entry=4294967295, nr=202) at ./nptl/cancellation.c:49
#2  0x0000727e2c6a06e7 in __futex_abstimed_wait_common64 (private=0, futex_word=0x5ef04d745538, expected=4096, op=393, abstime=0x0, cancel=true) at ./nptl/futex-internal.c:57
#3  __futex_abstimed_wait_common (futex_word=0x5ef04d745538, expected=4096, clockid=0, abstime=0x0, private=0, cancel=true) at ./nptl/futex-internal.c:87

Thread 5 (Thread 0x727e210fb6c0 (LWP 116242)):
#0  __syscall_cancel_arch () at ../sysdeps/unix/sysv/linux/x86_64/syscall_cancel.S:56
#1  0x0000727e2c6a030c in __internal_syscall_cancel (a1=a1@entry=104386184631612, a2=<optimized out>, a3=a3@entry=0, a4=a4@entry=0, a5=a5@entry=0, a6=a6@entry=4294967295, nr=202) at ./nptl/cancellation.c:49
#2  0x0000727e2c6a06e7 in __futex_abstimed_wait_common64 (private=0, futex_word=0x5ef04d74553c, expected=0, op=393, abstime=0x0, cancel=true) at ./nptl/futex-internal.c:57
#3  __futex_abstimed_wait_common (futex_word=0x5ef04d74553c, expected=0, clockid=0, abstime=0x0, private=0, cancel=true) at ./nptl/futex-internal.c:87

Thread 4 (Thread 0x727e228fe6c0 (LWP 116239)):
#0  __syscall_cancel_arch () at ../sysdeps/unix/sysv/linux/x86_64/syscall_cancel.S:56
#1  0x0000727e2c6a030c in __internal_syscall_cancel (a1=a1@entry=104386184631608, a2=<optimized out>, a3=a3@entry=4096, a4=a4@entry=0, a5=a5@entry=0, a6=a6@entry=4294967295, nr=202) at ./nptl/cancellation.c:49
#2  0x0000727e2c6a06e7 in __futex_abstimed_wait_common64 (private=0, futex_word=0x5ef04d745538, expected=4096, op=393, abstime=0x0, cancel=true) at ./nptl/futex-internal.c:57
#3  __futex_abstimed_wait_common (futex_word=0x5ef04d745538, expected=4096, clockid=0, abstime=0x0, private=0, cancel=true) at ./nptl/futex-internal.c:87

Thread 3 (Thread 0x727e230ff6c0 (LWP 116238)):
#0  __syscall_cancel_arch () at ../sysdeps/unix/sysv/linux/x86_64/syscall_cancel.S:56
#1  0x0000727e2c6a030c in __internal_syscall_cancel (a1=a1@entry=104386184631612, a2=<optimized out>, a3=a3@entry=588244032, a4=a4@entry=0, a5=a5@entry=0, a6=a6@entry=4294967295, nr=202) at ./nptl/cancellation.c:49
#2  0x0000727e2c6a06e7 in __futex_abstimed_wait_common64 (private=0, futex_word=0x5ef04d74553c, expected=588244032, op=393, abstime=0x0, cancel=true) at ./nptl/futex-internal.c:57
#3  __futex_abstimed_wait_common (futex_word=0x5ef04d74553c, expected=588244032, clockid=0, abstime=0x0, private=0, cancel=true) at ./nptl/futex-internal.c:87

Thread 2 (Thread 0x727e218fc6c0 (LWP 116241)):
#0  __syscall_cancel_arch () at ../sysdeps/unix/sysv/linux/x86_64/syscall_cancel.S:56
#1  0x0000727e2c6a030c in __internal_syscall_cancel (a1=a1@entry=104386184631608, a2=<optimized out>, a3=a3@entry=4096, a4=a4@entry=0, a5=a5@entry=0, a6=a6@entry=4294967295, nr=202) at ./nptl/cancellation.c:49
#2  0x0000727e2c6a06e7 in __futex_abstimed_wait_common64 (private=0, futex_word=0x5ef04d745538, expected=4096, op=393, abstime=0x0, cancel=true) at ./nptl/futex-internal.c:57
#3  __futex_abstimed_wait_common (futex_word=0x5ef04d745538, expected=4096, clockid=0, abstime=0x0, private=0, cancel=true) at ./nptl/futex-internal.c:87

Thread 1 (Thread 0x727e2bc55ec0 (LWP 116230)):
#0  0x00005ef00c4baa96 in PhysicsWorld::Impl::RemainingImpactBound(unsigned int, double, double) ()
#1  0x00005ef00c4bcda4 in PhysicsWorld::Impl::ImpactTime(unsigned int, unsigned int, int, int, double, double) ()
#2  0x00005ef00c4c1006 in PhysicsWorld::Impl::AdvanceImpacts(float)::{lambda(std::array<unsigned int, 4ul> const&)#1}::operator()(std::array<unsigned int, 4ul> const&) const ()
#3  0x00005ef00c4c4835 in PhysicsWorld::Impl::AdvanceImpacts(float) ()
