[  0%] Built target judas_app_icon
[ 16%] Built target freetype
[ 22%] Built target judas_icu_build
[ 22%] Built target judas_quickjs
[ 33%] Built target judas_navigation_backend
[ 33%] Built target judas_glad
[ 33%] Built target judas_profiler
[ 38%] Built target judas_audio_backend
[ 38%] Built target harfbuzz
[ 38%] Built target judas_materials
[ 38%] Building CXX object CMakeFiles/judas_engine.dir/src/PhysicsWorld.cpp.o
[ 38%] Linking CXX static library libjudas_engine.a
[100%] Built target judas_engine
[100%] Building CXX object CMakeFiles/judas_rigid_motion_tests.dir/tests/RigidMotionTests.cpp.o
[100%] Linking CXX executable judas_rigid_motion_tests
[100%] Built target judas_rigid_motion_tests
[  0%] Built target judas_app_icon
[ 16%] Built target freetype
[ 22%] Built target judas_icu_build
[ 22%] Built target judas_quickjs
[ 33%] Built target judas_navigation_backend
[ 33%] Built target judas_glad
[ 33%] Built target judas_profiler
[ 38%] Built target judas_audio_backend
[ 38%] Built target harfbuzz
[ 38%] Built target judas_materials
[100%] Built target judas_engine
[100%] Linking CXX executable judas_impact_timing_tests
[100%] Built target judas_impact_timing_tests
[  0%] Built target judas_app_icon
[ 16%] Built target freetype
[ 22%] Built target judas_icu_build
[ 22%] Built target judas_quickjs
[ 33%] Built target judas_navigation_backend
[ 33%] Built target judas_glad
[ 33%] Built target judas_profiler
[ 38%] Built target judas_audio_backend
[ 38%] Built target harfbuzz
[ 38%] Built target judas_materials
[100%] Built target judas_engine
[100%] Building CXX object CMakeFiles/judas_contact_lifecycle_tests.dir/tests/ContactLifecycleTests.cpp.o
[100%] Linking CXX executable judas_contact_lifecycle_tests
[100%] Built target judas_contact_lifecycle_tests
[  0%] Built target judas_app_icon
[ 16%] Built target freetype
[ 22%] Built target judas_icu_build
[ 22%] Built target judas_quickjs
[ 33%] Built target judas_navigation_backend
[ 33%] Built target judas_glad
[ 33%] Built target judas_profiler
[ 38%] Built target judas_audio_backend
[ 38%] Built target harfbuzz
[ 38%] Built target judas_materials
[100%] Built target judas_engine
[100%] Linking CXX executable judas_joint_tests
[100%] Built target judas_joint_tests
[  0%] Built target judas_app_icon
[ 16%] Built target freetype
[ 22%] Built target judas_icu_build
[ 22%] Built target judas_quickjs
[ 33%] Built target judas_navigation_backend
[ 33%] Built target judas_glad
[ 33%] Built target judas_profiler
[ 38%] Built target judas_audio_backend
[ 38%] Built target harfbuzz
[ 38%] Built target judas_materials
[100%] Built target judas_engine
[100%] Building CXX object CMakeFiles/judas_touch_event_tests.dir/tests/TouchEventTests.cpp.o
[100%] Linking CXX executable judas_touch_event_tests
[100%] Built target judas_touch_event_tests
[  0%] Built target judas_app_icon
[ 16%] Built target freetype
[ 22%] Built target judas_icu_build
[ 22%] Built target judas_quickjs
[ 33%] Built target judas_navigation_backend
[ 33%] Built target judas_glad
[ 33%] Built target judas_profiler
[ 38%] Built target judas_audio_backend
[ 38%] Built target harfbuzz
[ 38%] Built target judas_materials
[100%] Built target judas_engine
[100%] Building CXX object CMakeFiles/judas_physical_animation_tests.dir/tests/PhysicalAnimationTests.cpp.o
[100%] Linking CXX executable judas_physical_animation_tests
[100%] Built target judas_physical_animation_tests
[  0%] Built target judas_app_icon
[ 16%] Built target freetype
[ 22%] Built target judas_icu_build
[ 22%] Built target judas_quickjs
[ 33%] Built target judas_navigation_backend
[ 33%] Built target judas_glad
[ 33%] Built target judas_profiler
[ 38%] Built target judas_audio_backend
[ 38%] Built target harfbuzz
[ 38%] Built target judas_materials
[100%] Built target judas_engine
[100%] Building CXX object CMakeFiles/judas_character_lab_tests.dir/tests/CharacterLabTests.cpp.o
[100%] Linking CXX executable judas_character_lab_tests
[100%] Built target judas_character_lab_tests
[  0%] Built target judas_app_icon
[ 16%] Built target freetype
[ 22%] Built target judas_icu_build
[ 22%] Built target judas_quickjs
[ 33%] Built target judas_navigation_backend
[ 33%] Built target judas_glad
[ 33%] Built target judas_profiler
[ 38%] Built target judas_audio_backend
[ 38%] Built target harfbuzz
[ 38%] Built target judas_materials
[100%] Built target judas_engine
[100%] Linking CXX executable judas_character_lab_performance
[100%] Built target judas_character_lab_performance
gmake: *** No rule to make target 'judas_js_api_tests'.  Stop.
