Starting program: /home/conner/Documents/GitHub/Project-Judas/build/judas_character_lab_tests /tmp/m70-lab-hang-debug-3
[Thread debugging using libthread_db enabled]
Using host libthread_db library "/usr/lib/x86_64-linux-gnu/libthread_db.so.1".
[New Thread 0x7fffe33216c0 (LWP 70217)]
[New Thread 0x7fffe2b206c0 (LWP 70218)]
[New Thread 0x7fffe231f6c0 (LWP 70219)]
[New Thread 0x7fffe1b1e6c0 (LWP 70220)]
[New Thread 0x7fffe131d6c0 (LWP 70221)]
[New Thread 0x7fffe0b1c6c0 (LWP 70222)]
[New Thread 0x7fffcbfff6c0 (LWP 70223)]
[Thread 0x7fffcbfff6c0 (LWP 70223) exited]
[Thread 0x7fffe131d6c0 (LWP 70221) exited]
[Thread 0x7fffe1b1e6c0 (LWP 70220) exited]
[Thread 0x7fffe231f6c0 (LWP 70219) exited]
[Thread 0x7fffe2b206c0 (LWP 70218) exited]
[Thread 0x7fffe33216c0 (LWP 70217) exited]
[Thread 0x7fffe0b1c6c0 (LWP 70222) exited]

Thread 1 "judas_character" received signal SIGINT, Interrupt.
futex_wait (futex_word=0x5555588db510, expected=2, private=0) at ../sysdeps/nptl/futex-internal.h:126
warning: 126	../sysdeps/nptl/futex-internal.h: No such file or directory

Thread 1 (Thread 0x7ffff684aec0 (LWP 70213) "judas_character"):
#0  futex_wait (futex_word=0x5555588db510, expected=2, private=0) at ../sysdeps/nptl/futex-internal.h:126
#1  __GI___lll_lock_wait (futex=futex@entry=0x5555588db510, private=0) at ./nptl/lowlevellock.c:49
#2  0x00007ffff76a7754 in lll_mutex_lock_optimized (mutex=0x5555588db510) at ./nptl/pthread_mutex_lock.c:48
#3  ___pthread_mutex_lock (mutex=0x5555588db510) at ./nptl/pthread_mutex_lock.c:87
#4  0x000055555587ed81 in JobSystem::Cancel(JobHandle) ()
#5  0x000055555590d457 in SaveService::~SaveService() ()
#6  0x0000555555895bff in SceneSession::~SceneSession() ()
#7  0x0000555555664527 in std::_Sp_counted_base<(__gnu_cxx::_Lock_policy)2>::_M_release() ()
#8  0x00005555558b2264 in RuntimeWorld::~RuntimeWorld() ()
#9  0x0000555555659c13 in main ()
[Inferior 1 (process 70213) killed]
