configure: exit=0, 4.623s
build: exit=0, 1027.554s
async_application: exit=0, 3.128s
judas_scene_tests: exit=0, 0.114s
judas_lifecycle_tests: exit=0, 1.973s
judas_project_tests: exit=0, 0.265s
judas_job_tests: exit=0, 0.115s
judas_physics_tests: exit=0, 0.004s
judas_rigid_contact_tests: exit=0, 2.974s
judas_broadphase_tests: exit=0, 27.127s
judas_collision_tests: exit=0, 0.032s
judas_celestial_gravity_tests: exit=0, 0.065s
judas_asset_tests: exit=0, 0.016s
judas_step_climb_tests: exit=0, 0.019s
judas_pilot_attachment_tests: exit=0, 0.002s
judas_pilot_dismount_tests: exit=0, 0.008s
judas_spacecraft_control_tests: exit=0, 0.034s
judas_spacecraft_flight_tests: exit=0, 0.068s
judas_reference_frame_tests: exit=0, 0.016s
judas_ui_tests: exit=0, 0.016s
judas_lighting_tests: exit=0, 0.016s
judas_shadow_tests: exit=0, 0.004s
judas_interactable_tests: exit=0, 0.016s
judas_player_view_tests: exit=0, 0.004s
judas_object_manipulation_tests: exit=0, 0.035s
judas_player_curved_locomotion_tests: exit=0, 0.115s
judas_world_coordinates_tests: exit=0, 0.065s
judas_compound_body_tests: exit=0, 0.064s
judas_fluid_world_tests: exit=0, 0.665s
judas_fluid_rigid_coupling_tests: exit=0, 14.147s
judas_fluid_surface_tests: exit=0, 0.004s
judas_terrain_physics_tests: exit=0, 0.919s
judas_terrain_fluid_tests: exit=0, 30.826s
judas_atmosphere_tests: exit=0, 0.016s
judas_atmospheric_flight_tests: exit=0, 0.032s
judas_combustion_tests: exit=0, 0.114s
judas_scene_fingerprint_tests: exit=0, 0.064s
judas_world_state_tests: exit=0, 0.114s
judas_uniform_gravity_scene_tests: exit=0, 0.315s
judas_contact_geometry_tests: exit=0, 0.065s
judas_contact_lifecycle_tests: exit=0, 0.064s
judas_contact_cache_tests: exit=0, 0.032s
judas_contact_storage_tests: exit=0, 0.114s
judas_rigid_motion_tests: exit=0, 0.016s
judas_impact_solver_tests: exit=0, 0.004s
judas_impact_timing_tests: exit=0, 0.032s
judas_project_application_tests: exit=0, 0.616s
judas_lifecycle_integration_tests: exit=0, 0.064s
judas_asset_integrity_tests: exit=0, 0.064s
judas_coarse_celestial_tests: exit=0, 0.064s
judas_orbital_integrity_tests: exit=0, 0.165s
judas_spacecraft_frame_integration_tests: exit=0, 0.115s
judas_thermal_accounting_tests: exit=0, 0.016s
judas_combustion_integration_tests: exit=0, 0.114s
judas_player_swimming_tests: exit=0, 0.032s
judas_fluid_metadata_tests: exit=0, 0.032s
judas_fluid_hydrostatics_tests: exit=0, 0.265s
judas_production_fluid_tests: exit=0, 68.831s
judas_fluid_container_integration_tests: exit=0, 4.277s
judas_player_fluid_integration_tests: exit=0, 113.105s
judas_fluid_cavity_impact_tests: exit=0, 0.064s
judas_fluid_smoothing_budget_tests: exit=0, 0.016s
judas_fluid_boundary_contact_tests: exit=0, 0.016s
judas_particle_contact_batch_tests: exit=0, 0.032s
judas_render_camera_tests: exit=0, 0.669s
judas_audio_tests: exit=0, 0.617s
judas_input_tests: exit=0, 0.566s
judas_prefab_tests: exit=0, 0.114s
judas_prefab_application_tests: exit=0, 0.666s
judas_visual_particle_tests: exit=0, 0.716s
judas_particle_application_tests: exit=0, 0.816s
judas_export_tests: exit=0, 0.565s
judas_package_application_tests: exit=0, 1.117s
judas_classification_tests: exit=0, 0.666s
judas_script_tests: exit=0, 0.966s
judas_script_application_tests: exit=0, 1.618s
judas_runtime_ui_tests: exit=0, 0.669s
judas_runtime_ui_application_tests: exit=0, 1.568s
judas_touch_event_tests: exit=0, 0.215s
judas_touch_application_tests: exit=0, 0.866s
judas_scene_transition_tests: exit=0, 0.769s
judas_physics_cast_tests: exit=0, 0.165s
judas_physics_cast_application_tests: exit=0, 0.716s
judas_joint_tests: exit=0, 0.064s
judas_joint_authoring_tests: exit=0, 0.064s
judas_joint_application_tests: exit=0, 0.818s
judas_skeletal_animation_tests: exit=0, 0.615s
judas_animation_application_tests: exit=0, 0.666s
judas_pose_composition_tests: exit=0, 0.114s
judas_pose_composition_application_tests: exit=0, 0.766s
judas_ragdoll_tests: exit=0, 0.618s
judas_ragdoll_application_tests: exit=0, 0.766s
judas_fluid_demo_integration_tests: exit=0, 26.883s
judas_character_motor_tests: exit=0, 0.665s
judas_character_motor_application_tests: exit=0, 0.966s
judas_boundary_migration_tests: exit=0, 0.716s
judas_shooter_game_tests: exit=0, 2.475s
judas_shooter_application_tests: exit=0, 1.271s
judas_script_presentation_tests: exit=0, 0.766s
judas_navigation_tests: exit=0, 0.465s
judas_navigation_game_tests: exit=0, 1.367s
judas_liquid_tests: exit=0, 0.716s
judas_liquid_application_tests: exit=0, 3.122s
judas_liquid_surface_tests: exit=0, 1.016s
judas_liquid_surface_application_tests: exit=0, 6.578s
judas_liquid_surface_refill_tests: exit=0, 10.991s
judas_liquid_surface_loop_tests: exit=0, 1.167s
judas_profiler_tests: exit=0, 0.064s
judas_profiler_script_tests: exit=0, 0.465s
judas_profiler_application_tests: exit=0, 14.051s
judas_material_tests: exit=0, 0.565s
judas_material_application_tests: exit=0, 0.866s
judas_text_localization_tests: exit=0, 0.265s
judas_text_render_tests: exit=0, 1.068s
judas_localization_application_tests: exit=0, 2.169s
judas_streaming_tests: exit=0, 0.617s
judas_streaming_application_tests: exit=0, 2.069s
judas_streaming_performance_tests: exit=0, 8.935s
judas_streaming_revisit_tests: exit=0, 8.383s
judas_audio_acoustics_tests: exit=0, 0.616s
judas_audio_world_tests: exit=0, 1.367s
judas_audio_application_tests: exit=0, 1.467s
judas_save_storage_tests: exit=2, 0.032s
judas_world_persistence_tests: exit=0, 0.114s
judas_save_application_tests: exit=0, 1.217s
judas_save_streaming_tests: exit=0, 1.116s
judas_save_performance_tests: exit=0, 3.622s
judas_deformable_tests: exit=0, 0.465s
judas_deformable_performance_tests: exit=0, 0.866s
judas_deformable_application_tests: exit=0, 3.272s
judas_fracture_tests: exit=0, 0.114s
judas_fracture_application_tests: exit=0, 1.869s
judas_fracture_performance_tests: exit=0, 0.817s
judas_collision_geometry_tests: exit=0, 0.967s
judas_collision_application_tests: exit=0, 2.068s
judas_developer_integration_tests: exit=0, 1.668s
judas_developer_application_tests: exit=0, 8.230s
judas_developer_authoring_tests: exit=0, 0.114s
judas_consumer_authoring_tests: exit=0, 0.165s
judas_post_consumer_query_tests: exit=0, 0.016s
judas_post_consumer_metadata_tests: exit=0, 0.870s
judas_post_consumer_ragdoll_tests: exit=0, 64.401s
judas_model_import_tests: exit=1, 10.190s
judas_model_reimport_tests: exit=0, 0.666s
judas_model_runtime_tests: exit=0, 7.279s
judas_model_application_tests: exit=0, 8.234s
editor_async: exit=0, 0.870s
runtime_blocking_reference: exit=0, 0.465s
m31_resource_stress: exit=0, 9.743s
{
  "overall_pass": false,
  "checks": {
    "integration_all_12_cases": true,
    "editor_play_stop_async": true,
    "blocking_reference_three_steps": true,
    "tested_sources_unchanged_during_run": true,
    "protected_paths_unchanged": true
  },
  "seconds": 1576.895907274
}
