JS: SKATER start rails=8 autopilot=false
JS: STREAM t=0.00 street-0 - -> unloaded entities=0 prepMs=0.00 integMs=0.00 largestUnitMs=0.00 skater=(36.60,-18.43,-250.00) v=0.0
JS: STREAM t=0.00 street-1 - -> unloaded entities=0 prepMs=0.00 integMs=0.00 largestUnitMs=0.00 skater=(36.60,-18.43,-250.00) v=0.0
JS: STREAM t=0.00 street-2 - -> unloaded entities=0 prepMs=0.00 integMs=0.00 largestUnitMs=0.00 skater=(36.60,-18.43,-250.00) v=0.0
JS: STREAM t=0.00 street-3 - -> unloaded entities=0 prepMs=0.00 integMs=0.00 largestUnitMs=0.00 skater=(36.60,-18.43,-250.00) v=0.0
JS: STREAM t=0.00 street-4 - -> unloaded entities=0 prepMs=0.00 integMs=0.00 largestUnitMs=0.00 skater=(36.60,-18.43,-250.00) v=0.0
JS: STREAM t=0.00 street-0 unloaded -> prepared entities=11 prepMs=2.00 integMs=0.00 largestUnitMs=0.00 skater=(36.60,-18.45,-250.00) v=0.2
JS: STREAM t=0.00 street-1 unloaded -> prepared entities=9 prepMs=2.17 integMs=0.00 largestUnitMs=0.00 skater=(36.60,-18.45,-250.00) v=0.2
JS: STREAM t=0.00 street-2 unloaded -> prepared entities=9 prepMs=1.53 integMs=0.00 largestUnitMs=0.00 skater=(36.60,-18.45,-250.00) v=0.2
JS: STREAM t=0.00 street-3 unloaded -> prepared entities=11 prepMs=2.64 integMs=0.00 largestUnitMs=0.00 skater=(36.60,-18.45,-250.00) v=0.2
JS: STREAM t=0.00 street-0 prepared -> active entities=11 prepMs=2.00 integMs=0.37 largestUnitMs=0.05 skater=(36.60,-18.53,-250.00) v=0.2
JS: STREAM t=0.00 street-1 prepared -> installing entities=9 prepMs=2.17 integMs=0.02 largestUnitMs=0.01 skater=(36.60,-18.53,-250.00) v=0.2
JS: STREAM t=0.00 street-1 installing -> active entities=9 prepMs=2.17 integMs=0.30 largestUnitMs=0.06 skater=(36.60,-18.54,-250.00) v=0.2
JS: STREAM t=0.00 street-3 prepared -> installing entities=11 prepMs=2.64 integMs=0.06 largestUnitMs=0.02 skater=(36.60,-18.54,-250.00) v=0.2
JS: STREAM t=0.00 street-3 installing -> active entities=11 prepMs=2.64 integMs=0.26 largestUnitMs=0.03 skater=(36.60,-18.56,-250.00) v=0.2
JS: TEL t=0.10 mode=ride g=0 p=(36.60,-18.63,-251.25) v=15.02 vy=-0.82 n=(0.00,1.00,0.00) up=(0.00,1.00,0.00) c=0 drop=0.300 E=-69.94 score=0 combo=0
JS: TEL t=0.20 mode=ride g=0 p=(36.60,-18.77,-252.75) v=15.11 vy=-1.80 n=(0.00,1.00,0.00) up=(0.00,1.00,0.00) c=0 drop=0.300 E=-70.02 score=0 combo=0
JS: TEL t=0.30 mode=ride g=0 p=(36.60,-19.01,-254.25) v=15.26 vy=-2.78 n=(0.00,1.00,0.00) up=(0.00,1.00,0.00) c=0 drop=0.300 E=-70.10 score=0 combo=0
JS: TEL t=0.40 mode=ride g=0 p=(36.60,-19.34,-255.75) v=15.46 vy=-3.76 n=(0.00,1.00,0.00) up=(0.00,1.00,0.00) c=0 drop=0.300 E=-70.18 score=0 combo=0
JS: TEL t=0.50 mode=ride g=0 p=(36.60,-19.78,-257.25) v=15.73 vy=-4.74 n=(0.00,1.00,0.00) up=(0.00,1.00,0.00) c=0 drop=0.300 E=-70.26 score=0 combo=0
JS: TEL t=0.60 mode=ride g=0 p=(36.60,-20.31,-258.75) v=16.05 vy=-5.72 n=(0.00,1.00,0.00) up=(0.00,1.00,0.00) c=0 drop=0.300 E=-70.34 score=0 combo=0
JS: TEL t=0.70 mode=ride g=0 p=(36.60,-20.94,-260.25) v=16.43 vy=-6.70 n=(0.00,1.00,0.00) up=(0.00,1.00,0.00) c=0 drop=0.300 E=-70.42 score=0 combo=0
JS: TEL t=0.80 mode=ride g=0 p=(36.60,-21.66,-261.75) v=16.85 vy=-7.68 n=(0.00,1.00,0.00) up=(0.00,1.00,0.00) c=0 drop=0.300 E=-70.50 score=0 combo=0
JS: TEL t=0.90 mode=ride g=0 p=(36.60,-22.49,-263.25) v=17.32 vy=-8.67 n=(0.00,1.00,0.00) up=(0.00,1.00,0.00) c=0 drop=0.300 E=-70.58 score=0 combo=0
JS: POS t=1.00 p=(36.60,-23.41,-264.75) score=0
JS: TEL t=1.00 mode=ride g=0 p=(36.60,-23.41,-264.75) v=17.83 vy=-9.65 n=(0.00,1.00,0.00) up=(0.00,1.00,0.00) c=0 drop=0.300 E=-70.66 score=0 combo=0
JS: TEL t=1.10 mode=ride g=0 p=(36.60,-24.44,-266.25) v=18.38 vy=-10.63 n=(0.00,1.00,0.00) up=(0.00,1.00,0.00) c=0 drop=0.300 E=-70.74 score=0 combo=0
JS: TEL t=1.20 mode=ride g=0 p=(36.60,-25.56,-267.75) v=18.97 vy=-11.61 n=(0.00,1.00,0.00) up=(0.00,1.00,0.00) c=0 drop=0.300 E=-70.82 score=0 combo=0
JS: TEL t=1.30 mode=ride g=0 p=(36.60,-26.77,-269.25) v=19.58 vy=-12.59 n=(0.00,1.00,0.00) up=(0.00,1.00,0.00) c=0 drop=0.300 E=-70.91 score=0 combo=0
JS: TEL t=1.40 mode=ride g=0 p=(36.60,-28.09,-270.75) v=20.23 vy=-13.57 n=(0.00,1.00,0.00) up=(0.00,1.00,0.00) c=0 drop=0.300 E=-70.99 score=0 combo=0
JS: TEL t=1.50 mode=ride g=0 p=(36.60,-29.50,-272.25) v=20.90 vy=-14.55 n=(0.00,1.00,0.00) up=(0.00,1.00,0.00) c=0 drop=0.300 E=-71.07 score=0 combo=0
JS: STREAM t=1.60 street-4 unloaded -> active entities=10 prepMs=1.33 integMs=0.39 largestUnitMs=0.06 skater=(36.60,-31.02,-273.75) v=21.6
JS: TEL t=1.60 mode=ride g=0 p=(36.60,-31.02,-273.75) v=21.59 vy=-15.53 n=(0.00,1.00,0.00) up=(0.00,1.00,0.00) c=0 drop=0.300 E=-71.15 score=0 combo=0
JS: TEL t=1.70 mode=ride g=0 p=(36.60,-32.63,-275.25) v=22.31 vy=-16.51 n=(0.00,1.00,0.00) up=(0.00,1.00,0.00) c=0 drop=0.300 E=-71.23 score=0 combo=0
JS: TEL t=1.80 mode=ride g=0 p=(36.60,-34.34,-276.75) v=23.04 vy=-17.49 n=(0.00,1.00,0.00) up=(0.00,1.00,0.00) c=0 drop=0.300 E=-71.31 score=0 combo=0
JS: TEL t=1.90 mode=ride g=0 p=(36.60,-36.14,-278.25) v=23.80 vy=-18.48 n=(0.00,1.00,0.00) up=(0.00,1.00,0.00) c=0 drop=0.300 E=-71.39 score=0 combo=0
JS: POS t=2.00 p=(36.60,-38.05,-279.75) score=0
JS: TEL t=2.00 mode=ride g=0 p=(36.60,-38.05,-279.75) v=24.57 vy=-19.46 n=(0.00,1.00,0.00) up=(0.00,1.00,0.00) c=0 drop=0.300 E=-71.47 score=0 combo=0
JS: TEL t=2.10 mode=ride g=0 p=(36.60,-40.05,-281.25) v=25.35 vy=-20.44 n=(0.00,1.00,0.00) up=(0.00,1.00,0.00) c=0 drop=0.300 E=-71.55 score=0 combo=0
JS: TEL t=2.20 mode=ride g=0 p=(36.60,-42.15,-282.75) v=26.15 vy=-21.42 n=(0.00,1.00,0.00) up=(0.00,1.00,0.00) c=0 drop=0.300 E=-71.63 score=0 combo=0
JS: TEL t=2.30 mode=ride g=0 p=(36.60,-44.35,-284.25) v=26.96 vy=-22.40 n=(0.00,1.00,0.00) up=(0.00,1.00,0.00) c=0 drop=0.300 E=-71.71 score=0 combo=0
JS: TEL t=2.40 mode=ride g=0 p=(36.60,-46.65,-285.75) v=27.78 vy=-23.38 n=(0.00,1.00,0.00) up=(0.00,1.00,0.00) c=0 drop=0.300 E=-71.79 score=0 combo=0
JS: TEL t=2.50 mode=ride g=0 p=(36.60,-49.04,-287.25) v=28.61 vy=-24.36 n=(0.00,1.00,0.00) up=(0.00,1.00,0.00) c=0 drop=0.300 E=-71.87 score=0 combo=0
JS: TEL t=2.60 mode=ride g=0 p=(36.60,-51.54,-288.75) v=29.45 vy=-25.34 n=(0.00,1.00,0.00) up=(0.00,1.00,0.00) c=0 drop=0.300 E=-71.95 score=0 combo=0
JS: TEL t=2.70 mode=ride g=0 p=(36.60,-54.13,-290.25) v=30.30 vy=-26.32 n=(0.00,1.00,0.00) up=(0.00,1.00,0.00) c=0 drop=0.300 E=-72.03 score=0 combo=0
JS: TEL t=2.80 mode=ride g=0 p=(36.60,-56.82,-291.75) v=31.15 vy=-27.30 n=(0.00,1.00,0.00) up=(0.00,1.00,0.00) c=0 drop=0.300 E=-72.11 score=0 combo=0
JS: TEL t=2.90 mode=ride g=0 p=(36.60,-59.60,-293.25) v=32.02 vy=-28.29 n=(0.00,1.00,0.00) up=(0.00,1.00,0.00) c=0 drop=0.300 E=-72.19 score=0 combo=0
JS: POS t=3.00 p=(36.60,-62.49,-294.75) score=0
JS: TEL t=3.00 mode=ride g=0 p=(36.60,-62.49,-294.75) v=32.89 vy=-29.27 n=(0.00,1.00,0.00) up=(0.00,1.00,0.00) c=0 drop=0.300 E=-72.27 score=0 combo=0
JS: TEL t=3.10 mode=ride g=0 p=(36.60,-65.47,-296.25) v=33.76 vy=-30.25 n=(0.00,1.00,0.00) up=(0.00,1.00,0.00) c=0 drop=0.300 E=-72.35 score=0 combo=0
JS: TEL t=3.20 mode=ride g=0 p=(36.60,-68.56,-297.75) v=34.64 vy=-31.23 n=(0.00,1.00,0.00) up=(0.00,1.00,0.00) c=0 drop=0.300 E=-72.43 score=0 combo=0
JS: TEL t=3.30 mode=ride g=0 p=(36.60,-71.74,-299.25) v=35.53 vy=-32.21 n=(0.00,1.00,0.00) up=(0.00,1.00,0.00) c=0 drop=0.300 E=-72.51 score=0 combo=0
JS: TEL t=3.40 mode=ride g=0 p=(36.60,-75.01,-300.75) v=36.42 vy=-33.19 n=(0.00,1.00,0.00) up=(0.00,1.00,0.00) c=0 drop=0.300 E=-72.59 score=0 combo=0
JS: STREAM t=3.50 street-0 active -> unloaded entities=11 prepMs=2.00 integMs=1.16 largestUnitMs=0.37 skater=(36.60,-78.39,-302.25) v=37.3
JS: STREAM t=3.50 street-2 prepared -> installing entities=9 prepMs=1.53 integMs=0.07 largestUnitMs=0.04 skater=(36.60,-78.39,-302.25) v=37.3
JS: TEL t=3.50 mode=ride g=0 p=(36.60,-78.39,-302.25) v=37.32 vy=-34.17 n=(0.00,1.00,0.00) up=(0.00,1.00,0.00) c=0 drop=0.300 E=-72.67 score=0 combo=0
JS: STREAM t=3.60 street-2 installing -> active entities=9 prepMs=1.53 integMs=0.23 largestUnitMs=0.04 skater=(36.60,-81.87,-303.75) v=38.2
JS: TEL t=3.60 mode=ride g=0 p=(36.60,-81.87,-303.75) v=38.22 vy=-35.15 n=(0.00,1.00,0.00) up=(0.00,1.00,0.00) c=0 drop=0.300 E=-72.75 score=0 combo=0
JS: TEL t=3.70 mode=ride g=0 p=(36.60,-85.44,-305.25) v=39.12 vy=-36.13 n=(0.00,1.00,0.00) up=(0.00,1.00,0.00) c=0 drop=0.300 E=-72.83 score=0 combo=0
JS: TEL t=3.80 mode=ride g=0 p=(36.60,-89.11,-306.75) v=40.03 vy=-37.11 n=(0.00,1.00,0.00) up=(0.00,1.00,0.00) c=0 drop=0.300 E=-72.91 score=0 combo=0
JS: TEL t=3.90 mode=ride g=0 p=(36.60,-92.88,-308.25) v=40.94 vy=-38.10 n=(0.00,1.00,0.00) up=(0.00,1.00,0.00) c=0 drop=0.300 E=-72.99 score=0 combo=0
JS: POS t=4.00 p=(36.60,-96.74,-309.75) score=0
JS: TEL t=4.00 mode=ride g=0 p=(36.60,-96.74,-309.75) v=41.86 vy=-39.08 n=(0.00,1.00,0.00) up=(0.00,1.00,0.00) c=0 drop=0.300 E=-73.07 score=0 combo=0
JS: TEL t=4.10 mode=ride g=0 p=(36.60,-100.71,-311.25) v=42.77 vy=-40.06 n=(0.00,1.00,0.00) up=(0.00,1.00,0.00) c=0 drop=0.300 E=-73.15 score=0 combo=0
JS: TEL t=4.20 mode=ride g=0 p=(36.60,-104.77,-312.75) v=43.69 vy=-41.04 n=(0.00,1.00,0.00) up=(0.00,1.00,0.00) c=0 drop=0.300 E=-73.23 score=0 combo=0
JS: TEL t=4.30 mode=ride g=0 p=(36.60,-108.93,-314.25) v=44.62 vy=-42.02 n=(0.00,1.00,0.00) up=(0.00,1.00,0.00) c=0 drop=0.300 E=-73.31 score=0 combo=0
JS: TEL t=4.40 mode=ride g=0 p=(36.60,-113.19,-315.75) v=45.54 vy=-43.00 n=(0.00,1.00,0.00) up=(0.00,1.00,0.00) c=0 drop=0.300 E=-73.39 score=0 combo=0
JS: TEL t=4.50 mode=ride g=0 p=(36.60,-117.55,-317.25) v=46.47 vy=-43.98 n=(0.00,1.00,0.00) up=(0.00,1.00,0.00) c=0 drop=0.300 E=-73.47 score=0 combo=0
JS: TEL t=4.60 mode=ride g=0 p=(36.60,-122.00,-318.75) v=47.40 vy=-44.96 n=(0.00,1.00,0.00) up=(0.00,1.00,0.00) c=0 drop=0.300 E=-73.55 score=0 combo=0
JS: TEL t=4.70 mode=ride g=0 p=(36.60,-126.56,-320.25) v=48.33 vy=-45.94 n=(0.00,1.00,0.00) up=(0.00,1.00,0.00) c=0 drop=0.300 E=-73.63 score=0 combo=0
JS: TEL t=4.80 mode=ride g=0 p=(36.60,-131.21,-321.75) v=49.26 vy=-46.92 n=(0.00,1.00,0.00) up=(0.00,1.00,0.00) c=0 drop=0.300 E=-73.71 score=0 combo=0
JS: TEL t=4.90 mode=ride g=0 p=(36.60,-135.96,-323.25) v=50.20 vy=-47.91 n=(0.00,1.00,0.00) up=(0.00,1.00,0.00) c=0 drop=0.300 E=-73.79 score=0 combo=0
JS: POS t=5.00 p=(36.60,-140.81,-324.75) score=0
JS: TEL t=5.00 mode=ride g=0 p=(36.60,-140.81,-324.75) v=51.14 vy=-48.89 n=(0.00,1.00,0.00) up=(0.00,1.00,0.00) c=0 drop=0.300 E=-73.87 score=0 combo=0
JS: TEL t=5.10 mode=ride g=0 p=(36.60,-145.75,-326.25) v=52.07 vy=-49.87 n=(0.00,1.00,0.00) up=(0.00,1.00,0.00) c=0 drop=0.300 E=-73.95 score=0 combo=0
JS: TEL t=5.20 mode=ride g=0 p=(36.60,-150.80,-327.75) v=53.01 vy=-50.85 n=(0.00,1.00,0.00) up=(0.00,1.00,0.00) c=0 drop=0.300 E=-74.03 score=0 combo=0
JS: STREAM t=5.30 street-1 active -> unloaded entities=9 prepMs=2.17 integMs=0.94 largestUnitMs=0.32 skater=(36.60,-155.94,-329.25) v=54.0
JS: TEL t=5.30 mode=ride g=0 p=(36.60,-155.94,-329.25) v=53.96 vy=-51.83 n=(0.00,1.00,0.00) up=(0.00,1.00,0.00) c=0 drop=0.300 E=-74.10 score=0 combo=0
JS: TEL t=5.40 mode=ride g=0 p=(36.60,-161.18,-330.75) v=54.90 vy=-52.81 n=(0.00,1.00,0.00) up=(0.00,1.00,0.00) c=0 drop=0.300 E=-74.18 score=0 combo=0
JS: TEL t=5.50 mode=ride g=0 p=(36.60,-166.52,-332.25) v=55.84 vy=-53.79 n=(0.00,1.00,0.00) up=(0.00,1.00,0.00) c=0 drop=0.300 E=-74.26 score=0 combo=0
JS: TEL t=5.60 mode=ride g=0 p=(36.60,-171.95,-333.75) v=56.79 vy=-54.77 n=(0.00,1.00,0.00) up=(0.00,1.00,0.00) c=0 drop=0.300 E=-74.34 score=0 combo=0
JS: TEL t=5.70 mode=ride g=0 p=(36.60,-177.49,-335.25) v=57.74 vy=-55.75 n=(0.00,1.00,0.00) up=(0.00,1.00,0.00) c=0 drop=0.300 E=-74.42 score=0 combo=0
JS: TEL t=5.80 mode=ride g=0 p=(36.60,-183.12,-336.75) v=58.68 vy=-56.73 n=(0.00,1.00,0.00) up=(0.00,1.00,0.00) c=0 drop=0.300 E=-74.50 score=0 combo=0
JS: TEL t=5.90 mode=ride g=0 p=(36.60,-188.85,-338.25) v=59.63 vy=-57.72 n=(0.00,1.00,0.00) up=(0.00,1.00,0.00) c=0 drop=0.300 E=-74.58 score=0 combo=0
JS: POS t=6.00 p=(36.60,-194.68,-339.75) score=0
JS: STREAM t=6.00 street-2 active -> unloaded entities=9 prepMs=1.53 integMs=1.17 largestUnitMs=0.47 skater=(36.60,-194.68,-339.75) v=60.6
JS: TEL t=6.00 mode=ride g=0 p=(36.60,-194.68,-339.75) v=60.58 vy=-58.70 n=(0.00,1.00,0.00) up=(0.00,1.00,0.00) c=0 drop=0.300 E=-74.66 score=0 combo=0
JS: TEL t=6.10 mode=ride g=0 p=(36.60,-200.61,-341.25) v=61.53 vy=-59.68 n=(0.00,1.00,0.00) up=(0.00,1.00,0.00) c=0 drop=0.300 E=-74.74 score=0 combo=0
JS: STREAM t=6.20 street-3 active -> unloaded entities=11 prepMs=2.64 integMs=1.08 largestUnitMs=0.40 skater=(36.60,-206.63,-342.75) v=62.5
JS: STREAM t=6.20 street-4 active -> unloaded entities=10 prepMs=1.33 integMs=1.24 largestUnitMs=0.63 skater=(36.60,-206.63,-342.75) v=62.5
JS: TEL t=6.20 mode=ride g=0 p=(36.60,-206.63,-342.75) v=62.49 vy=-60.66 n=(0.00,1.00,0.00) up=(0.00,1.00,0.00) c=0 drop=0.300 E=-74.82 score=0 combo=0
JS: TEL t=6.30 mode=ride g=0 p=(36.60,-212.76,-344.25) v=63.44 vy=-61.64 n=(0.00,1.00,0.00) up=(0.00,1.00,0.00) c=0 drop=0.300 E=-74.90 score=0 combo=0
JS: TEL t=6.40 mode=ride g=0 p=(36.60,-218.98,-345.75) v=64.39 vy=-62.62 n=(0.00,1.00,0.00) up=(0.00,1.00,0.00) c=0 drop=0.300 E=-74.98 score=0 combo=0
JS: TEL t=6.50 mode=ride g=0 p=(36.60,-225.30,-347.25) v=65.35 vy=-63.60 n=(0.00,1.00,0.00) up=(0.00,1.00,0.00) c=0 drop=0.300 E=-75.06 score=0 combo=0
JS: TEL t=6.60 mode=ride g=0 p=(36.60,-231.71,-348.75) v=66.30 vy=-64.58 n=(0.00,1.00,0.00) up=(0.00,1.00,0.00) c=0 drop=0.300 E=-75.14 score=0 combo=0
JS: TEL t=6.70 mode=ride g=0 p=(36.60,-238.23,-350.25) v=67.26 vy=-65.56 n=(0.00,1.00,0.00) up=(0.00,1.00,0.00) c=0 drop=0.300 E=-75.22 score=0 combo=0
JS: TEL t=6.80 mode=ride g=0 p=(36.60,-244.84,-351.75) v=68.21 vy=-66.54 n=(0.00,1.00,0.00) up=(0.00,1.00,0.00) c=0 drop=0.300 E=-75.30 score=0 combo=0
JS: TEL t=6.90 mode=ride g=0 p=(36.60,-251.55,-353.25) v=69.17 vy=-67.53 n=(0.00,1.00,0.00) up=(0.00,1.00,0.00) c=0 drop=0.300 E=-75.38 score=0 combo=0
JS: POS t=7.00 p=(36.60,-258.36,-354.75) score=0
JS: TEL t=7.00 mode=ride g=0 p=(36.60,-258.36,-354.75) v=70.13 vy=-68.51 n=(0.00,1.00,0.00) up=(0.00,1.00,0.00) c=0 drop=0.300 E=-75.46 score=0 combo=0
JS: TEL t=7.10 mode=ride g=0 p=(36.60,-265.27,-356.25) v=71.09 vy=-69.49 n=(0.00,1.00,0.00) up=(0.00,1.00,0.00) c=0 drop=0.300 E=-75.55 score=0 combo=0
JS: TEL t=7.20 mode=ride g=0 p=(36.60,-272.28,-357.75) v=72.05 vy=-70.47 n=(0.00,1.00,0.00) up=(0.00,1.00,0.00) c=0 drop=0.300 E=-75.63 score=0 combo=0
JS: TEL t=7.30 mode=ride g=0 p=(36.60,-279.38,-359.25) v=73.01 vy=-71.45 n=(0.00,1.00,0.00) up=(0.00,1.00,0.00) c=0 drop=0.300 E=-75.71 score=0 combo=0
JS: TEL t=7.40 mode=ride g=0 p=(36.60,-286.58,-360.75) v=73.97 vy=-72.43 n=(0.00,1.00,0.00) up=(0.00,1.00,0.00) c=0 drop=0.300 E=-75.79 score=0 combo=0
JS: TEL t=7.50 mode=ride g=0 p=(36.60,-293.88,-362.25) v=74.93 vy=-73.41 n=(0.00,1.00,0.00) up=(0.00,1.00,0.00) c=0 drop=0.300 E=-75.87 score=0 combo=0
JS: TEL t=7.60 mode=ride g=0 p=(36.60,-301.28,-363.75) v=75.89 vy=-74.39 n=(0.00,1.00,0.00) up=(0.00,1.00,0.00) c=0 drop=0.300 E=-75.95 score=0 combo=0
JS: TEL t=7.70 mode=ride g=0 p=(36.60,-308.78,-365.25) v=76.85 vy=-75.37 n=(0.00,1.00,0.00) up=(0.00,1.00,0.00) c=0 drop=0.300 E=-76.03 score=0 combo=0
JS: TEL t=7.80 mode=ride g=0 p=(36.60,-316.37,-366.75) v=77.81 vy=-76.35 n=(0.00,1.00,0.00) up=(0.00,1.00,0.00) c=0 drop=0.300 E=-76.11 score=0 combo=0
JS: TEL t=7.90 mode=ride g=0 p=(36.60,-324.07,-368.25) v=78.78 vy=-77.34 n=(0.00,1.00,0.00) up=(0.00,1.00,0.00) c=0 drop=0.300 E=-76.19 score=0 combo=0
JS: POS t=8.00 p=(36.60,-331.86,-369.75) score=0
JS: TEL t=8.00 mode=ride g=0 p=(36.60,-331.86,-369.75) v=79.74 vy=-78.32 n=(0.00,1.00,0.00) up=(0.00,1.00,0.00) c=0 drop=0.300 E=-76.28 score=0 combo=0
JS: TEL t=8.10 mode=ride g=0 p=(36.60,-339.75,-371.25) v=80.70 vy=-79.30 n=(0.00,1.00,0.00) up=(0.00,1.00,0.00) c=0 drop=0.300 E=-76.36 score=0 combo=0
JS: TEL t=8.20 mode=ride g=0 p=(36.60,-347.73,-372.75) v=81.67 vy=-80.28 n=(0.00,1.00,0.00) up=(0.00,1.00,0.00) c=0 drop=0.300 E=-76.44 score=0 combo=0
JS: TEL t=8.30 mode=ride g=0 p=(36.60,-355.82,-374.25) v=82.63 vy=-81.26 n=(0.00,1.00,0.00) up=(0.00,1.00,0.00) c=0 drop=0.300 E=-76.52 score=0 combo=0
JS: TEL t=8.40 mode=ride g=0 p=(36.60,-364.00,-375.75) v=83.60 vy=-82.24 n=(0.00,1.00,0.00) up=(0.00,1.00,0.00) c=0 drop=0.300 E=-76.60 score=0 combo=0
JS: TEL t=8.50 mode=ride g=0 p=(36.60,-372.28,-377.25) v=84.56 vy=-83.22 n=(0.00,1.00,0.00) up=(0.00,1.00,0.00) c=0 drop=0.300 E=-76.68 score=0 combo=0
JS: TEL t=8.60 mode=ride g=0 p=(36.60,-380.66,-378.75) v=85.53 vy=-84.20 n=(0.00,1.00,0.00) up=(0.00,1.00,0.00) c=0 drop=0.300 E=-76.76 score=0 combo=0
JS: TEL t=8.70 mode=ride g=0 p=(36.60,-389.14,-380.25) v=86.49 vy=-85.18 n=(0.00,1.00,0.00) up=(0.00,1.00,0.00) c=0 drop=0.300 E=-76.84 score=0 combo=0
JS: TEL t=8.80 mode=ride g=0 p=(36.60,-397.72,-381.75) v=87.46 vy=-86.16 n=(0.00,1.00,0.00) up=(0.00,1.00,0.00) c=0 drop=0.300 E=-76.92 score=0 combo=0
JS: TEL t=8.90 mode=ride g=0 p=(36.60,-406.39,-383.25) v=88.43 vy=-87.15 n=(0.00,1.00,0.00) up=(0.00,1.00,0.00) c=0 drop=0.300 E=-77.01 score=0 combo=0
JS: POS t=9.00 p=(36.60,-415.16,-384.75) score=0
JS: TEL t=9.00 mode=ride g=0 p=(36.60,-415.16,-384.75) v=89.39 vy=-88.13 n=(0.00,1.00,0.00) up=(0.00,1.00,0.00) c=0 drop=0.300 E=-77.09 score=0 combo=0
JS: TEL t=9.10 mode=ride g=0 p=(36.60,-424.03,-386.25) v=90.36 vy=-89.11 n=(0.00,1.00,0.00) up=(0.00,1.00,0.00) c=0 drop=0.300 E=-77.17 score=0 combo=0
JS: TEL t=9.20 mode=ride g=0 p=(36.60,-433.00,-387.75) v=91.33 vy=-90.09 n=(0.00,1.00,0.00) up=(0.00,1.00,0.00) c=0 drop=0.300 E=-77.25 score=0 combo=0
JS: TEL t=9.30 mode=ride g=0 p=(36.60,-442.06,-389.25) v=92.30 vy=-91.07 n=(0.00,1.00,0.00) up=(0.00,1.00,0.00) c=0 drop=0.300 E=-77.33 score=0 combo=0
JS: TEL t=9.40 mode=ride g=0 p=(36.60,-451.23,-390.75) v=93.26 vy=-92.05 n=(0.00,1.00,0.00) up=(0.00,1.00,0.00) c=0 drop=0.300 E=-77.41 score=0 combo=0
JS: TEL t=9.50 mode=ride g=0 p=(36.60,-460.49,-392.25) v=94.23 vy=-93.03 n=(0.00,1.00,0.00) up=(0.00,1.00,0.00) c=0 drop=0.300 E=-77.49 score=0 combo=0
JS: TEL t=9.60 mode=ride g=0 p=(36.60,-469.85,-393.75) v=95.20 vy=-94.01 n=(0.00,1.00,0.00) up=(0.00,1.00,0.00) c=0 drop=0.300 E=-77.58 score=0 combo=0
JS: TEL t=9.70 mode=ride g=0 p=(36.60,-479.31,-395.25) v=96.17 vy=-94.99 n=(0.00,1.00,0.00) up=(0.00,1.00,0.00) c=0 drop=0.300 E=-77.66 score=0 combo=0
JS: TEL t=9.80 mode=ride g=0 p=(36.60,-488.87,-396.75) v=97.14 vy=-95.97 n=(0.00,1.00,0.00) up=(0.00,1.00,0.00) c=0 drop=0.300 E=-77.74 score=0 combo=0
JS: TEL t=9.90 mode=ride g=0 p=(36.60,-498.52,-398.25) v=98.11 vy=-96.96 n=(0.00,1.00,0.00) up=(0.00,1.00,0.00) c=0 drop=0.300 E=-77.82 score=0 combo=0
JS: POS t=10.00 p=(36.60,-508.27,-399.75) score=0
JS: TEL t=10.00 mode=ride g=0 p=(36.60,-508.27,-399.75) v=99.08 vy=-97.94 n=(0.00,1.00,0.00) up=(0.00,1.00,0.00) c=0 drop=0.300 E=-77.90 score=0 combo=0
JS: TEL t=10.10 mode=ride g=0 p=(36.60,-518.12,-401.25) v=100.05 vy=-98.92 n=(0.00,1.00,0.00) up=(0.00,1.00,0.00) c=0 drop=0.300 E=-77.98 score=0 combo=0
JS: TEL t=10.20 mode=ride g=0 p=(36.60,-528.07,-402.75) v=101.02 vy=-99.90 n=(0.00,1.00,0.00) up=(0.00,1.00,0.00) c=0 drop=0.300 E=-78.06 score=0 combo=0
JS: TEL t=10.30 mode=ride g=0 p=(36.60,-538.12,-404.25) v=101.99 vy=-100.88 n=(0.00,1.00,0.00) up=(0.00,1.00,0.00) c=0 drop=0.300 E=-78.15 score=0 combo=0
JS: TEL t=10.40 mode=ride g=0 p=(36.60,-548.27,-405.75) v=102.96 vy=-101.86 n=(0.00,1.00,0.00) up=(0.00,1.00,0.00) c=0 drop=0.300 E=-78.23 score=0 combo=0
JS: TEL t=10.50 mode=ride g=0 p=(36.60,-558.51,-407.25) v=103.93 vy=-102.84 n=(0.00,1.00,0.00) up=(0.00,1.00,0.00) c=0 drop=0.300 E=-78.31 score=0 combo=0
JS: TEL t=10.60 mode=ride g=0 p=(36.60,-568.85,-408.75) v=104.90 vy=-103.82 n=(0.00,1.00,0.00) up=(0.00,1.00,0.00) c=0 drop=0.300 E=-78.39 score=0 combo=0
JS: TEL t=10.70 mode=ride g=0 p=(36.60,-579.29,-410.25) v=105.87 vy=-104.80 n=(0.00,1.00,0.00) up=(0.00,1.00,0.00) c=0 drop=0.300 E=-78.47 score=0 combo=0
JS: TEL t=10.80 mode=ride g=0 p=(36.60,-589.83,-411.75) v=106.84 vy=-105.78 n=(0.00,1.00,0.00) up=(0.00,1.00,0.00) c=0 drop=0.300 E=-78.55 score=0 combo=0
JS: TEL t=10.90 mode=ride g=0 p=(36.60,-600.46,-413.25) v=107.81 vy=-106.77 n=(0.00,1.00,0.00) up=(0.00,1.00,0.00) c=0 drop=0.300 E=-78.63 score=0 combo=0
JS: POS t=11.00 p=(36.60,-611.20,-414.75) score=0
JS: TEL t=11.00 mode=ride g=0 p=(36.60,-611.20,-414.75) v=108.79 vy=-107.75 n=(0.00,1.00,0.00) up=(0.00,1.00,0.00) c=0 drop=0.300 E=-78.72 score=0 combo=0
Consumer observation frames=720 scriptErrors=0
Renderer fragment texture units: 32 (material path uses 12)
World state: legacy .judasstate (F6/F7) saves disabled for additive compositions; save slots remain available
Project: Judas Three Games (/tmp/judas-post-m65-4ync0yz2/project/post_m65_consumers.judasproj)
Scene: Judas Skate Park (/tmp/judas-post-m65-4ync0yz2/project/Scenes/skate/park.judas)
World origin (m): 0.000, 0.000, 0.000
asset 97c3acdb99c5ffefb002c03ecec7a8ed: Optional extension ignored: KHR_materials_specular
