Renderer fragment texture units: 32 (material path uses 12)
World state: legacy .judasstate (F6/F7) saves disabled for additive compositions; save slots remain available
Project: Signals Lab (/tmp/judas-m73-signals-moved/game.judasproj)
Scene: Signals Lab (/tmp/judas-m73-signals-moved/Scenes/lab.judas)
World origin (m): 0.000, 0.000, 0.000
step,time,posX,posY,posZ,upX,upY,upZ,grounded,velX,velY,velZ,gravX,gravY,gravZ,controlled,frame,steps,paused
0,0.00000,0.000000,4.355978,12.274290,0.000000,0.920032,-0.391843,0,0.000000,0.000000,0.000000,0.000000,0.000000,0.000000,0,0,1,0
1,0.01667,0.000000,4.355978,12.274290,0.000000,0.920032,-0.391843,0,0.000000,0.000000,0.000000,0.000000,0.000000,0.000000,0,1,1,0
2,0.03333,0.000000,4.355978,12.274290,0.000000,0.920032,-0.391843,0,0.000000,0.000000,0.000000,0.000000,0.000000,0.000000,0,2,1,0
3,0.05000,0.000000,4.355978,12.274290,0.000000,0.920032,-0.391843,0,0.000000,0.000000,0.000000,0.000000,0.000000,0.000000,0,3,1,0
4,0.06667,0.000000,4.355978,12.274290,0.000000,0.920032,-0.391843,0,0.000000,0.000000,0.000000,0.000000,0.000000,0.000000,0,4,1,0
5,0.08333,0.000000,4.355978,12.274290,0.000000,0.920032,-0.391843,0,0.000000,0.000000,0.000000,0.000000,0.000000,0.000000,0,5,1,0
6,0.10000,0.000000,4.355978,12.274290,0.000000,0.920032,-0.391843,0,0.000000,0.000000,0.000000,0.000000,0.000000,0.000000,0,6,1,0
7,0.11667,0.000000,4.355978,12.274290,0.000000,0.920032,-0.391843,0,0.000000,0.000000,0.000000,0.000000,0.000000,0.000000,0,7,1,0
8,0.13333,0.000000,4.355978,12.274290,0.000000,0.920032,-0.391843,0,0.000000,0.000000,0.000000,0.000000,0.000000,0.000000,0,8,1,0
9,0.15000,0.000000,4.355978,12.274290,0.000000,0.920032,-0.391843,0,0.000000,0.000000,0.000000,0.000000,0.000000,0.000000,0,9,1,0
10,0.16667,0.000000,4.355978,12.274290,0.000000,0.920032,-0.391843,0,0.000000,0.000000,0.000000,0.000000,0.000000,0.000000,0,10,1,0
11,0.18333,0.000000,4.355978,12.274290,0.000000,0.920032,-0.391843,0,0.000000,0.000000,0.000000,0.000000,0.000000,0.000000,0,11,1,0
12,0.20000,0.000000,4.355978,12.274290,0.000000,0.920032,-0.391843,0,0.000000,0.000000,0.000000,0.000000,0.000000,0.000000,0,12,1,0
13,0.21667,0.000000,4.355978,12.274290,0.000000,0.920032,-0.391843,0,0.000000,0.000000,0.000000,0.000000,0.000000,0.000000,0,13,1,0
14,0.23333,0.000000,4.355978,12.274290,0.000000,0.920032,-0.391843,0,0.000000,0.000000,0.000000,0.000000,0.000000,0.000000,0,14,1,0
15,0.25000,0.000000,4.355978,12.274290,0.000000,0.920032,-0.391843,0,0.000000,0.000000,0.000000,0.000000,0.000000,0.000000,0,15,1,0
16,0.26667,0.000000,4.355978,12.274290,0.000000,0.920032,-0.391843,0,0.000000,0.000000,0.000000,0.000000,0.000000,0.000000,0,16,1,0
17,0.28333,0.000000,4.355978,12.274290,0.000000,0.920032,-0.391843,0,0.000000,0.000000,0.000000,0.000000,0.000000,0.000000,0,17,1,0
18,0.30000,0.000000,4.355978,12.274290,0.000000,0.920032,-0.391843,0,0.000000,0.000000,0.000000,0.000000,0.000000,0.000000,0,18,1,0
19,0.31667,0.000000,4.355978,12.274290,0.000000,0.920032,-0.391843,0,0.000000,0.000000,0.000000,0.000000,0.000000,0.000000,0,19,1,0
20,0.33333,0.000000,4.355978,12.274290,0.000000,0.920032,-0.391843,0,0.000000,0.000000,0.000000,0.000000,0.000000,0.000000,0,20,1,0
21,0.35000,0.000000,4.355978,12.274290,0.000000,0.920032,-0.391843,0,0.000000,0.000000,0.000000,0.000000,0.000000,0.000000,0,21,1,0
22,0.36667,0.000000,4.355978,12.274290,0.000000,0.920032,-0.391843,0,0.000000,0.000000,0.000000,0.000000,0.000000,0.000000,0,22,1,0
23,0.38333,0.000000,4.355978,12.274290,0.000000,0.920032,-0.391843,0,0.000000,0.000000,0.000000,0.000000,0.000000,0.000000,0,23,1,0
24,0.40000,0.000000,4.355978,12.274290,0.000000,0.920032,-0.391843,0,0.000000,0.000000,0.000000,0.000000,0.000000,0.000000,0,24,1,0
[TestHarness] Wrote screenshot: /home/conner/Documents/GitHub/Project-Judas/.cache/m73/lab-playing.png
25,0.41667,0.000000,4.355978,12.274290,0.000000,0.920032,-0.391843,0,0.000000,0.000000,0.000000,0.000000,0.000000,0.000000,0,25,1,0
26,0.43333,0.000000,4.355978,12.274290,0.000000,0.920032,-0.391843,0,0.000000,0.000000,0.000000,0.000000,0.000000,0.000000,0,26,1,0
27,0.45000,0.000000,4.355978,12.274290,0.000000,0.920032,-0.391843,0,0.000000,0.000000,0.000000,0.000000,0.000000,0.000000,0,27,1,0
28,0.46667,0.000000,4.355978,12.274290,0.000000,0.920032,-0.391843,0,0.000000,0.000000,0.000000,0.000000,0.000000,0.000000,0,28,1,0
29,0.48333,0.000000,4.355978,12.274290,0.000000,0.920032,-0.391843,0,0.000000,0.000000,0.000000,0.000000,0.000000,0.000000,0,29,1,0
30,0.50000,0.000000,4.355978,12.274290,0.000000,0.920032,-0.391843,0,0.000000,0.000000,0.000000,0.000000,0.000000,0.000000,0,30,0,1
31,0.51667,0.000000,4.355978,12.274290,0.000000,0.920032,-0.391843,0,0.000000,0.000000,0.000000,0.000000,0.000000,0.000000,0,31,0,1
32,0.53333,0.000000,4.355978,12.274290,0.000000,0.920032,-0.391843,0,0.000000,0.000000,0.000000,0.000000,0.000000,0.000000,0,32,0,1
33,0.55000,0.000000,4.355978,12.274290,0.000000,0.920032,-0.391843,0,0.000000,0.000000,0.000000,0.000000,0.000000,0.000000,0,33,0,1
34,0.56667,0.000000,4.355978,12.274290,0.000000,0.920032,-0.391843,0,0.000000,0.000000,0.000000,0.000000,0.000000,0.000000,0,34,0,1
35,0.58333,0.000000,4.355978,12.274290,0.000000,0.920032,-0.391843,0,0.000000,0.000000,0.000000,0.000000,0.000000,0.000000,0,35,0,1
36,0.60000,0.000000,4.355978,12.274290,0.000000,0.920032,-0.391843,0,0.000000,0.000000,0.000000,0.000000,0.000000,0.000000,0,36,0,1
37,0.61667,0.000000,4.355978,12.274290,0.000000,0.920032,-0.391843,0,0.000000,0.000000,0.000000,0.000000,0.000000,0.000000,0,37,0,1
38,0.63333,0.000000,4.355978,12.274290,0.000000,0.920032,-0.391843,0,0.000000,0.000000,0.000000,0.000000,0.000000,0.000000,0,38,0,1
39,0.65000,0.000000,4.355978,12.274290,0.000000,0.920032,-0.391843,0,0.000000,0.000000,0.000000,0.000000,0.000000,0.000000,0,39,0,1
40,0.66667,0.000000,4.355978,12.274290,0.000000,0.920032,-0.391843,0,0.000000,0.000000,0.000000,0.000000,0.000000,0.000000,0,40,0,1
41,0.68333,0.000000,4.355978,12.274290,0.000000,0.920032,-0.391843,0,0.000000,0.000000,0.000000,0.000000,0.000000,0.000000,0,41,0,1
42,0.70000,0.000000,4.355978,12.274290,0.000000,0.920032,-0.391843,0,0.000000,0.000000,0.000000,0.000000,0.000000,0.000000,0,42,0,1
43,0.71667,0.000000,4.355978,12.274290,0.000000,0.920032,-0.391843,0,0.000000,0.000000,0.000000,0.000000,0.000000,0.000000,0,43,0,1
44,0.73333,0.000000,4.355978,12.274290,0.000000,0.920032,-0.391843,0,0.000000,0.000000,0.000000,0.000000,0.000000,0.000000,0,44,0,1
45,0.75000,0.000000,4.355978,12.274290,0.000000,0.920032,-0.391843,0,0.000000,0.000000,0.000000,0.000000,0.000000,0.000000,0,45,0,1
46,0.76667,0.000000,4.355978,12.274290,0.000000,0.920032,-0.391843,0,0.000000,0.000000,0.000000,0.000000,0.000000,0.000000,0,46,0,1
47,0.78333,0.000000,4.355978,12.274290,0.000000,0.920032,-0.391843,0,0.000000,0.000000,0.000000,0.000000,0.000000,0.000000,0,47,0,1
48,0.80000,0.000000,4.355978,12.274290,0.000000,0.920032,-0.391843,0,0.000000,0.000000,0.000000,0.000000,0.000000,0.000000,0,48,0,1
49,0.81667,0.000000,4.355978,12.274290,0.000000,0.920032,-0.391843,0,0.000000,0.000000,0.000000,0.000000,0.000000,0.000000,0,49,0,1
[TestHarness] Wrote screenshot: /home/conner/Documents/GitHub/Project-Judas/.cache/m73/lab-paused.png
50,0.83333,0.000000,4.355978,12.274290,0.000000,0.920032,-0.391843,0,0.000000,0.000000,0.000000,0.000000,0.000000,0.000000,0,50,0,1
51,0.85000,0.000000,4.355978,12.274290,0.000000,0.920032,-0.391843,0,0.000000,0.000000,0.000000,0.000000,0.000000,0.000000,0,51,0,1
52,0.86667,0.000000,4.355978,12.274290,0.000000,0.920032,-0.391843,0,0.000000,0.000000,0.000000,0.000000,0.000000,0.000000,0,52,0,1
53,0.88333,0.000000,4.355978,12.274290,0.000000,0.920032,-0.391843,0,0.000000,0.000000,0.000000,0.000000,0.000000,0.000000,0,53,0,1
54,0.90000,0.000000,4.355978,12.274290,0.000000,0.920032,-0.391843,0,0.000000,0.000000,0.000000,0.000000,0.000000,0.000000,0,54,0,1
55,0.91667,0.000000,4.355978,12.274290,0.000000,0.920032,-0.391843,0,0.000000,0.000000,0.000000,0.000000,0.000000,0.000000,0,55,0,1
56,0.93333,0.000000,4.355978,12.274290,0.000000,0.920032,-0.391843,0,0.000000,0.000000,0.000000,0.000000,0.000000,0.000000,0,56,0,1
57,0.95000,0.000000,4.355978,12.274290,0.000000,0.920032,-0.391843,0,0.000000,0.000000,0.000000,0.000000,0.000000,0.000000,0,57,0,1
58,0.96667,0.000000,4.355978,12.274290,0.000000,0.920032,-0.391843,0,0.000000,0.000000,0.000000,0.000000,0.000000,0.000000,0,58,0,1
59,0.98333,0.000000,4.355978,12.274290,0.000000,0.920032,-0.391843,0,0.000000,0.000000,0.000000,0.000000,0.000000,0.000000,0,59,0,1
60,1.00000,0.000000,4.355978,12.274290,0.000000,0.920032,-0.391843,0,0.000000,0.000000,0.000000,0.000000,0.000000,0.000000,0,60,1,0
61,1.01667,0.000000,4.355978,12.274290,0.000000,0.920032,-0.391843,0,0.000000,0.000000,0.000000,0.000000,0.000000,0.000000,0,61,1,0
62,1.03333,0.000000,4.355978,12.274290,0.000000,0.920032,-0.391843,0,0.000000,0.000000,0.000000,0.000000,0.000000,0.000000,0,62,1,0
63,1.05000,0.000000,4.355978,12.274290,0.000000,0.920032,-0.391843,0,0.000000,0.000000,0.000000,0.000000,0.000000,0.000000,0,63,1,0
64,1.06667,0.000000,4.355978,12.274290,0.000000,0.920032,-0.391843,0,0.000000,0.000000,0.000000,0.000000,0.000000,0.000000,0,64,1,0
65,1.08333,0.000000,4.355978,12.274290,0.000000,0.920032,-0.391843,0,0.000000,0.000000,0.000000,0.000000,0.000000,0.000000,0,65,1,0
66,1.10000,0.000000,4.355978,12.274290,0.000000,0.920032,-0.391843,0,0.000000,0.000000,0.000000,0.000000,0.000000,0.000000,0,66,1,0
67,1.11667,0.000000,4.355978,12.274290,0.000000,0.920032,-0.391843,0,0.000000,0.000000,0.000000,0.000000,0.000000,0.000000,0,67,1,0
68,1.13333,0.000000,4.355978,12.274290,0.000000,0.920032,-0.391843,0,0.000000,0.000000,0.000000,0.000000,0.000000,0.000000,0,68,1,0
69,1.15000,0.000000,4.355978,12.274290,0.000000,0.920032,-0.391843,0,0.000000,0.000000,0.000000,0.000000,0.000000,0.000000,0,69,1,0
70,1.16667,0.000000,4.355978,12.274290,0.000000,0.920032,-0.391843,0,0.000000,0.000000,0.000000,0.000000,0.000000,0.000000,0,70,1,0
71,1.18333,0.000000,4.355978,12.274290,0.000000,0.920032,-0.391843,0,0.000000,0.000000,0.000000,0.000000,0.000000,0.000000,0,71,1,0
72,1.20000,0.000000,4.355978,12.274290,0.000000,0.920032,-0.391843,0,0.000000,0.000000,0.000000,0.000000,0.000000,0.000000,0,72,1,0
73,1.21667,0.000000,4.355978,12.274290,0.000000,0.920032,-0.391843,0,0.000000,0.000000,0.000000,0.000000,0.000000,0.000000,0,73,1,0
74,1.23333,0.000000,4.355978,12.274290,0.000000,0.920032,-0.391843,0,0.000000,0.000000,0.000000,0.000000,0.000000,0.000000,0,74,1,0
75,1.25000,0.000000,4.355978,12.274290,0.000000,0.920032,-0.391843,0,0.000000,0.000000,0.000000,0.000000,0.000000,0.000000,0,75,1,0
76,1.26667,0.000000,4.355978,12.274290,0.000000,0.920032,-0.391843,0,0.000000,0.000000,0.000000,0.000000,0.000000,0.000000,0,76,1,0
77,1.28333,0.000000,4.355978,12.274290,0.000000,0.920032,-0.391843,0,0.000000,0.000000,0.000000,0.000000,0.000000,0.000000,0,77,1,0
78,1.30000,0.000000,4.355978,12.274290,0.000000,0.920032,-0.391843,0,0.000000,0.000000,0.000000,0.000000,0.000000,0.000000,0,78,1,0
79,1.31667,0.000000,4.355978,12.274290,0.000000,0.920032,-0.391843,0,0.000000,0.000000,0.000000,0.000000,0.000000,0.000000,0,79,1,0
80,1.33333,0.000000,4.355978,12.274290,0.000000,0.920032,-0.391843,0,0.000000,0.000000,0.000000,0.000000,0.000000,0.000000,0,80,1,0
81,1.35000,0.000000,4.355978,12.274290,0.000000,0.920032,-0.391843,0,0.000000,0.000000,0.000000,0.000000,0.000000,0.000000,0,81,1,0
82,1.36667,0.000000,4.355978,12.274290,0.000000,0.920032,-0.391843,0,0.000000,0.000000,0.000000,0.000000,0.000000,0.000000,0,82,1,0
83,1.38333,0.000000,4.355978,12.274290,0.000000,0.920032,-0.391843,0,0.000000,0.000000,0.000000,0.000000,0.000000,0.000000,0,83,1,0
84,1.40000,0.000000,4.355978,12.274290,0.000000,0.920032,-0.391843,0,0.000000,0.000000,0.000000,0.000000,0.000000,0.000000,0,84,1,0
85,1.41667,0.000000,4.355978,12.274290,0.000000,0.920032,-0.391843,0,0.000000,0.000000,0.000000,0.000000,0.000000,0.000000,0,85,1,0
86,1.43333,0.000000,4.355978,12.274290,0.000000,0.920032,-0.391843,0,0.000000,0.000000,0.000000,0.000000,0.000000,0.000000,0,86,1,0
87,1.45000,0.000000,4.355978,12.274290,0.000000,0.920032,-0.391843,0,0.000000,0.000000,0.000000,0.000000,0.000000,0.000000,0,87,1,0
88,1.46667,0.000000,4.355978,12.274290,0.000000,0.920032,-0.391843,0,0.000000,0.000000,0.000000,0.000000,0.000000,0.000000,0,88,1,0
89,1.48333,0.000000,4.355978,12.274290,0.000000,0.920032,-0.391843,0,0.000000,0.000000,0.000000,0.000000,0.000000,0.000000,0,89,1,0
90,1.50000,0.000000,4.355978,12.274290,0.000000,0.920032,-0.391843,0,0.000000,0.000000,0.000000,0.000000,0.000000,0.000000,0,90,1,0
91,1.51667,0.000000,4.355978,12.274290,0.000000,0.920032,-0.391843,0,0.000000,0.000000,0.000000,0.000000,0.000000,0.000000,0,91,1,0
92,1.53333,0.000000,4.355978,12.274290,0.000000,0.920032,-0.391843,0,0.000000,0.000000,0.000000,0.000000,0.000000,0.000000,0,92,1,0
93,1.55000,0.000000,4.355978,12.274290,0.000000,0.920032,-0.391843,0,0.000000,0.000000,0.000000,0.000000,0.000000,0.000000,0,93,1,0
94,1.56667,0.000000,4.355978,12.274290,0.000000,0.920032,-0.391843,0,0.000000,0.000000,0.000000,0.000000,0.000000,0.000000,0,94,1,0
95,1.58333,0.000000,4.355978,12.274290,0.000000,0.920032,-0.391843,0,0.000000,0.000000,0.000000,0.000000,0.000000,0.000000,0,95,1,0
96,1.60000,0.000000,4.355978,12.274290,0.000000,0.920032,-0.391843,0,0.000000,0.000000,0.000000,0.000000,0.000000,0.000000,0,96,1,0
97,1.61667,0.000000,4.355978,12.274290,0.000000,0.920032,-0.391843,0,0.000000,0.000000,0.000000,0.000000,0.000000,0.000000,0,97,1,0
98,1.63333,0.000000,4.355978,12.274290,0.000000,0.920032,-0.391843,0,0.000000,0.000000,0.000000,0.000000,0.000000,0.000000,0,98,1,0
99,1.65000,0.000000,4.355978,12.274290,0.000000,0.920032,-0.391843,0,0.000000,0.000000,0.000000,0.000000,0.000000,0.000000,0,99,1,0
100,1.66667,0.000000,4.355978,12.274290,0.000000,0.920032,-0.391843,0,0.000000,0.000000,0.000000,0.000000,0.000000,0.000000,0,100,1,0
101,1.68333,0.000000,4.355978,12.274290,0.000000,0.920032,-0.391843,0,0.000000,0.000000,0.000000,0.000000,0.000000,0.000000,0,101,1,0
102,1.70000,0.000000,4.355978,12.274290,0.000000,0.920032,-0.391843,0,0.000000,0.000000,0.000000,0.000000,0.000000,0.000000,0,102,1,0
103,1.71667,0.000000,4.355978,12.274290,0.000000,0.920032,-0.391843,0,0.000000,0.000000,0.000000,0.000000,0.000000,0.000000,0,103,1,0
104,1.73333,0.000000,4.355978,12.274290,0.000000,0.920032,-0.391843,0,0.000000,0.000000,0.000000,0.000000,0.000000,0.000000,0,104,1,0
105,1.75000,0.000000,4.355978,12.274290,0.000000,0.920032,-0.391843,0,0.000000,0.000000,0.000000,0.000000,0.000000,0.000000,0,105,1,0
106,1.76667,0.000000,4.355978,12.274290,0.000000,0.920032,-0.391843,0,0.000000,0.000000,0.000000,0.000000,0.000000,0.000000,0,106,1,0
107,1.78333,0.000000,4.355978,12.274290,0.000000,0.920032,-0.391843,0,0.000000,0.000000,0.000000,0.000000,0.000000,0.000000,0,107,1,0
108,1.80000,0.000000,4.355978,12.274290,0.000000,0.920032,-0.391843,0,0.000000,0.000000,0.000000,0.000000,0.000000,0.000000,0,108,1,0
109,1.81667,0.000000,4.355978,12.274290,0.000000,0.920032,-0.391843,0,0.000000,0.000000,0.000000,0.000000,0.000000,0.000000,0,109,1,0
110,1.83333,0.000000,4.355978,12.274290,0.000000,0.920032,-0.391843,0,0.000000,0.000000,0.000000,0.000000,0.000000,0.000000,0,110,1,0
111,1.85000,0.000000,4.355978,12.274290,0.000000,0.920032,-0.391843,0,0.000000,0.000000,0.000000,0.000000,0.000000,0.000000,0,111,1,0
112,1.86667,0.000000,4.355978,12.274290,0.000000,0.920032,-0.391843,0,0.000000,0.000000,0.000000,0.000000,0.000000,0.000000,0,112,1,0
113,1.88333,0.000000,4.355978,12.274290,0.000000,0.920032,-0.391843,0,0.000000,0.000000,0.000000,0.000000,0.000000,0.000000,0,113,1,0
114,1.90000,0.000000,4.355978,12.274290,0.000000,0.920032,-0.391843,0,0.000000,0.000000,0.000000,0.000000,0.000000,0.000000,0,114,1,0
115,1.91667,0.000000,4.355978,12.274290,0.000000,0.920032,-0.391843,0,0.000000,0.000000,0.000000,0.000000,0.000000,0.000000,0,115,1,0
116,1.93333,0.000000,4.355978,12.274290,0.000000,0.920032,-0.391843,0,0.000000,0.000000,0.000000,0.000000,0.000000,0.000000,0,116,1,0
117,1.95000,0.000000,4.355978,12.274290,0.000000,0.920032,-0.391843,0,0.000000,0.000000,0.000000,0.000000,0.000000,0.000000,0,117,1,0
118,1.96667,0.000000,4.355978,12.274290,0.000000,0.920032,-0.391843,0,0.000000,0.000000,0.000000,0.000000,0.000000,0.000000,0,118,1,0
119,1.98333,0.000000,4.355978,12.274290,0.000000,0.920032,-0.391843,0,0.000000,0.000000,0.000000,0.000000,0.000000,0.000000,0,119,1,0
120,2.00000,0.000000,0.000000,0.000000,0.000000,1.000000,0.000000,0,0.000000,0.000000,0.000000,0.000000,0.000000,0.000000,0,120,1,0
121,2.01667,0.000000,4.355978,12.274290,0.000000,0.920032,-0.391843,0,0.000000,0.000000,0.000000,0.000000,0.000000,0.000000,0,121,1,0
122,2.03333,0.000000,4.355978,12.274290,0.000000,0.920032,-0.391843,0,0.000000,0.000000,0.000000,0.000000,0.000000,0.000000,0,122,1,0
123,2.05000,0.000000,4.355978,12.274290,0.000000,0.920032,-0.391843,0,0.000000,0.000000,0.000000,0.000000,0.000000,0.000000,0,123,1,0
124,2.06667,0.000000,4.355978,12.274290,0.000000,0.920032,-0.391843,0,0.000000,0.000000,0.000000,0.000000,0.000000,0.000000,0,124,1,0
125,2.08333,0.000000,4.355978,12.274290,0.000000,0.920032,-0.391843,0,0.000000,0.000000,0.000000,0.000000,0.000000,0.000000,0,125,1,0
126,2.10000,0.000000,4.355978,12.274290,0.000000,0.920032,-0.391843,0,0.000000,0.000000,0.000000,0.000000,0.000000,0.000000,0,126,1,0
127,2.11667,0.000000,4.355978,12.274290,0.000000,0.920032,-0.391843,0,0.000000,0.000000,0.000000,0.000000,0.000000,0.000000,0,127,1,0
128,2.13333,0.000000,4.355978,12.274290,0.000000,0.920032,-0.391843,0,0.000000,0.000000,0.000000,0.000000,0.000000,0.000000,0,128,1,0
129,2.15000,0.000000,4.355978,12.274290,0.000000,0.920032,-0.391843,0,0.000000,0.000000,0.000000,0.000000,0.000000,0.000000,0,129,1,0
130,2.16667,0.000000,4.355978,12.274290,0.000000,0.920032,-0.391843,0,0.000000,0.000000,0.000000,0.000000,0.000000,0.000000,0,130,1,0
131,2.18333,0.000000,4.355978,12.274290,0.000000,0.920032,-0.391843,0,0.000000,0.000000,0.000000,0.000000,0.000000,0.000000,0,131,1,0
132,2.20000,0.000000,4.355978,12.274290,0.000000,0.920032,-0.391843,0,0.000000,0.000000,0.000000,0.000000,0.000000,0.000000,0,132,1,0
133,2.21667,0.000000,4.355978,12.274290,0.000000,0.920032,-0.391843,0,0.000000,0.000000,0.000000,0.000000,0.000000,0.000000,0,133,1,0
134,2.23333,0.000000,4.355978,12.274290,0.000000,0.920032,-0.391843,0,0.000000,0.000000,0.000000,0.000000,0.000000,0.000000,0,134,1,0
135,2.25000,0.000000,4.355978,12.274290,0.000000,0.920032,-0.391843,0,0.000000,0.000000,0.000000,0.000000,0.000000,0.000000,0,135,1,0
136,2.26667,0.000000,4.355978,12.274290,0.000000,0.920032,-0.391843,0,0.000000,0.000000,0.000000,0.000000,0.000000,0.000000,0,136,1,0
137,2.28333,0.000000,4.355978,12.274290,0.000000,0.920032,-0.391843,0,0.000000,0.000000,0.000000,0.000000,0.000000,0.000000,0,137,1,0
138,2.30000,0.000000,4.355978,12.274290,0.000000,0.920032,-0.391843,0,0.000000,0.000000,0.000000,0.000000,0.000000,0.000000,0,138,1,0
139,2.31667,0.000000,4.355978,12.274290,0.000000,0.920032,-0.391843,0,0.000000,0.000000,0.000000,0.000000,0.000000,0.000000,0,139,1,0
140,2.33333,0.000000,4.355978,12.274290,0.000000,0.920032,-0.391843,0,0.000000,0.000000,0.000000,0.000000,0.000000,0.000000,0,140,1,0
141,2.35000,0.000000,4.355978,12.274290,0.000000,0.920032,-0.391843,0,0.000000,0.000000,0.000000,0.000000,0.000000,0.000000,0,141,1,0
142,2.36667,0.000000,4.355978,12.274290,0.000000,0.920032,-0.391843,0,0.000000,0.000000,0.000000,0.000000,0.000000,0.000000,0,142,1,0
143,2.38333,0.000000,4.355978,12.274290,0.000000,0.920032,-0.391843,0,0.000000,0.000000,0.000000,0.000000,0.000000,0.000000,0,143,1,0
144,2.40000,0.000000,4.355978,12.274290,0.000000,0.920032,-0.391843,0,0.000000,0.000000,0.000000,0.000000,0.000000,0.000000,0,144,1,0
145,2.41667,0.000000,4.355978,12.274290,0.000000,0.920032,-0.391843,0,0.000000,0.000000,0.000000,0.000000,0.000000,0.000000,0,145,1,0
146,2.43333,0.000000,4.355978,12.274290,0.000000,0.920032,-0.391843,0,0.000000,0.000000,0.000000,0.000000,0.000000,0.000000,0,146,1,0
147,2.45000,0.000000,4.355978,12.274290,0.000000,0.920032,-0.391843,0,0.000000,0.000000,0.000000,0.000000,0.000000,0.000000,0,147,1,0
148,2.46667,0.000000,4.355978,12.274290,0.000000,0.920032,-0.391843,0,0.000000,0.000000,0.000000,0.000000,0.000000,0.000000,0,148,1,0
149,2.48333,0.000000,4.355978,12.274290,0.000000,0.920032,-0.391843,0,0.000000,0.000000,0.000000,0.000000,0.000000,0.000000,0,149,1,0
