[  0%] Built target judas_app_icon
[ 17%] Built target freetype
[ 17%] Built target judas_icu_build
[ 17%] Built target judas_quickjs
[ 29%] Built target judas_navigation_backend
[ 29%] Built target judas_glad
[ 29%] Built target judas_profiler
[ 29%] Built target judas_audio_backend
[ 29%] Built target harfbuzz
[ 29%] Built target judas_materials
[ 29%] Building CXX object CMakeFiles/judas_engine.dir/src/ScriptSystem.cpp.o
[ 29%] Linking CXX static library libjudas_engine.a
[ 94%] Built target judas_engine
[100%] Linking CXX executable judas
[100%] Built target judas
[  0%] Built target judas_app_icon
[ 15%] Built target freetype
[ 15%] Built target judas_icu_build
[ 15%] Built target judas_quickjs
[ 25%] Built target judas_navigation_backend
[ 25%] Built target judas_glad
[ 25%] Built target judas_profiler
[ 25%] Built target judas_audio_backend
[ 25%] Built target harfbuzz
[ 30%] Built target judas_imgui
[ 30%] Built target judas_ufbx
[ 30%] Built target judas_materials
[ 85%] Built target judas_engine
[ 90%] Built target judas_navigation_baker
[ 95%] Built target judas_model_import
[ 95%] Built target judas_world_authoring
[ 95%] Linking CXX executable judas_editor
[100%] Built target judas_editor
[  0%] Built target judas_app_icon
[ 17%] Built target freetype
[ 17%] Built target judas_icu_build
[ 17%] Built target judas_quickjs
[ 29%] Built target judas_navigation_backend
[ 29%] Built target judas_glad
[ 29%] Built target judas_profiler
[ 29%] Built target judas_audio_backend
[ 29%] Built target harfbuzz
[ 29%] Built target judas_materials
[ 94%] Built target judas_engine
[100%] Building CXX object CMakeFiles/judas_signal_tests.dir/tests/SignalTests.cpp.o
[100%] Linking CXX executable judas_signal_tests
[100%] Built target judas_signal_tests
[  0%] Built target judas_app_icon
[ 18%] Built target freetype
[ 18%] Built target judas_icu_build
[ 18%] Built target judas_quickjs
[ 31%] Built target judas_navigation_backend
[ 31%] Built target judas_glad
[ 31%] Built target judas_profiler
[ 31%] Built target judas_audio_backend
[ 31%] Built target judas_materials
[ 31%] Built target harfbuzz
[100%] Built target judas_engine
[100%] Linking CXX executable judas_signal_application_tests
[100%] Built target judas_signal_application_tests
[  0%] Built target judas_app_icon
[ 18%] Built target freetype
[ 18%] Built target judas_icu_build
[ 18%] Built target judas_quickjs
[ 31%] Built target judas_navigation_backend
[ 31%] Built target judas_glad
[ 31%] Built target judas_profiler
[ 31%] Built target judas_audio_backend
[ 31%] Built target judas_materials
[ 31%] Built target harfbuzz
[100%] Built target judas_engine
[100%] Linking CXX executable judas_script_tests
[100%] Built target judas_script_tests
