Renderer fragment texture units: 32 (material path uses 12)
World state: legacy .judasstate (F6/F7) saves disabled for additive compositions; save slots remain available
Project: Retarget Lab (/home/conner/Documents/GitHub/Project-Judas/.cache/m74/target-only-export-v2/game.judasproj)
Scene: Borrowed Moves (/home/conner/Documents/GitHub/Project-Judas/.cache/m74/target-only-export-v2/Scenes/lab.judas)
World origin (m): 0.000, 0.000, 0.000
step,time,posX,posY,posZ,upX,upY,upZ,grounded,velX,velY,velZ,gravX,gravY,gravZ,controlled,frame,steps,paused
0,0.00000,1.100000,1.400000,9.500000,0.000000,1.000000,0.000000,0,0.000000,0.000000,0.000000,0.000000,-9.810000,0.000000,0,0,1,0
30,0.50000,1.100000,1.400000,9.500000,0.000000,1.000000,0.000000,0,0.000000,0.000000,0.000000,0.000000,-9.810000,0.000000,0,30,1,0
60,1.00000,1.100000,1.400000,9.500000,0.000000,1.000000,0.000000,0,0.000000,0.000000,0.000000,0.000000,-9.810000,0.000000,0,60,1,0
90,1.50000,1.100000,1.400000,9.500000,0.000000,1.000000,0.000000,0,0.000000,0.000000,0.000000,0.000000,-9.810000,0.000000,0,90,1,0
120,2.00000,1.100000,1.400000,9.500000,0.000000,1.000000,0.000000,0,0.000000,0.000000,0.000000,0.000000,-9.810000,0.000000,0,120,1,0,-0.069867,1.413637,0.006980,-0.327601,-0.229135,0.011811,-0.763194,0.923064,0.052189,1.183949,-2.636687,-0.200670,-0.913722,0.837957,0.068269,1.431600,-3.158385,-0.021550
150,2.50000,1.100000,1.400000,9.500000,0.000000,1.000000,0.000000,0,0.000000,0.000000,0.000000,0.000000,-9.810000,0.000000,0,150,1,0,-0.107765,1.277652,-0.000875,0.000000,0.000000,0.000000,0.203125,0.480248,-0.015133,0.000000,0.000000,0.000000,0.255833,0.311880,-0.020956,0.000000,0.000000,0.000000
180,3.00000,1.100000,1.400000,9.500000,0.000000,1.000000,0.000000,0,0.000000,0.000000,0.000000,0.000000,-9.810000,0.000000,0,180,1,0,-0.107765,1.277652,-0.000875,0.000000,0.000000,0.000000,0.203125,0.480248,-0.015133,0.000000,0.000000,0.000000,0.255833,0.311880,-0.020956,0.000000,0.000000,0.000000
210,3.50000,1.100000,1.400000,9.500000,0.000000,1.000000,0.000000,0,0.000000,0.000000,0.000000,0.000000,-9.810000,0.000000,0,210,1,0,-0.107765,1.277652,-0.000875,0.000000,0.000000,0.000000,0.203125,0.480248,-0.015133,0.000000,0.000000,0.000000,0.255833,0.311880,-0.020956,0.000000,0.000000,0.000000
[TestHarness] service stream ready after 1 wait frames at frame 211
[TestHarness] service stream ready after 0 wait frames at frame 231
240,4.00000,1.100000,1.400000,9.500000,0.000000,1.000000,0.000000,0,0.000000,0.000000,0.000000,0.000000,-9.810000,0.000000,0,240,1,0,-0.107765,1.277652,-0.000875,0.000000,0.000000,0.000000,0.203125,0.480248,-0.015133,0.000000,0.000000,0.000000,0.255833,0.311880,-0.020956,0.000000,0.000000,0.000000
[TestHarness] service stream ready after 1 wait frames at frame 241
270,4.50000,1.100000,1.400000,9.500000,0.000000,1.000000,0.000000,0,0.000000,0.000000,0.000000,0.000000,-9.810000,0.000000,0,270,1,0,-0.107765,1.277652,-0.000875,0.000000,0.000000,0.000000,0.203125,0.480248,-0.015133,0.000000,0.000000,0.000000,0.255833,0.311880,-0.020956,0.000000,0.000000,0.000000
[TestHarness] service scene ready after 0 wait frames at frame 281
[TestHarness] Wrote screenshot: m74-moved.png
300,5.00000,1.100000,1.400000,9.500000,0.000000,1.000000,0.000000,0,0.000000,0.000000,0.000000,0.000000,-9.810000,0.000000,0,300,1,0
