Renderer fragment texture units: 32 (material path uses 12)
World state: /home/conner/Documents/GitHub/Project-Judas/projects/lastlight/Saves/town.judasstate (none saved)
Project: Lastlight (/home/conner/Documents/GitHub/Project-Judas/projects/lastlight/lastlight.judasproj)
Scene: Lastlight (/home/conner/Documents/GitHub/Project-Judas/projects/lastlight/Scenes/town.judas)
World origin (m): 0.000, 0.000, 0.000
step,time,posX,posY,posZ,upX,upY,upZ,grounded,velX,velY,velZ,gravX,gravY,gravZ,controlled,frame,steps,paused,obj0PosX,obj0PosY,obj0PosZ,obj0VelX,obj0VelY,obj0VelZ,obj1PosX,obj1PosY,obj1PosZ,obj1VelX,obj1VelY,obj1VelZ,obj2PosX,obj2PosY,obj2PosZ,obj2VelX,obj2VelY,obj2VelZ,obj3PosX,obj3PosY,obj3PosZ,obj3VelX,obj3VelY,obj3VelZ
JS: Lastlight ready: WASD, mouse, LMB, Space, E climb, Shift, V view, R reload, Esc menu.
0,0.00000,0.000000,0.017275,18.000000,0.000000,1.000000,0.000000,1,0.000000,-0.163500,0.000000,0.000000,-9.810000,0.000000,0,0,1,0,-5.000000,0.507275,-3.000000,0.000000,-0.163500,0.000000,5.000000,0.507275,3.000000,0.000000,-0.163500,0.000000,-21.000000,0.507275,14.000000,0.000000,-0.163500,0.000000,21.000000,0.507275,16.000000,0.000000,-0.163500,0.000000
[TestHarness] service scene ready after 0 wait frames at frame 1
15,0.25000,0.007778,0.017275,18.000000,0.000000,1.000000,0.000000,1,0.466667,-0.163500,0.000000,0.000000,-9.810000,0.000000,0,15,1,0,-5.000000,0.500000,-3.000000,-0.000000,-0.000000,-0.000000,5.000000,0.500000,3.000000,-0.000000,-0.000000,-0.000000,-21.000000,0.500000,14.000000,-0.000000,-0.000000,-0.000000,21.000000,0.500000,16.000000,-0.000000,-0.000000,-0.000000
30,0.50000,0.907778,0.017275,18.000000,0.000000,1.000000,0.000000,1,4.800000,-0.163500,0.000000,0.000000,-9.810000,0.000000,0,30,1,0,-5.000000,0.500000,-3.000000,-0.000000,0.000000,0.000000,5.000000,0.500000,3.000000,-0.000000,0.000000,0.000000,-21.000000,0.500000,14.000000,-0.000000,0.000000,0.000000,21.000000,0.500000,16.000000,-0.000000,0.000000,0.000000
45,0.75000,2.107778,0.017275,18.000000,0.000000,1.000000,0.000000,1,4.800000,-0.163500,0.000000,0.000000,-9.810000,0.000000,0,45,1,0,-5.000000,0.500000,-3.000000,-0.000000,-0.000000,-0.000001,5.000000,0.500000,3.000000,-0.000000,-0.000000,-0.000001,-21.000000,0.500000,14.000000,-0.000000,-0.000000,-0.000001,21.000000,0.500000,16.000000,-0.000000,-0.000000,-0.000001
60,1.00000,3.307777,0.017275,18.000000,0.000000,1.000000,0.000000,1,4.800000,-0.163500,0.000000,0.000000,-9.810000,0.000000,0,60,1,0,-5.000000,0.500000,-3.000000,0.000000,0.000000,0.000000,5.000000,0.500000,3.000000,0.000000,0.000000,0.000000,-21.000000,0.500000,14.000000,0.000000,0.000000,0.000000,21.000000,0.500000,16.000000,0.000000,0.000000,0.000000
75,1.25000,4.348666,0.017275,17.993082,0.000000,1.000000,0.000000,1,2.253368,-0.163500,-0.415068,0.000000,-9.810000,0.000000,0,75,1,0,-5.000000,0.500000,-3.000000,0.000000,0.000000,0.000000,5.000000,0.500000,3.000000,0.000000,0.000000,0.000000,-21.000000,0.500000,14.000000,0.000000,0.000000,0.000000,21.000000,0.500000,16.000000,0.000000,0.000000,0.000000
90,1.50000,4.528704,0.083942,17.246759,0.000000,1.000000,0.000000,0,0.000000,4.000000,0.000000,0.000000,-9.810000,0.000000,0,90,1,0,-5.000000,0.500000,-3.000000,0.000000,0.000000,0.000000,5.000000,0.500000,3.000000,0.000000,0.000000,0.000000,-21.000000,0.500000,14.000000,0.000000,0.000000,0.000000,21.000000,0.500000,16.000000,0.000000,0.000000,0.000000
105,1.75000,4.528704,1.083943,17.246759,0.000000,1.000000,0.000000,0,0.000000,4.000000,0.000000,0.000000,-9.810000,0.000000,0,105,1,0,-5.000000,0.500000,-3.000000,0.000000,0.000000,0.000000,5.000000,0.500000,3.000000,0.000000,0.000000,0.000000,-21.000000,0.500000,14.000000,0.000000,0.000000,0.000000,21.000000,0.500000,16.000000,0.000000,0.000000,0.000000
[TestHarness] Wrote screenshot: /tmp/lastlight-climbing.png
120,2.00000,4.528704,1.366248,16.675442,0.000000,1.000000,0.000000,1,0.000000,0.544391,-3.938286,0.000000,-9.810000,0.000000,0,120,1,0,-5.000000,0.500000,-3.000000,0.000000,0.000000,0.000000,5.000000,0.500000,3.000000,0.000000,0.000000,0.000000,-21.000000,0.500000,14.000000,0.000000,0.000000,0.000000,21.000000,0.500000,16.000000,0.000000,0.000000,0.000000
135,2.25000,4.528704,1.357275,16.209112,0.000000,1.000000,0.000000,1,0.000000,-0.163500,0.000000,0.000000,-9.810000,0.000000,0,135,1,0,-5.000000,0.500000,-3.000000,0.000000,0.000000,0.000000,5.000000,0.500000,3.000000,0.000000,0.000000,0.000000,-21.000000,0.500000,14.000000,0.000000,0.000000,0.000000,21.000000,0.500000,16.000000,0.000000,0.000000,0.000000
150,2.50000,4.528704,1.357275,16.209112,0.000000,1.000000,0.000000,1,0.000000,-0.163500,0.000000,0.000000,-9.810000,0.000000,0,150,1,0,-5.000000,0.500000,-3.000000,0.000000,0.000000,0.000000,5.000000,0.500000,3.000000,0.000000,0.000000,0.000000,-21.000000,0.500000,14.000000,0.000000,0.000000,0.000000,21.000000,0.500000,16.000000,0.000000,0.000000,0.000000
165,2.75000,4.528704,1.357275,16.209112,0.000000,1.000000,0.000000,1,0.000000,-0.163500,0.000000,0.000000,-9.810000,0.000000,0,165,1,0,-5.000000,0.500000,-3.000000,0.000000,0.000000,0.000000,5.000000,0.500000,3.000000,0.000000,0.000000,0.000000,-21.000000,0.500000,14.000000,0.000000,0.000000,0.000000,21.000000,0.500000,16.000000,0.000000,0.000000,0.000000
180,3.00000,4.528704,1.357275,16.209112,0.000000,1.000000,0.000000,1,0.000000,-0.163500,0.000000,0.000000,-9.810000,0.000000,0,180,1,0,-5.000000,0.500000,-3.000000,0.000000,0.000000,0.000000,5.000000,0.500000,3.000000,0.000000,0.000000,0.000000,-21.000000,0.500000,14.000000,0.000000,0.000000,0.000000,21.000000,0.500000,16.000000,0.000000,0.000000,0.000000
195,3.25000,4.528704,1.357275,16.209112,0.000000,1.000000,0.000000,1,0.000000,-0.163500,0.000000,0.000000,-9.810000,0.000000,0,195,1,0,-5.000000,0.500000,-3.000000,0.000000,0.000000,0.000000,5.000000,0.500000,3.000000,0.000000,0.000000,0.000000,-21.000000,0.500000,14.000000,0.000000,0.000000,0.000000,21.000000,0.500000,16.000000,0.000000,0.000000,0.000000
210,3.50000,4.528704,1.357275,16.209112,0.000000,1.000000,0.000000,1,0.000000,-0.163500,0.000000,0.000000,-9.810000,0.000000,0,210,1,0,-5.000000,0.500000,-3.000000,0.000000,0.000000,0.000000,5.000000,0.500000,3.000000,0.000000,0.000000,0.000000,-21.000000,0.500000,14.000000,0.000000,0.000000,0.000000,21.000000,0.500000,16.000000,0.000000,0.000000,0.000000
[TestHarness] Wrote screenshot: /tmp/lastlight-ledge.png
225,3.75000,4.528704,1.357275,16.209112,0.000000,1.000000,0.000000,1,0.000000,-0.163500,0.000000,0.000000,-9.810000,0.000000,0,225,1,0,-5.000000,0.500000,-3.000000,0.000000,0.000000,0.000000,5.000000,0.500000,3.000000,0.000000,0.000000,0.000000,-21.000000,0.500000,14.000000,0.000000,0.000000,0.000000,21.000000,0.500000,16.000000,0.000000,0.000000,0.000000
240,4.00000,4.528704,1.357275,16.209112,0.000000,1.000000,0.000000,1,0.000000,-0.163500,0.000000,0.000000,-9.810000,0.000000,0,240,1,0,-5.000000,0.500000,-3.000000,0.000000,0.000000,0.000000,5.000000,0.500000,3.000000,0.000000,0.000000,0.000000,-21.000000,0.500000,14.000000,0.000000,0.000000,0.000000,21.000000,0.500000,16.000000,0.000000,0.000000,0.000000
255,4.25000,4.528704,1.357275,16.209112,0.000000,1.000000,0.000000,1,0.000000,-0.163500,0.000000,0.000000,-9.810000,0.000000,0,255,1,0,-5.000000,0.500000,-3.000000,0.000000,0.000000,0.000000,5.000000,0.500000,3.000000,0.000000,0.000000,0.000000,-21.000000,0.500000,14.000000,0.000000,0.000000,0.000000,21.000000,0.500000,16.000000,0.000000,0.000000,0.000000
270,4.50000,4.528704,1.357275,16.209112,0.000000,1.000000,0.000000,1,0.000000,-0.163500,0.000000,0.000000,-9.810000,0.000000,0,270,1,0,-5.000000,0.500000,-3.000000,0.000000,0.000000,0.000000,5.000000,0.500000,3.000000,0.000000,0.000000,0.000000,-21.000000,0.500000,14.000000,0.000000,0.000000,0.000000,21.000000,0.500000,16.000000,0.000000,0.000000,0.000000
285,4.75000,4.528704,1.357275,16.209112,0.000000,1.000000,0.000000,1,0.000000,-0.163500,0.000000,0.000000,-9.810000,0.000000,0,285,1,0,-5.000000,0.500000,-3.000000,0.000000,0.000000,0.000000,5.000000,0.500000,3.000000,0.000000,0.000000,0.000000,-21.000000,0.500000,14.000000,0.000000,0.000000,0.000000,21.000000,0.500000,16.000000,0.000000,0.000000,0.000000
300,5.00000,4.528704,1.357275,16.209112,0.000000,1.000000,0.000000,1,0.000000,-0.163500,0.000000,0.000000,-9.810000,0.000000,0,300,1,0,-5.000000,0.500000,-3.000000,0.000000,0.000000,0.000000,5.000000,0.500000,3.000000,0.000000,0.000000,0.000000,-21.000000,0.500000,14.000000,0.000000,0.000000,0.000000,21.000000,0.500000,16.000000,0.000000,0.000000,0.000000
315,5.25000,4.528704,1.357275,16.209112,0.000000,1.000000,0.000000,1,0.000000,-0.163500,0.000000,0.000000,-9.810000,0.000000,0,315,1,0,-5.000000,0.500000,-3.000000,0.000000,0.000000,0.000000,5.000000,0.500000,3.000000,0.000000,0.000000,0.000000,-21.000000,0.500000,14.000000,0.000000,0.000000,0.000000,21.000000,0.500000,16.000000,0.000000,0.000000,0.000000
