Renderer fragment texture units: 32 (material path uses 12)
World state: /home/conner/Documents/GitHub/Project-Judas/.cache/lastlight-framewalk-performance/Saves/town.judasstate (none saved)
Project: Lastlight (/home/conner/Documents/GitHub/Project-Judas/.cache/lastlight-framewalk-performance/lastlight.judasproj)
Scene: Lastlight (/home/conner/Documents/GitHub/Project-Judas/.cache/lastlight-framewalk-performance/Scenes/town.judas)
World origin (m): 0.000, 0.000, 0.000
step,time,posX,posY,posZ,upX,upY,upZ,grounded,velX,velY,velZ,gravX,gravY,gravZ,controlled,frame,steps,paused,obj0PosX,obj0PosY,obj0PosZ,obj0VelX,obj0VelY,obj0VelZ,obj1PosX,obj1PosY,obj1PosZ,obj1VelX,obj1VelY,obj1VelZ,obj2PosX,obj2PosY,obj2PosZ,obj2VelX,obj2VelY,obj2VelZ,obj3PosX,obj3PosY,obj3PosZ,obj3VelX,obj3VelY,obj3VelZ,obj4PosX,obj4PosY,obj4PosZ,obj4VelX,obj4VelY,obj4VelZ,obj5PosX,obj5PosY,obj5PosZ,obj5VelX,obj5VelY,obj5VelZ,obj6PosX,obj6PosY,obj6PosZ,obj6VelX,obj6VelY,obj6VelZ,obj7PosX,obj7PosY,obj7PosZ,obj7VelX,obj7VelY,obj7VelZ,obj8PosX,obj8PosY,obj8PosZ,obj8VelX,obj8VelY,obj8VelZ,obj9PosX,obj9PosY,obj9PosZ,obj9VelX,obj9VelY,obj9VelZ,obj10PosX,obj10PosY,obj10PosZ,obj10VelX,obj10VelY,obj10VelZ,obj11PosX,obj11PosY,obj11PosZ,obj11VelX,obj11VelY,obj11VelZ,obj12PosX,obj12PosY,obj12PosZ,obj12VelX,obj12VelY,obj12VelZ,obj13PosX,obj13PosY,obj13PosZ,obj13VelX,obj13VelY,obj13VelZ,obj14PosX,obj14PosY,obj14PosZ,obj14VelX,obj14VelY,obj14VelZ,obj15PosX,obj15PosY,obj15PosZ,obj15VelX,obj15VelY,obj15VelZ,obj16PosX,obj16PosY,obj16PosZ,obj16VelX,obj16VelY,obj16VelZ,obj17PosX,obj17PosY,obj17PosZ,obj17VelX,obj17VelY,obj17VelZ,obj18PosX,obj18PosY,obj18PosZ,obj18VelX,obj18VelY,obj18VelZ,obj19PosX,obj19PosY,obj19PosZ,obj19VelX,obj19VelY,obj19VelZ,obj20PosX,obj20PosY,obj20PosZ,obj20VelX,obj20VelY,obj20VelZ,obj21PosX,obj21PosY,obj21PosZ,obj21VelX,obj21VelY,obj21VelZ,obj22PosX,obj22PosY,obj22PosZ,obj22VelX,obj22VelY,obj22VelZ,obj23PosX,obj23PosY,obj23PosZ,obj23VelX,obj23VelY,obj23VelZ,obj24PosX,obj24PosY,obj24PosZ,obj24VelX,obj24VelY,obj24VelZ,obj25PosX,obj25PosY,obj25PosZ,obj25VelX,obj25VelY,obj25VelZ
JS: Lastlight: WASD, mouse, Ctrl aim, LMB fire, 1 rifle / 2 RPG, G grenade, N stall, I inventory, C collect, X normal gravity, B carry/drop, T turn, Space jump + airborne Space framewalk, E mantle, Shift, V view, R reload, RMB punch, F heavy, Q shove, Esc menu.
[TestHarness] service scene ready after 0 wait frames at frame 1
JS: Wave 1: 8 zombies
JS: {"framewalkPerf":true,"frame":240,"enemies":1,"phase":"wave","boots":{"equipped":true,"active":true,"transitioning":false,"mode":"surface","reference":"901","switches":1,"recoveries":0,"failsafes":0,"lastMomentumDelta":0,"point":{"x":31.860000610351562,"y":2.575833559036255,"z":4.000008583068848},"normal":{"x":-1,"y":0,"z":0}},"health":100}
JS: {"framewalkPerf":true,"frame":480,"enemies":3,"phase":"wave","boots":{"equipped":true,"active":true,"transitioning":false,"mode":"surface","reference":"901","switches":1,"recoveries":0,"failsafes":0,"lastMomentumDelta":0,"point":{"x":31.860000610351562,"y":2.575833559036255,"z":4.000008583068848},"normal":{"x":-1,"y":0,"z":0}},"health":100}
JS: {"framewalkPerf":true,"frame":720,"enemies":5,"phase":"wave","boots":{"equipped":true,"active":true,"transitioning":false,"mode":"surface","reference":"901","switches":1,"recoveries":0,"failsafes":0,"lastMomentumDelta":0,"point":{"x":31.860000610351562,"y":2.575833559036255,"z":4.000008583068848},"normal":{"x":-1,"y":0,"z":0}},"health":100}
JS: {"framewalkPerf":true,"frame":960,"enemies":7,"phase":"wave","boots":{"equipped":true,"active":true,"transitioning":false,"mode":"surface","reference":"901","switches":1,"recoveries":0,"failsafes":0,"lastMomentumDelta":0,"point":{"x":31.860000610351562,"y":2.575833559036255,"z":4.000008583068848},"normal":{"x":-1,"y":0,"z":0}},"health":100}
JS: {"framewalkPerf":true,"frame":1200,"enemies":8,"phase":"wave","boots":{"equipped":true,"active":true,"transitioning":false,"mode":"surface","reference":"901","switches":1,"recoveries":0,"failsafes":0,"lastMomentumDelta":0,"point":{"x":31.860000610351562,"y":2.575833559036255,"z":4.000008583068848},"normal":{"x":-1,"y":0,"z":0}},"health":100}
JS: {"framewalkPerf":true,"frame":1440,"enemies":8,"phase":"wave","boots":{"equipped":true,"active":true,"transitioning":false,"mode":"surface","reference":"901","switches":1,"recoveries":0,"failsafes":0,"lastMomentumDelta":0,"point":{"x":31.860000610351562,"y":2.575833559036255,"z":4.000008583068848},"normal":{"x":-1,"y":0,"z":0}},"health":100}
JS: {"framewalkPerf":true,"frame":1680,"enemies":8,"phase":"wave","boots":{"equipped":true,"active":true,"transitioning":false,"mode":"surface","reference":"901","switches":1,"recoveries":0,"failsafes":0,"lastMomentumDelta":0,"point":{"x":31.860000610351562,"y":2.575833559036255,"z":4.000008583068848},"normal":{"x":-1,"y":0,"z":0}},"health":100}
JS: {"framewalkPerf":true,"frame":1920,"enemies":8,"phase":"wave","boots":{"equipped":true,"active":true,"transitioning":false,"mode":"surface","reference":"901","switches":1,"recoveries":0,"failsafes":0,"lastMomentumDelta":0,"point":{"x":31.860000610351562,"y":2.575833559036255,"z":4.000008583068848},"normal":{"x":-1,"y":0,"z":0}},"health":100}
JS: {"framewalkPerf":true,"frame":2160,"enemies":8,"phase":"wave","boots":{"equipped":true,"active":true,"transitioning":false,"mode":"surface","reference":"901","switches":1,"recoveries":0,"failsafes":0,"lastMomentumDelta":0,"point":{"x":31.860000610351562,"y":2.575833559036255,"z":4.000008583068848},"normal":{"x":-1,"y":0,"z":0}},"health":100}
[TestHarness] Wrote screenshot: /tmp/lastlight-framewalk-performance.png
JS: {"framewalkPerf":true,"frame":2400,"enemies":8,"phase":"wave","boots":{"equipped":true,"active":true,"transitioning":false,"mode":"surface","reference":"901","switches":1,"recoveries":0,"failsafes":0,"lastMomentumDelta":0,"point":{"x":31.860000610351562,"y":2.575833559036255,"z":4.000008583068848},"normal":{"x":-1,"y":0,"z":0}},"health":100}
