Renderer fragment texture units: 32 (material path uses 12)
World state: /home/conner/Documents/GitHub/Project-Judas/projects/lastlight/Saves/town.judasstate (none saved)
Project: Lastlight (/home/conner/Documents/GitHub/Project-Judas/projects/lastlight/lastlight.judasproj)
Scene: Lastlight (/home/conner/Documents/GitHub/Project-Judas/projects/lastlight/Scenes/town.judas)
World origin (m): 0.000, 0.000, 0.000
step,time,posX,posY,posZ,upX,upY,upZ,grounded,velX,velY,velZ,gravX,gravY,gravZ,controlled,frame,steps,paused,obj0PosX,obj0PosY,obj0PosZ,obj0VelX,obj0VelY,obj0VelZ,obj1PosX,obj1PosY,obj1PosZ,obj1VelX,obj1VelY,obj1VelZ,obj2PosX,obj2PosY,obj2PosZ,obj2VelX,obj2VelY,obj2VelZ,obj3PosX,obj3PosY,obj3PosZ,obj3VelX,obj3VelY,obj3VelZ
JS: Lastlight ready: WASD, mouse, LMB, Space, E climb, Shift, V view, R reload, Esc menu.
0,0.00000,0.000000,0.017275,18.000000,0.000000,1.000000,0.000000,1,0.000000,-0.163500,0.000000,0.000000,-9.810000,0.000000,0,0,1,0,-5.000000,0.507275,-3.000000,0.000000,-0.163500,0.000000,5.000000,0.507275,3.000000,0.000000,-0.163500,0.000000,-21.000000,0.507275,14.000000,0.000000,-0.163500,0.000000,21.000000,0.507275,16.000000,0.000000,-0.163500,0.000000
[TestHarness] service scene ready after 0 wait frames at frame 1
[TestHarness] Wrote screenshot: /tmp/lastlight-first.png
120,2.00000,0.000000,0.017275,18.000000,0.000000,1.000000,0.000000,1,0.000000,-0.163500,0.000000,0.000000,-9.810000,0.000000,0,120,1,0,-5.000000,0.500000,-3.000000,0.000000,0.000000,0.000000,5.000000,0.500000,3.000000,0.000000,0.000000,0.000000,-21.000000,0.500000,14.000000,0.000000,0.000000,0.000000,21.000000,0.500000,16.000000,0.000000,0.000000,0.000000
[TestHarness] Wrote screenshot: /tmp/lastlight-third.png
240,4.00000,0.000000,0.017275,18.000000,0.000000,1.000000,0.000000,1,0.000000,-0.163500,0.000000,0.000000,-9.810000,0.000000,0,240,1,0,-5.000000,0.500000,-3.000000,0.000000,0.000000,0.000000,5.000000,0.500000,3.000000,0.000000,0.000000,0.000000,-21.000000,0.500000,14.000000,0.000000,0.000000,0.000000,21.000000,0.500000,16.000000,0.000000,0.000000,0.000000
JS: Wave 1: 6 hostiles
360,6.00000,0.000000,0.870783,13.492226,0.000000,1.000000,0.000000,0,0.000000,3.838001,-4.800000,0.000000,-9.810000,0.000000,0,360,1,0,-5.000000,0.500000,-3.000000,0.000000,0.000000,0.000000,5.000000,0.500000,3.000000,0.000000,0.000000,0.000000,-21.000000,0.500000,14.000000,0.000000,0.000000,0.000000,21.000000,0.500000,16.000000,0.000000,0.000000,0.000000
480,8.00000,0.000000,0.017275,11.532228,0.000000,1.000000,0.000000,1,0.000000,-0.163500,0.000000,0.000000,-9.810000,0.000000,0,480,1,0,-5.000000,0.500000,-3.000000,0.000000,0.000000,0.000000,5.000000,0.500000,3.000000,0.000000,0.000000,0.000000,-21.000000,0.500000,14.000000,0.000000,0.000000,0.000000,21.000000,0.500000,16.000000,0.000000,0.000000,0.000000
600,10.00000,0.000000,0.017275,11.532228,0.000000,1.000000,0.000000,1,0.000000,-0.163500,0.000000,0.000000,-9.810000,0.000000,0,600,1,0,-5.000000,0.500000,-3.000000,0.000000,0.000000,0.000000,5.000000,0.500000,3.000000,0.000000,0.000000,0.000000,-21.000000,0.500000,14.000000,0.000000,0.000000,0.000000,21.000000,0.500000,16.000000,0.000000,0.000000,0.000000
[TestHarness] Wrote screenshot: /tmp/lastlight-menu.png
720,12.00000,0.000000,0.017275,11.532228,0.000000,1.000000,0.000000,1,0.000000,-0.163500,0.000000,0.000000,-9.810000,0.000000,0,720,0,1,-5.000000,0.500000,-3.000000,0.000000,0.000000,0.000000,5.000000,0.500000,3.000000,0.000000,0.000000,0.000000,-21.000000,0.500000,14.000000,0.000000,0.000000,0.000000,21.000000,0.500000,16.000000,0.000000,0.000000,0.000000
840,14.00000,0.000000,0.017275,11.532228,0.000000,1.000000,0.000000,1,0.000000,-0.163500,0.000000,0.000000,-9.810000,0.000000,0,840,1,0,-5.000000,0.500000,-3.000000,0.000000,0.000000,0.000000,5.000000,0.500000,3.000000,0.000000,0.000000,0.000000,-21.000000,0.500000,14.000000,0.000000,0.000000,0.000000,21.000000,0.500000,16.000000,0.000000,0.000000,0.000000
[TestHarness] Wrote screenshot: /tmp/lastlight-wave.png
