Renderer fragment texture units: 32 (material path uses 12)
World state: /home/conner/Documents/GitHub/Project-Judas/.cache/lastlight-punch-preview/Saves/town.judasstate (none saved)
Project: Lastlight (/home/conner/Documents/GitHub/Project-Judas/.cache/lastlight-punch-preview/lastlight.judasproj)
Scene: Lastlight (/home/conner/Documents/GitHub/Project-Judas/.cache/lastlight-punch-preview/Scenes/town.judas)
World origin (m): 0.000, 0.000, 0.000
step,time,posX,posY,posZ,upX,upY,upZ,grounded,velX,velY,velZ,gravX,gravY,gravZ,controlled,frame,steps,paused,obj0PosX,obj0PosY,obj0PosZ,obj0VelX,obj0VelY,obj0VelZ,obj1PosX,obj1PosY,obj1PosZ,obj1VelX,obj1VelY,obj1VelZ,obj2PosX,obj2PosY,obj2PosZ,obj2VelX,obj2VelY,obj2VelZ,obj3PosX,obj3PosY,obj3PosZ,obj3VelX,obj3VelY,obj3VelZ,obj4PosX,obj4PosY,obj4PosZ,obj4VelX,obj4VelY,obj4VelZ,obj5PosX,obj5PosY,obj5PosZ,obj5VelX,obj5VelY,obj5VelZ,obj6PosX,obj6PosY,obj6PosZ,obj6VelX,obj6VelY,obj6VelZ,obj7PosX,obj7PosY,obj7PosZ,obj7VelX,obj7VelY,obj7VelZ,obj8PosX,obj8PosY,obj8PosZ,obj8VelX,obj8VelY,obj8VelZ,obj9PosX,obj9PosY,obj9PosZ,obj9VelX,obj9VelY,obj9VelZ
JS: Lastlight ready: WASD, mouse, LMB, Space, E climb, Shift, V view, R reload, RMB punch, F heavy, Q shove, Esc menu.
0,0.00000,0.000000,0.017275,18.000000,0.000000,1.000000,0.000000,1,0.000000,-0.163500,0.000000,0.000000,-9.810000,0.000000,0,0,1,0,-5.000000,0.507275,-3.000000,0.000000,-0.163500,0.000000,5.000000,0.507275,3.000000,0.000000,-0.163500,0.000000,-21.000000,0.507275,14.000000,0.000000,-0.163500,0.000000,21.000000,0.507275,16.000000,0.000000,-0.163500,0.000000,-3.000000,0.507275,15.000000,0.000000,-0.163500,0.000000,3.000000,0.547275,11.000000,0.000000,-0.163500,0.000000,-4.000000,0.507275,-7.000000,0.000000,-0.163500,0.000000,4.000000,0.547275,-14.000000,0.000000,-0.163500,0.000000,-21.000000,0.507275,21.000000,0.000000,-0.163500,0.000000,21.000000,0.547275,21.000000,0.000000,-0.163500,0.000000
[TestHarness] service scene ready after 0 wait frames at frame 1
JS: COMBAT_PREVIEW {"time":1.2333333976566792,"root":{"x":0,"y":0.017275094985961914,"z":16.760000228881836},"state":{"health":75,"dead":false,"age":0.2166666779667139,"tripped":false,"shoves":0,"trips":0},"active":false,"score":0}
JS: COMBAT_PREVIEW {"time":1.4833334106951952,"root":{"x":0,"y":0.017275094985961914,"z":16.760000228881836},"state":{"health":75,"dead":false,"age":0.46666669100522995,"tripped":false,"shoves":0,"trips":0},"active":false,"score":0}
JS: COMBAT_PREVIEW {"time":1.7333334237337112,"root":{"x":0,"y":0.017275094985961914,"z":16.760000228881836},"state":{"health":75,"dead":false,"age":0.716666704043746,"tripped":false,"shoves":0,"trips":0},"active":false,"score":0}
JS: COMBAT_PREVIEW {"time":1.9833334367722273,"root":{"x":0,"y":0.017275094985961914,"z":16.760000228881836},"state":{"health":75,"dead":false,"age":0.966666717082262,"tripped":false,"shoves":0,"trips":0},"active":false,"score":0}
JS: COMBAT_PREVIEW {"time":2.2333334498107433,"root":{"x":0,"y":0.017275094985961914,"z":16.760000228881836},"state":{"health":75,"dead":false,"age":1.216666730120778,"tripped":false,"shoves":0,"trips":0},"active":false,"score":0}
[TestHarness] Wrote screenshot: /tmp/lastlight-punch-hit.png
JS: COMBAT_PREVIEW {"time":2.4833334628492594,"root":{"x":0,"y":0.017275094985961914,"z":16.508623123168945},"state":{"health":50,"dead":false,"age":1.4666667431592941,"tripped":false,"shoves":0,"trips":0},"active":false,"score":0}
JS: COMBAT_PREVIEW {"time":2.7333334758877754,"root":{"x":0,"y":0.017275094985961914,"z":16.789897918701172},"state":{"health":50,"dead":false,"age":1.7166667561978102,"tripped":false,"shoves":0,"trips":0},"active":false,"score":0}
JS: COMBAT_PREVIEW {"time":2.9833334889262915,"root":{"x":0,"y":0.017275094985961914,"z":16.789897918701172},"state":{"health":50,"dead":false,"age":1.9666667692363262,"tripped":false,"shoves":0,"trips":0},"active":false,"score":0}
JS: COMBAT_PREVIEW {"time":3.2333335019648075,"root":{"x":0,"y":0.017275094985961914,"z":16.789897918701172},"state":{"health":50,"dead":false,"age":2.2166667822748423,"tripped":false,"shoves":0,"trips":0},"active":false,"score":0}
JS: COMBAT_PREVIEW {"time":3.4833335150033236,"root":{"x":0,"y":0.017275094985961914,"z":16.789897918701172},"state":{"health":-5,"dead":true,"age":2.4666667953133583,"tripped":false,"shoves":0,"trips":0},"active":false,"score":100}
[TestHarness] Wrote screenshot: /tmp/lastlight-heavy-hit.png
JS: COMBAT_PREVIEW {"time":3.7333335280418396,"root":{"x":0,"y":0.017275094985961914,"z":16.789897918701172},"state":{"health":-5,"dead":true,"age":2.7166668083518744,"tripped":false,"shoves":0,"trips":0},"active":false,"score":100}
JS: COMBAT_PREVIEW {"time":3.9833335410803556,"root":{"x":0,"y":0.017275094985961914,"z":16.789897918701172},"state":{"health":-5,"dead":true,"age":2.9666668213903904,"tripped":false,"shoves":0,"trips":0},"active":false,"score":100}
240,4.00000,0.000000,0.017275,18.000000,0.000000,1.000000,0.000000,1,0.000000,-0.163500,0.000000,0.000000,-9.810000,0.000000,0,240,1,0,-5.000000,0.500000,-3.000000,0.000000,0.000000,0.000000,5.000000,0.500000,3.000000,0.000000,0.000000,0.000000,-21.000000,0.500000,14.000000,0.000000,0.000000,0.000000,21.000000,0.500000,16.000000,0.000000,0.000000,0.000000,-3.000000,0.500000,15.000000,0.000000,0.000000,0.000000,3.000000,0.544999,11.000002,0.000000,0.000000,0.000000,-4.000000,0.500000,-7.000000,0.000000,0.000000,0.000000,4.000000,0.544999,-13.999998,0.000000,0.000000,0.000000,-21.000000,0.500000,21.000000,0.000000,0.000000,0.000000,21.000000,0.544999,21.000000,0.000000,0.000000,0.000000
JS: COMBAT_PREVIEW {"time":4.233333554118872,"root":{"x":0,"y":0.017275094985961914,"z":16.789897918701172},"state":{"health":-5,"dead":true,"age":3.2166668344289064,"tripped":false,"shoves":0,"trips":0},"active":false,"score":100}
JS: COMBAT_PREVIEW {"time":4.483333567157388,"root":{"x":0,"y":0.017275094985961914,"z":16.789897918701172},"state":{"health":-5,"dead":true,"age":3.4666668474674225,"tripped":false,"shoves":0,"trips":0},"active":false,"score":100}
JS: COMBAT_PREVIEW {"time":4.733333580195904,"root":{"x":0,"y":0.017275094985961914,"z":16.789897918701172},"state":{"health":-5,"dead":true,"age":3.7166668605059385,"tripped":false,"shoves":0,"trips":0},"active":false,"score":100}
JS: COMBAT_PREVIEW {"time":4.98333359323442,"root":{"x":0,"y":0.017275094985961914,"z":16.789897918701172},"state":{"health":-5,"dead":true,"age":3.9666668735444546,"tripped":false,"shoves":0,"trips":0},"active":false,"score":100}
JS: COMBAT_PREVIEW {"time":5.233333606272936,"root":{"x":0,"y":0.017275094985961914,"z":16.789897918701172},"state":{"health":-5,"dead":true,"age":4.216666886582971,"tripped":false,"shoves":0,"trips":0},"active":false,"score":100}
JS: COMBAT_PREVIEW {"time":5.483333619311452,"root":{"x":0,"y":0.017275094985961914,"z":16.789897918701172},"state":{"health":-5,"dead":true,"age":4.466666899621487,"tripped":false,"shoves":0,"trips":0},"active":false,"score":100}
JS: COMBAT_PREVIEW {"time":5.733333632349968,"root":{"x":0,"y":0.017275094985961914,"z":16.789897918701172},"state":{"health":-5,"dead":true,"age":4.716666912660003,"tripped":false,"shoves":0,"trips":0},"active":false,"score":100}
JS: COMBAT_PREVIEW {"time":5.983333645388484,"root":{"x":0,"y":0.017275094985961914,"z":16.789897918701172},"state":{"health":-5,"dead":true,"age":4.966666925698519,"tripped":false,"shoves":0,"trips":0},"active":false,"score":100}
JS: COMBAT_PREVIEW {"time":6.233333658427,"root":{"x":0,"y":0.017275094985961914,"z":16.789897918701172},"state":{"health":-5,"dead":true,"age":5.216666938737035,"tripped":false,"shoves":0,"trips":0},"active":false,"score":100}
JS: COMBAT_PREVIEW {"time":6.483333671465516,"root":{"x":0,"y":0.017275094985961914,"z":16.789897918701172},"state":{"health":-5,"dead":true,"age":5.466666951775551,"tripped":false,"shoves":0,"trips":0},"active":false,"score":100}
JS: COMBAT_PREVIEW {"time":6.733333684504032,"root":{"x":0,"y":0.017275094985961914,"z":16.789897918701172},"state":{"health":-5,"dead":true,"age":5.716666964814067,"tripped":false,"shoves":0,"trips":0},"active":false,"score":100}
JS: COMBAT_PREVIEW {"time":6.983333697542548,"root":{"x":0,"y":0.017275094985961914,"z":16.789897918701172},"state":{"health":-5,"dead":true,"age":5.966666977852583,"tripped":false,"shoves":0,"trips":0},"active":false,"score":100}
JS: COMBAT_PREVIEW {"time":7.233333710581064,"root":{"x":0,"y":0.017275094985961914,"z":16.789897918701172},"state":{"health":-5,"dead":true,"age":6.216666990891099,"tripped":false,"shoves":0,"trips":0},"active":false,"score":100}
JS: COMBAT_PREVIEW {"time":7.48333372361958,"root":{"x":0,"y":0.017275094985961914,"z":16.789897918701172},"state":{"health":-5,"dead":true,"age":6.466667003929615,"tripped":false,"shoves":0,"trips":0},"active":false,"score":100}
