-- The C compiler identification is GNU 15.2.0
-- The CXX compiler identification is GNU 15.2.0
-- Detecting C compiler ABI info
-- Detecting C compiler ABI info - done
-- Check for working C compiler: /usr/bin/cc - skipped
-- Detecting C compile features
-- Detecting C compile features - done
-- Detecting CXX compiler ABI info
-- Detecting CXX compiler ABI info - done
-- Check for working CXX compiler: /usr/bin/c++ - skipped
-- Detecting CXX compile features
-- Detecting CXX compile features - done
WARNHarfBuzz has a Meson port and tries to migrate all the other build systems to it, please consider using it as we might remove our cmake port soon.
-- Found Python3: /usr/bin/python3 (found version "3.14.4") found components: Interpreter
-- Looking for atexit
-- Looking for atexit - found
-- Looking for mprotect
-- Looking for mprotect - found
-- Looking for sysconf
-- Looking for sysconf - found
-- Looking for getpagesize
-- Looking for getpagesize - found
-- Looking for mmap
-- Looking for mmap - found
-- Looking for isatty
-- Looking for isatty - found
-- Looking for unistd.h
-- Looking for unistd.h - found
-- Looking for sys/mman.h
-- Looking for sys/mman.h - found
-- Looking for stdbool.h
-- Looking for stdbool.h - found
-- Performing Test CMAKE_HAVE_LIBC_PTHREAD
-- Performing Test CMAKE_HAVE_LIBC_PTHREAD - Success
-- Found Threads: TRUE
-- Performing Test CXX_SUPPORTS_FLAG_BSYMB_FUNCS
-- Performing Test CXX_SUPPORTS_FLAG_BSYMB_FUNCS - Success
-- Performing Test COMPILER_SUPPORTS_CXX11
-- Performing Test COMPILER_SUPPORTS_CXX11 - Success
CMake Deprecation Warning at build/_deps/judas_freetype-src/CMakeLists.txt:113 (cmake_minimum_required):
  Compatibility with CMake < 3.10 will be removed from a future version of
  CMake.

  Update the VERSION argument <min> value.  Or, use the <min>...<max> syntax
  to tell CMake that the project requires at least <min> but has been updated
  to work with policies introduced by <max> or earlier.


-- Found PkgConfig: /usr/bin/pkg-config (found version "2.5.1")
-- Looking for fcntl.h
-- Looking for fcntl.h - found
-- Configuring done (4.0s)
-- Generating done (0.4s)
-- Build files have been written to: /home/conner/Documents/GitHub/Project-Judas/build
