JS: {"t":0.02,"mode":"air","p":[0,20.2,-25.5],"v":[0,-0.22,0],"sup":false,"spd":0,"cr":false,"ev":""}
JS: checkpoint 1 0.00
JS: {"t":0.03,"mode":"ground","p":[0,20.12,-25.5],"v":[0,-0.6,0],"sup":true,"spd":0,"cr":false,"ev":""}
JS: {"t":0.05,"mode":"ground","p":[0,20.12,-25.5],"v":[0,-0.6,0],"sup":true,"spd":0,"cr":false,"ev":""}
JS: {"t":0.07,"mode":"ground","p":[0,20.12,-25.5],"v":[0,-0.6,0],"sup":true,"spd":0,"cr":false,"ev":""}
JS: {"t":0.08,"mode":"ground","p":[0,20.12,-25.5],"v":[0,-0.6,0],"sup":true,"spd":0,"cr":false,"ev":""}
JS: {"t":0.1,"mode":"ground","p":[0,20.12,-25.5],"v":[0,-0.6,0],"sup":true,"spd":0,"cr":false,"ev":""}
JS: {"t":0.12,"mode":"ground","p":[0,20.12,-25.5],"v":[0,-0.6,0],"sup":true,"spd":0,"cr":false,"ev":""}
JS: {"t":0.13,"mode":"ground","p":[0,20.12,-25.5],"v":[0,-0.6,0],"sup":true,"spd":0,"cr":false,"ev":""}
JS: {"t":0.15,"mode":"ground","p":[0,20.12,-25.5],"v":[0,-0.6,0],"sup":true,"spd":0,"cr":false,"ev":""}
JS: {"t":0.17,"mode":"ground","p":[0,20.12,-25.5],"v":[0,-0.6,0],"sup":true,"spd":0,"cr":false,"ev":""}
JS: {"t":0.18,"mode":"ground","p":[0,20.12,-25.5],"v":[0,-0.6,0],"sup":true,"spd":0,"cr":false,"ev":""}
JS: {"t":0.2,"mode":"ground","p":[0,20.12,-25.5],"v":[0,-0.6,0],"sup":true,"spd":0,"cr":false,"ev":""}
JS: {"t":0.22,"mode":"ground","p":[0,20.12,-25.5],"v":[0,-0.6,0],"sup":true,"spd":0,"cr":false,"ev":""}
JS: {"t":0.23,"mode":"ground","p":[0,20.12,-25.5],"v":[0,-0.6,0],"sup":true,"spd":0,"cr":false,"ev":""}
JS: {"t":0.25,"mode":"ground","p":[0,20.12,-25.5],"v":[0,-0.6,0],"sup":true,"spd":0,"cr":false,"ev":""}
JS: {"t":0.27,"mode":"ground","p":[0,20.12,-25.5],"v":[0,-0.6,0],"sup":true,"spd":0,"cr":false,"ev":""}
JS: {"t":0.28,"mode":"ground","p":[0,20.12,-25.5],"v":[0,-0.6,0],"sup":true,"spd":0,"cr":false,"ev":""}
JS: {"t":0.3,"mode":"ground","p":[0,20.12,-25.5],"v":[0,-0.6,0],"sup":true,"spd":0,"cr":false,"ev":""}
JS: {"t":0.32,"mode":"ground","p":[0,20.12,-25.5],"v":[0,-0.6,0],"sup":true,"spd":0,"cr":false,"ev":""}
JS: {"t":0.33,"mode":"ground","p":[0,20.12,-25.5],"v":[0,-0.6,0],"sup":true,"spd":0,"cr":false,"ev":""}
JS: {"t":0.35,"mode":"ground","p":[0,20.12,-25.5],"v":[0,-0.6,0],"sup":true,"spd":0,"cr":false,"ev":""}
JS: {"t":0.37,"mode":"ground","p":[0,20.12,-25.5],"v":[0,-0.6,0],"sup":true,"spd":0,"cr":false,"ev":""}
JS: {"t":0.38,"mode":"ground","p":[0,20.12,-25.5],"v":[0,-0.6,0],"sup":true,"spd":0,"cr":false,"ev":""}
JS: {"t":0.4,"mode":"ground","p":[0,20.12,-25.5],"v":[0,-0.6,0],"sup":true,"spd":0,"cr":false,"ev":""}
JS: {"t":0.42,"mode":"ground","p":[0,20.12,-25.5],"v":[0,-0.6,0],"sup":true,"spd":0,"cr":false,"ev":""}
JS: {"t":0.43,"mode":"ground","p":[0,20.12,-25.5],"v":[0,-0.6,0],"sup":true,"spd":0,"cr":false,"ev":""}
JS: {"t":0.45,"mode":"ground","p":[0,20.12,-25.5],"v":[0,-0.6,0],"sup":true,"spd":0,"cr":false,"ev":""}
JS: {"t":0.47,"mode":"ground","p":[0,20.12,-25.5],"v":[0,-0.6,0],"sup":true,"spd":0,"cr":false,"ev":""}
JS: {"t":0.48,"mode":"ground","p":[0,20.12,-25.5],"v":[0,-0.6,0],"sup":true,"spd":0,"cr":false,"ev":""}
JS: {"t":0.5,"mode":"ground","p":[0,20.12,-25.5],"v":[0,-0.6,0],"sup":true,"spd":0,"cr":false,"ev":""}
JS: {"t":0.52,"mode":"ground","p":[0,20.12,-25.5],"v":[0,-0.6,0],"sup":true,"spd":0,"cr":false,"ev":""}
JS: {"t":0.53,"mode":"ground","p":[0,20.12,-25.5],"v":[0,-0.6,0],"sup":true,"spd":0,"cr":false,"ev":""}
JS: {"t":0.55,"mode":"ground","p":[0,20.12,-25.5],"v":[0,-0.6,0],"sup":true,"spd":0,"cr":false,"ev":""}
JS: {"t":0.57,"mode":"ground","p":[0,20.12,-25.5],"v":[0,-0.6,0],"sup":true,"spd":0,"cr":false,"ev":""}
JS: {"t":0.58,"mode":"ground","p":[0,20.12,-25.5],"v":[0,-0.6,0],"sup":true,"spd":0,"cr":false,"ev":""}
JS: {"t":0.6,"mode":"ground","p":[0,20.12,-25.5],"v":[0,-0.6,0],"sup":true,"spd":0,"cr":false,"ev":""}
JS: {"t":0.62,"mode":"ground","p":[0,20.12,-25.5],"v":[0,-0.6,0],"sup":true,"spd":0,"cr":false,"ev":""}
JS: {"t":0.63,"mode":"ground","p":[0,20.12,-25.5],"v":[0,-0.6,0],"sup":true,"spd":0,"cr":false,"ev":""}
JS: {"t":0.65,"mode":"ground","p":[0,20.12,-25.5],"v":[0,-0.6,0],"sup":true,"spd":0,"cr":false,"ev":""}
JS: {"t":0.67,"mode":"ground","p":[0,20.12,-25.5],"v":[0,-0.6,0],"sup":true,"spd":0,"cr":false,"ev":""}
JS: {"t":0.68,"mode":"ground","p":[0,20.12,-25.5],"v":[0,-0.6,0],"sup":true,"spd":0,"cr":false,"ev":""}
JS: {"t":0.7,"mode":"ground","p":[0,20.12,-25.5],"v":[0,-0.6,0],"sup":true,"spd":0,"cr":false,"ev":""}
JS: {"t":0.72,"mode":"ground","p":[0,20.12,-25.5],"v":[0,-0.6,0],"sup":true,"spd":0,"cr":false,"ev":""}
JS: {"t":0.73,"mode":"ground","p":[0,20.12,-25.5],"v":[0,-0.6,0],"sup":true,"spd":0,"cr":false,"ev":""}
JS: {"t":0.75,"mode":"ground","p":[0,20.12,-25.5],"v":[0,-0.6,0],"sup":true,"spd":0,"cr":false,"ev":""}
JS: {"t":0.77,"mode":"ground","p":[0,20.12,-25.5],"v":[0,-0.6,0],"sup":true,"spd":0,"cr":false,"ev":""}
JS: {"t":0.78,"mode":"ground","p":[0,20.12,-25.5],"v":[0,-0.6,0],"sup":true,"spd":0,"cr":false,"ev":""}
JS: {"t":0.8,"mode":"ground","p":[0,20.12,-25.5],"v":[0,-0.6,0],"sup":true,"spd":0,"cr":false,"ev":""}
JS: {"t":0.82,"mode":"ground","p":[0,20.12,-25.5],"v":[0,-0.6,0],"sup":true,"spd":0,"cr":false,"ev":""}
JS: {"t":0.83,"mode":"ground","p":[0,20.12,-25.5],"v":[0,-0.6,0],"sup":true,"spd":0,"cr":false,"ev":""}
JS: {"t":0.85,"mode":"ground","p":[0,20.12,-25.5],"v":[0,-0.6,0],"sup":true,"spd":0,"cr":false,"ev":""}
JS: {"t":0.87,"mode":"ground","p":[0,20.12,-25.5],"v":[0,-0.6,0],"sup":true,"spd":0,"cr":false,"ev":""}
JS: {"t":0.88,"mode":"ground","p":[0,20.12,-25.5],"v":[0,-0.6,0],"sup":true,"spd":0,"cr":false,"ev":""}
JS: {"t":0.9,"mode":"ground","p":[0,20.12,-25.5],"v":[0,-0.6,0],"sup":true,"spd":0,"cr":false,"ev":""}
JS: {"t":0.92,"mode":"ground","p":[0,20.12,-25.5],"v":[0,-0.6,0],"sup":true,"spd":0,"cr":false,"ev":""}
JS: {"t":0.93,"mode":"ground","p":[0,20.12,-25.5],"v":[0,-0.6,0],"sup":true,"spd":0,"cr":false,"ev":""}
JS: {"t":0.95,"mode":"ground","p":[0,20.12,-25.5],"v":[0,-0.6,0],"sup":true,"spd":0,"cr":false,"ev":""}
JS: {"t":0.97,"mode":"ground","p":[0,20.12,-25.5],"v":[0,-0.6,0],"sup":true,"spd":0,"cr":false,"ev":""}
JS: {"t":0.98,"mode":"ground","p":[0,20.12,-25.5],"v":[0,-0.6,0],"sup":true,"spd":0,"cr":false,"ev":""}
JS: {"t":1,"mode":"ground","p":[0,20.12,-25.5],"v":[0,-0.6,-0.3],"sup":true,"spd":0.3,"cr":false,"ev":""}
JS: {"t":1.02,"mode":"ground","p":[0,20.12,-25.5],"v":[0,-0.6,-0.6],"sup":true,"spd":0.6,"cr":false,"ev":""}
JS: {"t":1.03,"mode":"ground","p":[0,20.12,-25.51],"v":[0,-0.6,-0.9],"sup":true,"spd":0.9,"cr":false,"ev":""}
JS: {"t":1.05,"mode":"ground","p":[0,20.12,-25.53],"v":[0,-0.6,-1.2],"sup":true,"spd":1.2,"cr":false,"ev":""}
JS: {"t":1.07,"mode":"ground","p":[0,20.12,-25.55],"v":[0,-0.6,-1.5],"sup":true,"spd":1.5,"cr":false,"ev":""}
JS: {"t":1.08,"mode":"ground","p":[0,20.12,-25.57],"v":[0,-0.6,-1.8],"sup":true,"spd":1.8,"cr":false,"ev":""}
JS: {"t":1.1,"mode":"ground","p":[0,20.12,-25.6],"v":[0,-0.6,-2.1],"sup":true,"spd":2.1,"cr":false,"ev":""}
JS: {"t":1.12,"mode":"ground","p":[0,20.12,-25.64],"v":[0,-0.6,-2.4],"sup":true,"spd":2.4,"cr":false,"ev":""}
JS: {"t":1.13,"mode":"ground","p":[0,20.12,-25.68],"v":[0,-0.6,-2.7],"sup":true,"spd":2.7,"cr":false,"ev":""}
JS: {"t":1.15,"mode":"ground","p":[0,20.12,-25.73],"v":[0,-0.6,-3],"sup":true,"spd":3,"cr":false,"ev":""}
JS: {"t":1.17,"mode":"ground","p":[0,20.12,-25.77],"v":[0,-0.6,-3.3],"sup":true,"spd":3.3,"cr":false,"ev":""}
JS: {"t":1.18,"mode":"ground","p":[0,20.12,-25.83],"v":[0,-0.6,-3.6],"sup":true,"spd":3.6,"cr":false,"ev":""}
JS: {"t":1.2,"mode":"ground","p":[0,20.12,-25.89],"v":[0,-0.6,-3.9],"sup":true,"spd":3.9,"cr":false,"ev":""}
JS: {"t":1.22,"mode":"ground","p":[0,20.12,-25.95],"v":[0,-0.6,-4.2],"sup":true,"spd":4.2,"cr":false,"ev":""}
JS: {"t":1.23,"mode":"ground","p":[0,20.12,-26.02],"v":[0,-0.6,-4.3],"sup":true,"spd":4.3,"cr":false,"ev":""}
JS: {"t":1.25,"mode":"ground","p":[0,20.12,-26.1],"v":[0,-0.6,-4.4],"sup":true,"spd":4.4,"cr":false,"ev":""}
JS: {"t":1.27,"mode":"ground","p":[0,20.12,-26.17],"v":[0,-0.6,-4.5],"sup":true,"spd":4.5,"cr":false,"ev":""}
JS: {"t":1.28,"mode":"ground","p":[0,20.12,-26.25],"v":[0,-0.6,-4.6],"sup":true,"spd":4.6,"cr":false,"ev":""}
JS: {"t":1.3,"mode":"ground","p":[0,20.12,-26.32],"v":[0,-0.6,-4.7],"sup":true,"spd":4.7,"cr":false,"ev":""}
JS: {"t":1.32,"mode":"ground","p":[0,20.12,-26.4],"v":[0,-0.6,-4.8],"sup":true,"spd":4.8,"cr":false,"ev":""}
JS: {"t":1.33,"mode":"ground","p":[0,20.12,-26.48],"v":[0,-0.6,-4.9],"sup":true,"spd":4.9,"cr":false,"ev":""}
JS: {"t":1.35,"mode":"ground","p":[0,20.12,-26.56],"v":[0,-0.6,-5],"sup":true,"spd":5,"cr":false,"ev":""}
JS: {"t":1.37,"mode":"ground","p":[0,20.12,-26.65],"v":[0,-0.6,-5.1],"sup":true,"spd":5.1,"cr":false,"ev":""}
JS: {"t":1.38,"mode":"ground","p":[0,20.12,-26.73],"v":[0,-0.6,-5.2],"sup":true,"spd":5.2,"cr":false,"ev":""}
JS: {"t":1.4,"mode":"ground","p":[0,20.12,-26.82],"v":[0,-0.6,-5.3],"sup":true,"spd":5.3,"cr":false,"ev":""}
JS: {"t":1.42,"mode":"ground","p":[0,20.12,-26.9],"v":[0,-0.6,-5.4],"sup":true,"spd":5.4,"cr":false,"ev":""}
JS: {"t":1.43,"mode":"ground","p":[0,20.12,-26.99],"v":[0,-0.6,-5.5],"sup":true,"spd":5.5,"cr":false,"ev":""}
JS: {"t":1.45,"mode":"ground","p":[0,20.12,-27.09],"v":[0,-0.6,-5.6],"sup":true,"spd":5.6,"cr":false,"ev":""}
JS: {"t":1.47,"mode":"ground","p":[0,20.12,-27.18],"v":[0,-0.6,-5.7],"sup":true,"spd":5.7,"cr":false,"ev":""}
JS: {"t":1.48,"mode":"ground","p":[0,20.12,-27.27],"v":[0,-0.6,-5.8],"sup":true,"spd":5.8,"cr":false,"ev":""}
JS: {"t":1.5,"mode":"ground","p":[0,20.12,-27.37],"v":[0,-0.6,-5.9],"sup":true,"spd":5.9,"cr":false,"ev":""}
JS: {"t":1.52,"mode":"ground","p":[0,20.12,-27.47],"v":[0,-0.6,-6],"sup":true,"spd":6,"cr":false,"ev":""}
JS: {"t":1.53,"mode":"ground","p":[0,20.12,-27.57],"v":[0,-0.6,-6.1],"sup":true,"spd":6.1,"cr":false,"ev":""}
JS: {"t":1.55,"mode":"ground","p":[0,20.12,-27.67],"v":[0,-0.6,-6.2],"sup":true,"spd":6.2,"cr":false,"ev":""}
JS: {"t":1.57,"mode":"ground","p":[0,20.12,-27.77],"v":[0,-0.6,-6.3],"sup":true,"spd":6.3,"cr":false,"ev":""}
JS: {"t":1.58,"mode":"ground","p":[0,20.12,-27.88],"v":[0,-0.6,-6.4],"sup":true,"spd":6.4,"cr":false,"ev":""}
JS: {"t":1.6,"mode":"ground","p":[0,20.12,-27.99],"v":[0,-0.6,-6.5],"sup":true,"spd":6.5,"cr":false,"ev":""}
JS: {"t":1.62,"mode":"ground","p":[0,20.12,-28.09],"v":[0,-0.6,-6.55],"sup":true,"spd":6.55,"cr":false,"ev":""}
JS: {"t":1.63,"mode":"ground","p":[0,20.12,-28.2],"v":[0,-0.6,-6.6],"sup":true,"spd":6.6,"cr":false,"ev":""}
JS: {"t":1.65,"mode":"ground","p":[0,20.12,-28.31],"v":[0,-0.6,-6.65],"sup":true,"spd":6.65,"cr":false,"ev":""}
JS: {"t":1.67,"mode":"ground","p":[0,20.12,-28.43],"v":[0,-0.6,-6.7],"sup":true,"spd":6.7,"cr":false,"ev":""}
JS: {"t":1.68,"mode":"ground","p":[0,20.12,-28.54],"v":[0,-0.6,-6.75],"sup":true,"spd":6.75,"cr":false,"ev":""}
JS: {"t":1.7,"mode":"ground","p":[0,20.12,-28.65],"v":[0,-0.6,-6.8],"sup":true,"spd":6.8,"cr":false,"ev":""}
JS: {"t":1.72,"mode":"ground","p":[0,20.12,-28.76],"v":[0,-0.6,-6.85],"sup":true,"spd":6.85,"cr":false,"ev":""}
JS: {"t":1.73,"mode":"ground","p":[0,20.12,-28.88],"v":[0,-0.6,-6.9],"sup":true,"spd":6.9,"cr":false,"ev":""}
JS: {"t":1.75,"mode":"ground","p":[0,20.12,-28.99],"v":[0,-0.6,-6.95],"sup":true,"spd":6.95,"cr":false,"ev":""}
JS: {"t":1.77,"mode":"ground","p":[0,20.12,-29.11],"v":[0,-0.6,-7],"sup":true,"spd":7,"cr":false,"ev":""}
JS: {"t":1.78,"mode":"ground","p":[0,20.12,-29.22],"v":[0,-0.6,-7.05],"sup":true,"spd":7.05,"cr":false,"ev":""}
JS: {"t":1.8,"mode":"ground","p":[0,20.12,-29.34],"v":[0,-0.6,-7.1],"sup":true,"spd":7.1,"cr":false,"ev":""}
JS: {"t":1.82,"mode":"ground","p":[0,20.12,-29.46],"v":[0,-0.6,-7.15],"sup":true,"spd":7.15,"cr":false,"ev":""}
JS: {"t":1.83,"mode":"ground","p":[0,20.12,-29.58],"v":[0,-0.6,-7.2],"sup":true,"spd":7.2,"cr":false,"ev":""}
JS: {"t":1.85,"mode":"ground","p":[0,20.12,-29.7],"v":[0,-0.6,-7.25],"sup":true,"spd":7.25,"cr":false,"ev":""}
JS: {"t":1.87,"mode":"ground","p":[0,20.12,-29.82],"v":[0,-0.6,-7.3],"sup":true,"spd":7.3,"cr":false,"ev":""}
JS: {"t":1.88,"mode":"ground","p":[0,20.12,-29.94],"v":[0,-0.6,-7.35],"sup":true,"spd":7.35,"cr":false,"ev":""}
JS: {"t":1.9,"mode":"ground","p":[0,20.12,-30.06],"v":[0,-0.6,-7.4],"sup":true,"spd":7.4,"cr":false,"ev":""}
JS: {"t":1.92,"mode":"ground","p":[0,20.12,-30.19],"v":[0,-0.6,-7.45],"sup":true,"spd":7.45,"cr":false,"ev":""}
JS: {"t":1.93,"mode":"ground","p":[0,20.12,-30.31],"v":[0,-0.6,-7.5],"sup":true,"spd":7.5,"cr":false,"ev":""}
JS: {"t":1.95,"mode":"ground","p":[0,20.12,-30.44],"v":[0,-0.6,-7.55],"sup":true,"spd":7.55,"cr":false,"ev":""}
JS: {"t":1.97,"mode":"ground","p":[0,20.12,-30.56],"v":[0,-0.6,-7.6],"sup":true,"spd":7.6,"cr":false,"ev":""}
JS: {"t":1.98,"mode":"ground","p":[0,20.12,-30.69],"v":[0,-0.6,-7.65],"sup":true,"spd":7.65,"cr":false,"ev":""}
JS: {"t":2,"mode":"ground","p":[0,20.12,-30.82],"v":[0,-0.6,-7.28],"sup":true,"spd":7.28,"cr":false,"ev":""}
JS: {"t":2.02,"mode":"ground","p":[0,20.12,-30.94],"v":[0,-0.6,-6.92],"sup":true,"spd":6.92,"cr":false,"ev":""}
JS: {"t":2.03,"mode":"ground","p":[0,20.12,-31.05],"v":[0,-0.6,-6.55],"sup":true,"spd":6.55,"cr":false,"ev":""}
JS: {"t":2.05,"mode":"ground","p":[0,20.12,-31.16],"v":[0,-0.6,-6.18],"sup":true,"spd":6.18,"cr":false,"ev":""}
JS: {"t":2.07,"mode":"ground","p":[0,20.12,-31.27],"v":[0,-0.6,-5.82],"sup":true,"spd":5.82,"cr":false,"ev":""}
JS: {"t":2.08,"mode":"ground","p":[0,20.12,-31.36],"v":[0,-0.6,-5.45],"sup":true,"spd":5.45,"cr":false,"ev":""}
JS: {"t":2.1,"mode":"ground","p":[0,20.12,-31.45],"v":[0,-0.6,-5.08],"sup":true,"spd":5.08,"cr":false,"ev":""}
JS: {"t":2.12,"mode":"ground","p":[0,20.12,-31.54],"v":[0,-0.6,-4.72],"sup":true,"spd":4.72,"cr":false,"ev":""}
JS: {"t":2.13,"mode":"ground","p":[0,20.12,-31.62],"v":[0,-0.6,-4.35],"sup":true,"spd":4.35,"cr":false,"ev":""}
JS: {"t":2.15,"mode":"ground","p":[0,20.12,-31.69],"v":[0,-0.6,-3.98],"sup":true,"spd":3.98,"cr":false,"ev":""}
JS: {"t":2.17,"mode":"ground","p":[0,20.12,-31.76],"v":[0,-0.6,-3.62],"sup":true,"spd":3.62,"cr":false,"ev":""}
JS: {"t":2.18,"mode":"ground","p":[0,20.12,-31.82],"v":[0,-0.6,-3.25],"sup":true,"spd":3.25,"cr":false,"ev":""}
JS: {"t":2.2,"mode":"ground","p":[0,20.12,-31.87],"v":[0,-0.6,-2.88],"sup":true,"spd":2.88,"cr":false,"ev":""}
JS: {"t":2.22,"mode":"ground","p":[0,20.12,-31.92],"v":[0,-0.6,-2.52],"sup":true,"spd":2.52,"cr":false,"ev":""}
JS: {"t":2.23,"mode":"ground","p":[0,20.12,-31.96],"v":[0,-0.6,-2.15],"sup":true,"spd":2.15,"cr":false,"ev":""}
JS: {"t":2.25,"mode":"ground","p":[0,20.12,-32],"v":[0,-0.6,-1.78],"sup":true,"spd":1.78,"cr":false,"ev":""}
JS: {"t":2.27,"mode":"ground","p":[0,20.12,-32.03],"v":[0,-0.6,-1.42],"sup":true,"spd":1.42,"cr":false,"ev":""}
JS: {"t":2.28,"mode":"ground","p":[0,20.12,-32.05],"v":[0,-0.6,-1.05],"sup":true,"spd":1.05,"cr":false,"ev":""}
JS: {"t":2.3,"mode":"ground","p":[0,20.12,-32.07],"v":[0,-0.6,-0.68],"sup":true,"spd":0.68,"cr":false,"ev":""}
JS: {"t":2.32,"mode":"ground","p":[0,20.12,-32.08],"v":[0,-0.6,-0.32],"sup":true,"spd":0.32,"cr":false,"ev":""}
JS: {"t":2.33,"mode":"ground","p":[0,20.12,-32.08],"v":[0,-0.6,0],"sup":true,"spd":0,"cr":false,"ev":""}
Consumer observation frames=140 scriptErrors=0
Renderer fragment texture units: 32 (material path uses 12)
World state: legacy .judasstate (F6/F7) saves disabled for additive compositions; save slots remain available
Project: Judas Three Games (/tmp/judas-post-m65-v68el3cg/project/post_m65_consumers.judasproj)
Scene: Rooftop Run (/tmp/judas-post-m65-v68el3cg/project/Scenes/rooftop/rooftops.judas)
World origin (m): 0.000, 0.000, 0.000
