Renderer fragment texture units: 32 (material path uses 12)
[editor autotest] duplicate created id 1000: scene CHANGED; undo restores: IDENTICAL
[editor autotest] export project: Exported /home/conner/Documents/GitHub/Project-Judas/.cache/m70-review/package-hud-final (8 assets)
[editor autotest] wrote: /home/conner/Documents/GitHub/Project-Judas/.cache/m70-review/editor-hud-final.edit.png
[editor autotest] edit frame: 21 draw calls, 492 triangles, 137 debug lines
Mouse capture failed: No relative mode implementation available
Mouse capture failed: No relative mode implementation available
Mouse capture failed: No relative mode implementation available
Mouse capture failed: No relative mode implementation available
Mouse capture failed: No relative mode implementation available
Mouse capture failed: No relative mode implementation available
Mouse capture failed: No relative mode implementation available
Mouse capture failed: No relative mode implementation available
Mouse capture failed: No relative mode implementation available
Mouse capture failed: No relative mode implementation available
Mouse capture failed: No relative mode implementation available
Mouse capture failed: No relative mode implementation available
Mouse capture failed: No relative mode implementation available
Mouse capture failed: No relative mode implementation available
Mouse capture failed: No relative mode implementation available
Mouse capture failed: No relative mode implementation available
Mouse capture failed: No relative mode implementation available
Mouse capture failed: No relative mode implementation available
Mouse capture failed: No relative mode implementation available
Mouse capture failed: No relative mode implementation available
Mouse capture failed: No relative mode implementation available
Mouse capture failed: No relative mode implementation available
Mouse capture failed: No relative mode implementation available
Mouse capture failed: No relative mode implementation available
Mouse capture failed: No relative mode implementation available
Mouse capture failed: No relative mode implementation available
Mouse capture failed: No relative mode implementation available
Mouse capture failed: No relative mode implementation available
Mouse capture failed: No relative mode implementation available
Mouse capture failed: No relative mode implementation available
Mouse capture failed: No relative mode implementation available
Mouse capture failed: No relative mode implementation available
Mouse capture failed: No relative mode implementation available
Mouse capture failed: No relative mode implementation available
Mouse capture failed: No relative mode implementation available
Mouse capture failed: No relative mode implementation available
Mouse capture failed: No relative mode implementation available
Mouse capture failed: No relative mode implementation available
Mouse capture failed: No relative mode implementation available
Mouse capture failed: No relative mode implementation available
Mouse capture failed: No relative mode implementation available
Mouse capture failed: No relative mode implementation available
Mouse capture failed: No relative mode implementation available
Mouse capture failed: No relative mode implementation available
Mouse capture failed: No relative mode implementation available
Mouse capture failed: No relative mode implementation available
Mouse capture failed: No relative mode implementation available
Mouse capture failed: No relative mode implementation available
Mouse capture failed: No relative mode implementation available
Mouse capture failed: No relative mode implementation available
Mouse capture failed: No relative mode implementation available
Mouse capture failed: No relative mode implementation available
Mouse capture failed: No relative mode implementation available
Mouse capture failed: No relative mode implementation available
Mouse capture failed: No relative mode implementation available
Mouse capture failed: No relative mode implementation available
Mouse capture failed: No relative mode implementation available
Mouse capture failed: No relative mode implementation available
Mouse capture failed: No relative mode implementation available
Mouse capture failed: No relative mode implementation available
Mouse capture failed: No relative mode implementation available
Mouse capture failed: No relative mode implementation available
Mouse capture failed: No relative mode implementation available
Mouse capture failed: No relative mode implementation available
Mouse capture failed: No relative mode implementation available
Mouse capture failed: No relative mode implementation available
Mouse capture failed: No relative mode implementation available
Mouse capture failed: No relative mode implementation available
Mouse capture failed: No relative mode implementation available
Mouse capture failed: No relative mode implementation available
Mouse capture failed: No relative mode implementation available
Mouse capture failed: No relative mode implementation available
Mouse capture failed: No relative mode implementation available
Mouse capture failed: No relative mode implementation available
Mouse capture failed: No relative mode implementation available
Mouse capture failed: No relative mode implementation available
Mouse capture failed: No relative mode implementation available
Mouse capture failed: No relative mode implementation available
Mouse capture failed: No relative mode implementation available
Mouse capture failed: No relative mode implementation available
Mouse capture failed: No relative mode implementation available
Mouse capture failed: No relative mode implementation available
Mouse capture failed: No relative mode implementation available
Mouse capture failed: No relative mode implementation available
Mouse capture failed: No relative mode implementation available
Mouse capture failed: No relative mode implementation available
Mouse capture failed: No relative mode implementation available
Mouse capture failed: No relative mode implementation available
Mouse capture failed: No relative mode implementation available
Mouse capture failed: No relative mode implementation available
Mouse capture failed: No relative mode implementation available
Mouse capture failed: No relative mode implementation available
Mouse capture failed: No relative mode implementation available
Mouse capture failed: No relative mode implementation available
Mouse capture failed: No relative mode implementation available
Mouse capture failed: No relative mode implementation available
Mouse capture failed: No relative mode implementation available
Mouse capture failed: No relative mode implementation available
Mouse capture failed: No relative mode implementation available
Mouse capture failed: No relative mode implementation available
Mouse capture failed: No relative mode implementation available
Mouse capture failed: No relative mode implementation available
Mouse capture failed: No relative mode implementation available
Mouse capture failed: No relative mode implementation available
Mouse capture failed: No relative mode implementation available
Mouse capture failed: No relative mode implementation available
Mouse capture failed: No relative mode implementation available
Mouse capture failed: No relative mode implementation available
Mouse capture failed: No relative mode implementation available
Mouse capture failed: No relative mode implementation available
Mouse capture failed: No relative mode implementation available
Mouse capture failed: No relative mode implementation available
Mouse capture failed: No relative mode implementation available
Mouse capture failed: No relative mode implementation available
Mouse capture failed: No relative mode implementation available
Mouse capture failed: No relative mode implementation available
Mouse capture failed: No relative mode implementation available
Mouse capture failed: No relative mode implementation available
Mouse capture failed: No relative mode implementation available
[editor autotest] wrote: /home/conner/Documents/GitHub/Project-Judas/.cache/m70-review/editor-hud-final.play.png
[editor autotest] play frame: 0 steps, step 2.137 ms, 7 bodies, 0 contacts, 39 draw calls, 984 triangles, 1 shadow passes, 0 lights, 232 debug lines, 0 particles
[editor autotest] resources: 2 meshes, 0 textures, 0 terrain meshes, hits 908, misses 3, failed 0, uploads 2, resident 938039 bytes
[editor autotest] jobs: 7 workers, 3 completed, 0 failed, 0 cancelled
Mouse capture failed: No relative mode implementation available
[editor autotest] authored scene after play/stop is IDENTICAL
[editor autotest] save ok
