libEGL warning: Not allowed to force software rendering when API explicitly selects a hardware device.
Renderer fragment texture units: 32 (material path uses 12)
PASS actual GL host: 
PASS ordinary registered project: 
PASS approved fixture is a full 65-joint six-part two-skin source
PASS variation has different names and proportions
PASS registered wall scene loads: 
PASS ordinary wall world: loading
PASS async multipart resources published: 
FAIL full runtime hierarchy and both palettes retained
PASS resource publication retains all imported mesh parts
PASS normal fixed-step session: 
PASS lab script executes using public APIs
PASS four contacts resolved independently on both imported rig variations
PASS mapping uses each instance's actual skeleton identity
FAIL unreachable target remains a bounded finite compromise
PASS IK root correction does not move the entity or motor root
FAIL existing head-hidden layer remains safe beside shared IK
FAIL Carry and hidden-head masks remain per-instance with crossfade playback
PASS resolved joint world pose remains available
PASS socket follows final resolved hierarchy
PASS extra presentation queries do not advance the authoritative clip
PASS lab uses ordinary script-owned projection range
PASS save captures IK, layers, clip, sockets and script state: 
PASS cold normal participant restoration: 
FAIL restored targets/layers preserved without fresh activation
PASS cold restore callback is safe
PASS nonphysical shared IK can suspend through normal streaming participant
FAIL stream suspension keeps durable target/layer configuration: 
PASS reimport publication rebuilds mapping against replacement immutable asset
PASS Stop/transition cleans the current lab world
PASS multi-target-ik registered example
PASS multi-target-ik normal fixture world: 
PASS multi-target-ik unmodified example executes
PASS copyable shared-target configuration/update/clear outcomes
FAIL physical-animation registered example
FAIL physical-animation normal fixture world: authored scene fingerprint: object 21 body: invalid script slot/properties: 
PASS ordinary articulated-owner callback probe registered
PASS physical scene ordinary startup: 
PASS partial scene public API startup
PASS two independent complete mappings enter partial mode
PASS partial keeps explicit anchors while selected physical region is dynamic
PASS active articulation is not silently demoted by streaming
FAIL public prefab spawn is included in lab controller state
PASS public ordinary hit reaches the actual arm body
PASS ordinary owner contact callbacks safe after full release
PASS actual M42 contact reaches articulated owner with safe selfBody/selfJoint/other
PASS queued authority transition remains pinned for streaming
PASS save captures passive articulation, pending transition and spawned owner: 
PASS partial/full-body participant cold restoration: 
PASS restored actual authority and queued request remain distinct
PASS destroy removes owned bodies, constraints and physical state
PASS destroyed mapped generation cannot alias a surviving body
PASS remaining independent owner queues normal retirement
PASS completed return retires physics/pose contributor and restores stream eligibility
SUMMARY 53 checks 9 failures
