libEGL warning: Not allowed to force software rendering when API explicitly selects a hardware device.
Renderer fragment texture units: 32 (material path uses 12)
asset 97c3acdb99c5ffefb002c03ecec7a8ed: Optional extension ignored: KHR_materials_specular
asset 97c3acdb99c5ffefb002c03ecec7a8ed: Optional extension ignored: KHR_materials_specular
RIG sleep_latency_seconds=9 sleeping_fixed_ms=0.0251659
ARTICULATION id=200 sleeping=13/13
RIG count=1 mapped=13 sleeping=13 fixed_ms=0.108226
RIG resettle cycle=0 fixed_ms=0.0426492
RIG resettle cycle=1 fixed_ms=0.0466124
RIG resettle cycle=2 fixed_ms=0.0551907
RIG sleep_latency_seconds=13 sleeping_fixed_ms=0.503238
ARTICULATION id=200 sleeping=13/13
ARTICULATION id=201 sleeping=13/13
ARTICULATION id=202 sleeping=13/13
ARTICULATION id=203 sleeping=13/13
ARTICULATION id=204 sleeping=13/13
ARTICULATION id=205 sleeping=13/13
ARTICULATION id=206 sleeping=13/13
ARTICULATION id=207 sleeping=13/13
ARTICULATION id=208 sleeping=13/13
ARTICULATION id=209 sleeping=13/13
RIG count=10 mapped=130 sleeping=130 fixed_ms=7.27732
RIG resettle cycle=0 fixed_ms=0.56857
RIG resettle cycle=1 fixed_ms=0.561052
RIG resettle cycle=2 fixed_ms=0.547813
RIG sleep_latency_seconds=30 sleeping_fixed_ms=1.17633
ARTICULATION id=200 sleeping=13/13
ARTICULATION id=201 sleeping=13/13
ARTICULATION id=202 sleeping=13/13
ARTICULATION id=203 sleeping=13/13
ARTICULATION id=204 sleeping=13/13
ARTICULATION id=205 sleeping=13/13
ARTICULATION id=206 sleeping=13/13
ARTICULATION id=207 sleeping=13/13
ARTICULATION id=208 sleeping=13/13
ARTICULATION id=209 sleeping=13/13
ARTICULATION id=210 sleeping=13/13
ARTICULATION id=211 sleeping=13/13
ARTICULATION id=212 sleeping=13/13
ARTICULATION id=213 sleeping=13/13
ARTICULATION id=214 sleeping=13/13
ARTICULATION id=215 sleeping=13/13
ARTICULATION id=216 sleeping=13/13
ARTICULATION id=217 sleeping=13/13
ARTICULATION id=218 sleeping=13/13
ARTICULATION id=219 sleeping=13/13
RIG count=20 mapped=260 sleeping=260 fixed_ms=19.9746
RIG resettle cycle=0 fixed_ms=1.18216
RIG resettle cycle=1 fixed_ms=1.17238
RIG resettle cycle=2 fixed_ms=1.19916
Imported ragdoll checks 93 PASS
