[  0%] Built target judas_app_icon
[  5%] Built target judas_icu_build
[ 22%] Built target freetype
[ 27%] Built target judas_quickjs
[ 33%] Built target judas_navigation_backend
[ 33%] Built target judas_glad
[ 38%] Built target judas_profiler
[ 38%] Built target judas_audio_backend
[ 38%] Built target harfbuzz
[ 38%] Built target judas_materials
[ 44%] Building CXX object CMakeFiles/judas_engine.dir/src/DeformableAsset.cpp.o
[ 44%] Building CXX object CMakeFiles/judas_engine.dir/src/WorldFracture.cpp.o
[ 44%] Building CXX object CMakeFiles/judas_engine.dir/src/WorldDeformables.cpp.o
[ 44%] Building CXX object CMakeFiles/judas_engine.dir/src/Localization.cpp.o
[ 44%] Building CXX object CMakeFiles/judas_engine.dir/src/Material.cpp.o
[ 44%] Building CXX object CMakeFiles/judas_engine.dir/src/LiquidTypes.cpp.o
[ 50%] Building CXX object CMakeFiles/judas_engine.dir/src/LiquidSystem.cpp.o
[ 50%] Building CXX object CMakeFiles/judas_engine.dir/src/NavigationSystem.cpp.o
[ 50%] Building CXX object CMakeFiles/judas_engine.dir/src/NavigationTypes.cpp.o
[ 50%] Building CXX object CMakeFiles/judas_engine.dir/src/NavigationAsset.cpp.o
[ 50%] Building CXX object CMakeFiles/judas_engine.dir/src/WorldAnimation.cpp.o
[ 50%] Building CXX object CMakeFiles/judas_engine.dir/src/WorldRagdoll.cpp.o
[ 50%] Building CXX object CMakeFiles/judas_engine.dir/src/WorldCharacter.cpp.o
[ 50%] Building CXX object CMakeFiles/judas_engine.dir/src/WorldGravity.cpp.o
[ 55%] Building CXX object CMakeFiles/judas_engine.dir/src/WorldStreaming.cpp.o
[ 55%] Building CXX object CMakeFiles/judas_engine.dir/src/WorldRegions.cpp.o
[ 55%] Building CXX object CMakeFiles/judas_engine.dir/src/WorldScripts.cpp.o
[ 55%] Building CXX object CMakeFiles/judas_engine.dir/src/RuntimeUI.cpp.o
[ 55%] Building CXX object CMakeFiles/judas_engine.dir/src/ScriptSystem.cpp.o
[ 55%] Building CXX object CMakeFiles/judas_engine.dir/src/Classification.cpp.o
[ 55%] Building CXX object CMakeFiles/judas_engine.dir/src/ProjectExporter.cpp.o
[ 55%] Building CXX object CMakeFiles/judas_engine.dir/src/AssetDependencies.cpp.o
[ 55%] Building CXX object CMakeFiles/judas_engine.dir/src/WorldAudio.cpp.o
[ 55%] Building CXX object CMakeFiles/judas_engine.dir/src/DynamicBody.cpp.o
[ 55%] Building CXX object CMakeFiles/judas_engine.dir/src/CollisionAuthoring.cpp.o
[ 55%] Building CXX object CMakeFiles/judas_engine.dir/src/ObjectManipulation.cpp.o
[ 55%] Building CXX object CMakeFiles/judas_engine.dir/src/ProductionFluidCoupling.cpp.o
[ 55%] Building CXX object CMakeFiles/judas_engine.dir/src/Prefab.cpp.o
[ 55%] Building CXX object CMakeFiles/judas_engine.dir/src/Scene.cpp.o
[ 55%] Building CXX object CMakeFiles/judas_engine.dir/src/SceneSerialization.cpp.o
/home/conner/Documents/GitHub/Project-Judas/src/SceneSerialization.cpp: In function ‘bool {anonymous}::ParseObject(Reader&, const std::vector<Token>&, const Block&, SceneObject&)’:
/home/conner/Documents/GitHub/Project-Judas/src/SceneSerialization.cpp:772:9: warning: this ‘if’ clause does not guard... [-Wmisleading-indentation]
  772 |         if(!ValidGravitySelection(s,error))return reader.Fail(error);o.gravitySelection=s;
      |         ^~
/home/conner/Documents/GitHub/Project-Judas/src/SceneSerialization.cpp:772:70: note: ...this statement, but the latter is misleadingly indented as if it were guarded by the ‘if’
  772 |         if(!ValidGravitySelection(s,error))return reader.Fail(error);o.gravitySelection=s;
      |                                                                      ^
[ 55%] Building CXX object CMakeFiles/judas_engine.dir/src/NamedAuthoring.cpp.o
[ 55%] Building CXX object CMakeFiles/judas_engine.dir/src/SceneFingerprint.cpp.o
[ 55%] Building CXX object CMakeFiles/judas_engine.dir/src/AssetDatabase.cpp.o
[ 55%] Building CXX object CMakeFiles/judas_engine.dir/src/ResourceManager.cpp.o
[ 55%] Building CXX object CMakeFiles/judas_engine.dir/src/WorldDebugView.cpp.o
[ 61%] Building CXX object CMakeFiles/judas_engine.dir/src/SceneSession.cpp.o
[ 61%] Building CXX object CMakeFiles/judas_engine.dir/src/RuntimeWorld.cpp.o
/home/conner/Documents/GitHub/Project-Judas/src/RuntimeWorld.cpp: In member function ‘bool RuntimeWorld::SetMaterialSlot(EntityId, unsigned int, const MaterialSlot&)’:
/home/conner/Documents/GitHub/Project-Judas/src/RuntimeWorld.cpp:1507:2: warning: this ‘if’ clause does not guard... [-Wmisleading-indentation]
 1507 |  if(r.materials.size()<=slot)r.materials.resize(slot+1);r.materials[slot]=value;
      |  ^~
/home/conner/Documents/GitHub/Project-Judas/src/RuntimeWorld.cpp:1507:57: note: ...this statement, but the latter is misleadingly indented as if it were guarded by the ‘if’
 1507 |  if(r.materials.size()<=slot)r.materials.resize(slot+1);r.materials[slot]=value;
      |                                                         ^
/home/conner/Documents/GitHub/Project-Judas/src/RuntimeWorld.cpp: In member function ‘bool RuntimeWorld::SetRuntimeMaterial(EntityId, const std::string&, const MaterialSlot&)’:
/home/conner/Documents/GitHub/Project-Judas/src/RuntimeWorld.cpp:1524:2: warning: this ‘if’ clause does not guard... [-Wmisleading-indentation]
 1524 |  if(r.runtimeMaterials.size()>=64&&!r.runtimeMaterials.count(key))return false;r.runtimeMaterials[key]=value;
      |  ^~
/home/conner/Documents/GitHub/Project-Judas/src/RuntimeWorld.cpp:1524:80: note: ...this statement, but the latter is misleadingly indented as if it were guarded by the ‘if’
 1524 |  if(r.runtimeMaterials.size()>=64&&!r.runtimeMaterials.count(key))return false;r.runtimeMaterials[key]=value;
      |                                                                                ^
[ 61%] Building CXX object CMakeFiles/judas_engine.dir/src/GameSession.cpp.o
[ 61%] Building CXX object CMakeFiles/judas_engine.dir/src/Simulation.cpp.o
[ 61%] Building CXX object CMakeFiles/judas_engine.dir/src/WorldPresentation.cpp.o
[ 61%] Building CXX object CMakeFiles/judas_engine.dir/src/GameplayHud.cpp.o
[ 61%] Building CXX object CMakeFiles/judas_engine.dir/src/EngineHost.cpp.o
[ 61%] Building CXX object CMakeFiles/judas_engine.dir/src/InteractivePlay.cpp.o
[ 61%] Building CXX object CMakeFiles/judas_engine.dir/src/FidelityPolicy.cpp.o
[ 61%] Building CXX object CMakeFiles/judas_engine.dir/src/CoarseSimulation.cpp.o
[ 61%] Building CXX object CMakeFiles/judas_engine.dir/src/WorldState.cpp.o
[ 61%] Building CXX object CMakeFiles/judas_engine.dir/src/SaveStorage.cpp.o
[ 61%] Building CXX object CMakeFiles/judas_engine.dir/src/SaveService.cpp.o
[ 61%] Building CXX object CMakeFiles/judas_engine.dir/src/LiquidPersistence.cpp.o
[ 61%] Building CXX object CMakeFiles/judas_engine.dir/src/WorldPersistence.cpp.o
[ 61%] Linking CXX static library libjudas_engine.a
[100%] Built target judas_engine
[100%] Building CXX object CMakeFiles/judas_gravity_selection_tests.dir/tests/GravitySelectionTests.cpp.o
[100%] Linking CXX executable judas_gravity_selection_tests
[100%] Built target judas_gravity_selection_tests
[  0%] Built target judas_app_icon
[ 15%] Built target freetype
[ 21%] Built target judas_icu_build
[ 26%] Built target judas_quickjs
[ 31%] Built target judas_navigation_backend
[ 31%] Built target judas_glad
[ 36%] Built target judas_profiler
[ 36%] Built target judas_audio_backend
[ 36%] Built target harfbuzz
[ 36%] Built target judas_materials
[ 94%] Built target judas_engine
[ 94%] Building CXX object CMakeFiles/judas.dir/src/Application.cpp.o
[ 94%] Building CXX object CMakeFiles/judas.dir/src/RuntimeDiagnostics.cpp.o
[ 94%] Building CXX object CMakeFiles/judas.dir/src/RuntimeOptions.cpp.o
[100%] Building CXX object CMakeFiles/judas.dir/src/TestHarness.cpp.o
[100%] Linking CXX executable judas
[100%] Built target judas
[  0%] Built target judas_app_icon
[ 14%] Built target freetype
[ 19%] Built target judas_icu_build
[ 23%] Built target judas_quickjs
[ 28%] Built target judas_navigation_backend
[ 28%] Built target judas_glad
[ 33%] Built target judas_profiler
[ 33%] Built target judas_audio_backend
[ 33%] Built target harfbuzz
[ 33%] Built target judas_imgui
[ 33%] Built target judas_ufbx
[ 33%] Built target judas_materials
[ 85%] Built target judas_engine
[ 90%] Building CXX object CMakeFiles/judas_navigation_baker.dir/src/NavigationBake.cpp.o
[ 90%] Built target judas_model_import
[ 90%] Building CXX object CMakeFiles/judas_world_authoring.dir/src/authoring/ContentReferences.cpp.o
[ 90%] Linking CXX static library libjudas_navigation_baker.a
[ 95%] Built target judas_navigation_baker
[ 95%] Building CXX object CMakeFiles/judas_world_authoring.dir/src/authoring/WorldBuilder.cpp.o
[ 95%] Building CXX object CMakeFiles/judas_world_authoring.dir/src/authoring/AuthoringDocument.cpp.o
[ 95%] Building CXX object CMakeFiles/judas_world_authoring.dir/src/authoring/RecipePreview.cpp.o
[ 95%] Linking CXX static library libjudas_world_authoring.a
[ 95%] Built target judas_world_authoring
[ 95%] Building CXX object CMakeFiles/judas_editor.dir/src/editor/ComponentEditors.cpp.o
[ 95%] Building CXX object CMakeFiles/judas_editor.dir/src/editor/EditorApplication.cpp.o
[ 95%] Building CXX object CMakeFiles/judas_editor.dir/src/editor/EditorHistory.cpp.o
[ 95%] Building CXX object CMakeFiles/judas_editor.dir/src/editor/EditorMain.cpp.o
[ 95%] Building CXX object CMakeFiles/judas_editor.dir/src/editor/EditorPanels.cpp.o
[ 95%] Building CXX object CMakeFiles/judas_editor.dir/src/editor/EditorPicking.cpp.o
[ 95%] Building CXX object CMakeFiles/judas_editor.dir/src/editor/EditorWidgets.cpp.o
[ 95%] Building CXX object CMakeFiles/judas_editor.dir/src/editor/GizmoMath.cpp.o
[ 95%] Building CXX object CMakeFiles/judas_editor.dir/src/editor/WorldTools.cpp.o
[100%] Linking CXX executable judas_editor
[100%] Built target judas_editor
