[  0%] Built target judas_app_icon
[ 16%] Built target freetype
[ 22%] Built target judas_icu_build
[ 27%] Built target judas_quickjs
[ 33%] Built target judas_navigation_backend
[ 33%] Built target judas_glad
[ 38%] Built target judas_profiler
[ 38%] Built target judas_audio_backend
[ 38%] Built target harfbuzz
[ 38%] Built target judas_materials
[100%] Built target judas_engine
[100%] Building CXX object CMakeFiles/judas_gravity_selection_tests.dir/tests/GravitySelectionTests.cpp.o
[100%] Linking CXX executable judas_gravity_selection_tests
[100%] Built target judas_gravity_selection_tests
[  0%] Built target judas_app_icon
[ 16%] Built target freetype
[ 22%] Built target judas_icu_build
[ 27%] Built target judas_quickjs
[ 33%] Built target judas_navigation_backend
[ 33%] Built target judas_glad
[ 38%] Built target judas_profiler
[ 38%] Built target judas_audio_backend
[ 38%] Built target harfbuzz
[ 38%] Built target judas_materials
[100%] Built target judas_engine
[100%] Linking CXX executable judas_export
[100%] Built target judas_export
