[  0%] Built target judas_app_icon
[ 16%] Built target freetype
[ 22%] Built target judas_icu_build
[ 27%] Built target judas_quickjs
[ 33%] Built target judas_navigation_backend
[ 33%] Built target judas_glad
[ 38%] Built target judas_profiler
[ 38%] Built target judas_audio_backend
[ 38%] Built target harfbuzz
[ 38%] Built target judas_materials
[ 38%] Building CXX object CMakeFiles/judas_engine.dir/src/WorldGravity.cpp.o
[ 38%] Linking CXX static library libjudas_engine.a
[100%] Built target judas_engine
[100%] Building CXX object CMakeFiles/judas_gravity_selection_tests.dir/tests/GravitySelectionTests.cpp.o
[100%] Linking CXX executable judas_gravity_selection_tests
[100%] Built target judas_gravity_selection_tests
[  0%] Built target judas_app_icon
[ 15%] Built target freetype
[ 21%] Built target judas_icu_build
[ 26%] Built target judas_quickjs
[ 31%] Built target judas_navigation_backend
[ 31%] Built target judas_glad
[ 36%] Built target judas_profiler
[ 36%] Built target judas_audio_backend
[ 36%] Built target harfbuzz
[ 36%] Built target judas_materials
[ 94%] Built target judas_engine
[ 94%] Linking CXX executable judas
[100%] Built target judas
[  0%] Built target judas_app_icon
[ 16%] Built target freetype
[ 22%] Built target judas_icu_build
[ 27%] Built target judas_quickjs
[ 33%] Built target judas_navigation_backend
[ 33%] Built target judas_glad
[ 38%] Built target judas_profiler
[ 38%] Built target judas_audio_backend
[ 38%] Built target harfbuzz
[ 38%] Built target judas_materials
[100%] Built target judas_engine
[100%] Linking CXX executable judas_export
[100%] Built target judas_export
[  0%] Built target judas_app_icon
[ 15%] Built target freetype
[ 21%] Built target judas_icu_build
[ 26%] Built target judas_quickjs
[ 31%] Built target judas_navigation_backend
[ 31%] Built target judas_glad
[ 36%] Built target judas_profiler
[ 36%] Built target judas_audio_backend
[ 36%] Built target harfbuzz
[ 36%] Built target judas_imgui
[ 36%] Built target judas_ufbx
[ 36%] Built target judas_materials
[ 94%] Built target judas_engine
[100%] Built target judas_model_import
[100%] Built target judas_navigation_baker
[100%] Built target judas_world_authoring
[100%] Linking CXX executable judas_editor
[100%] Built target judas_editor
