Renderer fragment texture units: 32 (material path uses 12)
[editor autotest] duplicate created id 100: scene CHANGED; undo restores: IDENTICAL
[editor autotest] wrote: .cache/gravity-selection/editor-smoke.edit.png
[editor autotest] edit frame: 19 draw calls, 204 triangles, 589 debug lines
Mouse capture failed: No relative mode implementation available
Mouse capture failed: No relative mode implementation available
Mouse capture failed: No relative mode implementation available
Mouse capture failed: No relative mode implementation available
Mouse capture failed: No relative mode implementation available
Mouse capture failed: No relative mode implementation available
Mouse capture failed: No relative mode implementation available
Mouse capture failed: No relative mode implementation available
Mouse capture failed: No relative mode implementation available
Mouse capture failed: No relative mode implementation available
Mouse capture failed: No relative mode implementation available
Mouse capture failed: No relative mode implementation available
Mouse capture failed: No relative mode implementation available
Mouse capture failed: No relative mode implementation available
Mouse capture failed: No relative mode implementation available
Mouse capture failed: No relative mode implementation available
Mouse capture failed: No relative mode implementation available
Mouse capture failed: No relative mode implementation available
Mouse capture failed: No relative mode implementation available
Mouse capture failed: No relative mode implementation available
Mouse capture failed: No relative mode implementation available
Mouse capture failed: No relative mode implementation available
Mouse capture failed: No relative mode implementation available
Mouse capture failed: No relative mode implementation available
Mouse capture failed: No relative mode implementation available
Mouse capture failed: No relative mode implementation available
Mouse capture failed: No relative mode implementation available
Mouse capture failed: No relative mode implementation available
Mouse capture failed: No relative mode implementation available
Mouse capture failed: No relative mode implementation available
Mouse capture failed: No relative mode implementation available
Mouse capture failed: No relative mode implementation available
Mouse capture failed: No relative mode implementation available
Mouse capture failed: No relative mode implementation available
Mouse capture failed: No relative mode implementation available
Mouse capture failed: No relative mode implementation available
Mouse capture failed: No relative mode implementation available
Mouse capture failed: No relative mode implementation available
Mouse capture failed: No relative mode implementation available
Mouse capture failed: No relative mode implementation available
Mouse capture failed: No relative mode implementation available
Mouse capture failed: No relative mode implementation available
Mouse capture failed: No relative mode implementation available
Mouse capture failed: No relative mode implementation available
Mouse capture failed: No relative mode implementation available
Mouse capture failed: No relative mode implementation available
Mouse capture failed: No relative mode implementation available
Mouse capture failed: No relative mode implementation available
Mouse capture failed: No relative mode implementation available
Mouse capture failed: No relative mode implementation available
Mouse capture failed: No relative mode implementation available
Mouse capture failed: No relative mode implementation available
Mouse capture failed: No relative mode implementation available
Mouse capture failed: No relative mode implementation available
Mouse capture failed: No relative mode implementation available
Mouse capture failed: No relative mode implementation available
Mouse capture failed: No relative mode implementation available
Mouse capture failed: No relative mode implementation available
Mouse capture failed: No relative mode implementation available
Mouse capture failed: No relative mode implementation available
Mouse capture failed: No relative mode implementation available
Mouse capture failed: No relative mode implementation available
Mouse capture failed: No relative mode implementation available
Mouse capture failed: No relative mode implementation available
Mouse capture failed: No relative mode implementation available
Mouse capture failed: No relative mode implementation available
Mouse capture failed: No relative mode implementation available
Mouse capture failed: No relative mode implementation available
Mouse capture failed: No relative mode implementation available
Mouse capture failed: No relative mode implementation available
Mouse capture failed: No relative mode implementation available
Mouse capture failed: No relative mode implementation available
Mouse capture failed: No relative mode implementation available
Mouse capture failed: No relative mode implementation available
Mouse capture failed: No relative mode implementation available
Mouse capture failed: No relative mode implementation available
Mouse capture failed: No relative mode implementation available
Mouse capture failed: No relative mode implementation available
Mouse capture failed: No relative mode implementation available
Mouse capture failed: No relative mode implementation available
Mouse capture failed: No relative mode implementation available
Mouse capture failed: No relative mode implementation available
Mouse capture failed: No relative mode implementation available
Mouse capture failed: No relative mode implementation available
Mouse capture failed: No relative mode implementation available
Mouse capture failed: No relative mode implementation available
Mouse capture failed: No relative mode implementation available
Mouse capture failed: No relative mode implementation available
Mouse capture failed: No relative mode implementation available
Mouse capture failed: No relative mode implementation available
Mouse capture failed: No relative mode implementation available
Mouse capture failed: No relative mode implementation available
Mouse capture failed: No relative mode implementation available
Mouse capture failed: No relative mode implementation available
Mouse capture failed: No relative mode implementation available
Mouse capture failed: No relative mode implementation available
Mouse capture failed: No relative mode implementation available
Mouse capture failed: No relative mode implementation available
Mouse capture failed: No relative mode implementation available
Mouse capture failed: No relative mode implementation available
Mouse capture failed: No relative mode implementation available
Mouse capture failed: No relative mode implementation available
Mouse capture failed: No relative mode implementation available
Mouse capture failed: No relative mode implementation available
Mouse capture failed: No relative mode implementation available
Mouse capture failed: No relative mode implementation available
Mouse capture failed: No relative mode implementation available
Mouse capture failed: No relative mode implementation available
Mouse capture failed: No relative mode implementation available
Mouse capture failed: No relative mode implementation available
Mouse capture failed: No relative mode implementation available
Mouse capture failed: No relative mode implementation available
Mouse capture failed: No relative mode implementation available
Mouse capture failed: No relative mode implementation available
Mouse capture failed: No relative mode implementation available
Mouse capture failed: No relative mode implementation available
Mouse capture failed: No relative mode implementation available
Mouse capture failed: No relative mode implementation available
Mouse capture failed: No relative mode implementation available
[editor autotest] wrote: .cache/gravity-selection/editor-smoke.play.png
[editor autotest] play frame: 2 steps, step 0.099 ms, 18 bodies, 0 contacts, 33 draw calls, 384 triangles, 1 shadow passes, 0 lights, 712 debug lines, 0 particles
[editor autotest] resources: 0 meshes, 0 textures, 0 terrain meshes, hits 475, misses 1, failed 0, uploads 0, resident 759720 bytes
[editor autotest] jobs: 7 workers, 1 completed, 0 failed, 0 cancelled
Mouse capture failed: No relative mode implementation available
[editor autotest] authored scene after play/stop is IDENTICAL
[editor autotest] save ok
