CMakeLists.txt: OK
docs/ARCHITECTURE.md: OK
docs/GRAVITY_SELECTION.md: OK
docs/JUDASJS.md: OK
docs/judas.d.ts: OK
docs/judasjs/API_INVENTORY.md: OK
docs/judasjs/api-inventory.json: OK
docs/judasjs/character.md: OK
docs/judasjs/examples/gravity-selection.js: OK
docs/judasjs/physics.md: OK
projects/gravity_selection_lab/Assets/fonts/DejaVuSans.ttf: OK
projects/gravity_selection_lab/Assets/fonts/DejaVuSans.ttf.judasmeta: OK
projects/gravity_selection_lab/Assets/fonts/LICENSE.txt: OK
projects/gravity_selection_lab/Assets/scripts/controller.js: OK
projects/gravity_selection_lab/Assets/scripts/controller.js.judasmeta: OK
projects/gravity_selection_lab/Assets/ui/menu.judasui: OK
projects/gravity_selection_lab/Assets/ui/menu.judasui.judasmeta: OK
projects/gravity_selection_lab/README.md: OK
projects/gravity_selection_lab/Scenes/room.judas: OK
projects/gravity_selection_lab/gravity_selection_lab.judasproj: OK
scripts/check_judasjs_api.mjs: OK
src/CoarseSimulation.cpp: OK
src/DynamicBody.cpp: OK
src/DynamicBody.h: OK
src/GravitySelection.h: OK
src/OrientedGravityVolume.h: OK
src/Prefab.cpp: OK
src/RuntimeWorld.cpp: OK
src/RuntimeWorld.h: OK
src/Scene.cpp: OK
src/Scene.h: OK
src/SceneFingerprint.cpp: OK
src/SceneSerialization.cpp: OK
src/ScriptSystem.cpp: OK
src/Simulation.cpp: OK
src/WorldCharacter.cpp: OK
src/WorldDeformables.cpp: OK
src/WorldGravity.cpp: OK
src/WorldRegions.cpp: OK
src/WorldStreaming.cpp: OK
src/authoring/WorldBuilder.cpp: OK
src/editor/ComponentEditors.cpp: OK
src/editor/EditorHistory.cpp: OK
src/editor/EditorPanels.cpp: OK
tests/GravitySelectionTests.cpp: OK
tests/JudasJSExamplesTests.cpp: OK
