Renderer fragment texture units: 32 (material path uses 12)
PASS oriented root zone builds
PASS root zone uses authored rotated bounds
PASS outside rotated zone stays unclaimed
PASS ordinary real host
PASS normal script metadata
PASS ordinary mixed world builds
PASS actual public VM calls fault-free
PASS spatial
PASS field
PASS motor
PASS world
PASS invalid
PASS nonField
PASS uniform
PASS zero
PASS clear
PASS unselected neighbour retains FaithfulGravity
PASS select RadicalGravity without zone membership
PASS source entities may have their own independent intent
PASS field selection samples actual source, never follows selection chains
PASS selected RadicalGravity remains position-addressed
PASS rigid body accepts uniform override
PASS ordinary fixed-step game begins
PASS fixedUpdate selection is fault-free
PASS selected motor lands on physical wall
PASS capsule up reorients to selected field
PASS other motor remains on ordinary floor
PASS normal rigid step applies selected gravity once
PASS unselected body has no new sideways acceleration
PASS clear preserves world momentum
PASS clear restores spatial source
PASS independent owner setting
PASS intent change does not invalidate structural metadata
PASS unchanged intent does not wake/rebuild dependencies
PASS invalid native write is atomic
PASS modern slot captures gravity intent
PASS snapshot uses ordinary scene fields
PASS fresh world restores selection and motion
PASS restored motor selected gravity
PASS selected source retirement removes native field safely
PASS missing source exposes unavailable spatial fallback
PASS runtime identity cannot alias removed field
PASS selected rigid owner destroys normally
PASS retained JS source handle rejects safely after retirement
PASS retained JS gravity facade rejects safely after owner destruction
PASS ordinary scene optional-selection round trip
PASS named scene conversion
PASS named selection round trip
PASS non-default intent contributes conditional schema-5 identity
PASS prefab instance keeps independent uniform intent
PASS authored prefab field assembly instantiates
PASS prefab selected-source identity remaps
PASS editor reports selected-source references
PASS ordinary editor hierarchy duplication
PASS duplicate source/consumer references remap together
PASS undo restores selected-source hierarchy
PASS redo restores selected-source hierarchy
PASS ordinary streamed project
PASS normal registered regional scene
PASS streamed root world
PASS field publishes through real asynchronous residency
PASS regional source identity remaps at publication
PASS regional field remains selected outside volume
PASS persistent entity selects streamed field
PASS external selection pins field until intent clears
PASS clearing selection releases real region retirement
PASS retained region returns normally
PASS retained selected-source remaps to fresh identity
PASS retained selection resolves fresh field without cached pointer
PERF spatial ns_per_sample 37.171 checksum 0.000
PERF uniform ns_per_sample 28.642 checksum 20000.000
PERF field ns_per_sample 98.478 checksum 195687.812
PASS Stop clears motor and selection world
SUMMARY 70 checks 0 failures
