script asset=94019aaf016638c31271827f3ff2fc05 entity=1 slot=1 onSignal:pulse:fixed: Error: intentional signal fault
    at onSignal (Assets/faultReceiver.js:1:134)

PASS register fixture script
PASS register fixture script
PASS build ordinary scripted world
PASS duplicate subscription idempotent per slot
PASS broadcast versus entity-targeted slots
PASS publisher/listener payload mutation isolated
PASS fixed envelope and ordinary fixed interval
PASS no listener accepts zero recipients without queued history
PASS full precision engine-derived sender identities
PASS legacy delta script state rehydrates normally
PASS modern restore installs saved script state before restore
PASS restore helper rebuilds subscriptions without replay/reset
PASS register fixture script
PASS one slot cannot cancel another slot token
PASS register fixture script
PASS build ordinary scripted world
PASS UI lane drains independently on a zero-fixed-step frame
PASS self-publishing handler cannot extend frozen drain
PASS later eligible fixed boundary delivers queued chain
PASS bounded self-publishing loop has no recursive stack growth
PASS Stop discards transient queues and subscriptions
PASS register fixture script
PASS build ordinary scripted world
PASS cancel and re-subscribe cannot receive old accepted reservation
PASS region retirement/revisit uses new generation without old queue
PASS register fixture script
PASS register fixture script
PASS build ordinary scripted world
FAIL destroyed publisher does not erase accepted event; sender wrapper null
PASS register fixture script
PASS register fixture script
PASS register fixture script
PASS build ordinary scripted world
PASS handler fault retires subscriptions while other listeners continue
PASS fault cleanup does not depend on destroy callback
PASS register fixture script
PASS build ordinary scripted world
PASS reject cycles/accessors/proxies/nonfinite/functions/wrappers/prototypes/holes/oversize/deep data without hooks
PASS constructor, raw target and overlong names rejected
PASS nested plain array/object payload retained
PASS signals namespace can be imported by metadata VM
PASS register fixture script
PASS build ordinary scripted world
PASS subscription/event capacities reject atomically and preserve FIFO
PASS bounded retained queue counts exposed
PASS register fixture script
PASS build ordinary scripted world
PASS fan-out over capacity rejects whole emission rather than delivering prefix
PASS register fixture script
PASS build ordinary scripted world
SIGNAL_PERF subscriptions=0 empty_drain_us=0.0000 initial_fanout_plus_callbacks_us=0.313
FAIL register fixture script
FAIL build ordinary scripted world
SIGNAL_PERF subscriptions=32 empty_drain_us=0.0000 initial_fanout_plus_callbacks_us=0.130
FAIL register fixture script
FAIL build ordinary scripted world
SIGNAL_PERF subscriptions=128 empty_drain_us=0.0000 initial_fanout_plus_callbacks_us=0.275
SUMMARY 54 checks 5 failures
