MSBuild version 17.14.60+43b635718 for .NET Framework

  harfbuzz.vcxproj -> C:\JudasValidation\Build\_deps\judas_harfbuzz-build\Release\harfbuzz.lib
  freetype.vcxproj -> C:\JudasValidation\Build\_deps\judas_freetype-build\Release\freetype.lib
  judas_audio_backend.vcxproj -> C:\JudasValidation\Build\Release\judas_audio_backend.lib
  judas_app_icon.vcxproj -> C:\JudasValidation\Build\Release\judas_app_icon.lib
  judas_glad.vcxproj -> C:\JudasValidation\Build\Release\judas_glad.lib
  judas_profiler.vcxproj -> C:\JudasValidation\Build\Release\judas_profiler.lib
  judas_materials.vcxproj -> C:\JudasValidation\Build\Release\judas_materials.lib
  judas_navigation_backend.vcxproj -> C:\JudasValidation\Build\Release\judas_navigation_backend.lib
  judas_quickjs.vcxproj -> C:\JudasValidation\Build\Release\judas_quickjs.lib
  judas_imgui.vcxproj -> C:\JudasValidation\Build\Release\judas_imgui.lib
  judas_ufbx.vcxproj -> C:\JudasValidation\Build\Release\judas_ufbx.lib
  judas_engine.vcxproj -> C:\JudasValidation\Build\Release\judas_engine.lib
  judas_navigation_baker.vcxproj -> C:\JudasValidation\Build\Release\judas_navigation_baker.lib
  judas_world_authoring.vcxproj -> C:\JudasValidation\Build\Release\judas_world_authoring.lib
  judas.vcxproj -> C:\JudasValidation\Build\Release\judas.exe
  judas_windows_readiness_tests.vcxproj -> C:\JudasValidation\Build\Release\judas_windows_readiness_tests.exe
  judas_export.vcxproj -> C:\JudasValidation\Build\Release\judas_export.exe
  judas_model_import.vcxproj -> C:\JudasValidation\Build\Release\judas_model_import.lib
  judas_model_import_cli.vcxproj -> C:\JudasValidation\Build\Release\judas_model_import_cli.exe
  judas_scene_author.vcxproj -> C:\JudasValidation\Build\Release\judas_scene_author.exe
  judas_editor.vcxproj -> C:\JudasValidation\Build\Release\judas_editor.exe
MSBuild version 17.14.60+43b635718 for .NET Framework

  freetype.vcxproj -> C:\JudasValidation\Build\_deps\judas_freetype-build\Release\freetype.lib
  harfbuzz.vcxproj -> C:\JudasValidation\Build\_deps\judas_harfbuzz-build\Release\harfbuzz.lib
  judas_app_icon.vcxproj -> C:\JudasValidation\Build\Release\judas_app_icon.lib
  judas_audio_backend.vcxproj -> C:\JudasValidation\Build\Release\judas_audio_backend.lib
  judas_glad.vcxproj -> C:\JudasValidation\Build\Release\judas_glad.lib
  judas_profiler.vcxproj -> C:\JudasValidation\Build\Release\judas_profiler.lib
  judas_navigation_backend.vcxproj -> C:\JudasValidation\Build\Release\judas_navigation_backend.lib
  judas_materials.vcxproj -> C:\JudasValidation\Build\Release\judas_materials.lib
  judas_quickjs.vcxproj -> C:\JudasValidation\Build\Release\judas_quickjs.lib
  judas_engine.vcxproj -> C:\JudasValidation\Build\Release\judas_engine.lib
  judas_signal_tests.vcxproj -> C:\JudasValidation\Build\Release\judas_signal_tests.exe
MSBuild version 17.14.60+43b635718 for .NET Framework

  freetype.vcxproj -> C:\JudasValidation\Build\_deps\judas_freetype-build\Release\freetype.lib
  harfbuzz.vcxproj -> C:\JudasValidation\Build\_deps\judas_harfbuzz-build\Release\harfbuzz.lib
  judas_app_icon.vcxproj -> C:\JudasValidation\Build\Release\judas_app_icon.lib
  judas_audio_backend.vcxproj -> C:\JudasValidation\Build\Release\judas_audio_backend.lib
  judas_glad.vcxproj -> C:\JudasValidation\Build\Release\judas_glad.lib
  judas_profiler.vcxproj -> C:\JudasValidation\Build\Release\judas_profiler.lib
  judas_navigation_backend.vcxproj -> C:\JudasValidation\Build\Release\judas_navigation_backend.lib
  judas_materials.vcxproj -> C:\JudasValidation\Build\Release\judas_materials.lib
  judas_quickjs.vcxproj -> C:\JudasValidation\Build\Release\judas_quickjs.lib
  judas_engine.vcxproj -> C:\JudasValidation\Build\Release\judas_engine.lib
  Building Custom Rule C:/JudasValidation/Source/CMakeLists.txt
  SignalApplicationTests.cpp
  Application.cpp
C:\JudasValidation\Source\src\RuntimeOptions.h(44,8): warning C4099: 'RuntimeOptions': type name first seen using 'class' now seen using 'struct' [C:\JudasValidation\Build\judas_signal_application_tests.vcxproj]
  (compiling source file '../Source/src/Application.cpp')
      C:\JudasValidation\Source\src\RuntimeOptions.h(44,8):
      see declaration of 'RuntimeOptions'
  
C:\JudasValidation\Source\src\Application.cpp(169,23): warning C4456: declaration of 'world' hides previous local declaration [C:\JudasValidation\Build\judas_signal_application_tests.vcxproj]
      C:\JudasValidation\Source\src\Application.cpp(106,19):
      see declaration of 'world'
  
  RuntimeOptions.cpp
  RuntimeDiagnostics.cpp
  TestHarness.cpp
  Generating Code...
  judas_signal_application_tests.vcxproj -> C:\JudasValidation\Build\Release\judas_signal_application_tests.exe
MSBuild version 17.14.60+43b635718 for .NET Framework

  freetype.vcxproj -> C:\JudasValidation\Build\_deps\judas_freetype-build\Release\freetype.lib
  harfbuzz.vcxproj -> C:\JudasValidation\Build\_deps\judas_harfbuzz-build\Release\harfbuzz.lib
  judas_app_icon.vcxproj -> C:\JudasValidation\Build\Release\judas_app_icon.lib
  judas_audio_backend.vcxproj -> C:\JudasValidation\Build\Release\judas_audio_backend.lib
  judas_glad.vcxproj -> C:\JudasValidation\Build\Release\judas_glad.lib
  judas_profiler.vcxproj -> C:\JudasValidation\Build\Release\judas_profiler.lib
  judas_navigation_backend.vcxproj -> C:\JudasValidation\Build\Release\judas_navigation_backend.lib
  judas_materials.vcxproj -> C:\JudasValidation\Build\Release\judas_materials.lib
  judas_quickjs.vcxproj -> C:\JudasValidation\Build\Release\judas_quickjs.lib
  judas_engine.vcxproj -> C:\JudasValidation\Build\Release\judas_engine.lib
  judas_script_tests.vcxproj -> C:\JudasValidation\Build\Release\judas_script_tests.exe
