[  0%] Built target judas_app_icon
[ 15%] Built target freetype
[ 21%] Built target judas_icu_build
[ 21%] Built target judas_quickjs
[ 26%] Built target judas_navigation_backend
[ 26%] Built target judas_glad
[ 26%] Built target judas_profiler
[ 31%] Built target judas_audio_backend
[ 31%] Built target harfbuzz
[ 31%] Built target judas_imgui
[ 31%] Built target judas_ufbx
[ 31%] Built target judas_materials
[ 84%] Built target judas_engine
[ 94%] Built target judas_navigation_baker
[ 94%] Built target judas_model_import
[ 94%] Built target judas_world_authoring
[ 94%] Building CXX object CMakeFiles/judas_editor.dir/src/editor/ComponentEditors.cpp.o
[ 94%] Building CXX object CMakeFiles/judas_editor.dir/src/editor/EditorApplication.cpp.o
[ 94%] Building CXX object CMakeFiles/judas_editor.dir/src/editor/EditorPanels.cpp.o
[ 94%] Building CXX object CMakeFiles/judas_editor.dir/src/editor/EditorWidgets.cpp.o
[ 94%] Building CXX object CMakeFiles/judas_editor.dir/src/editor/WorldTools.cpp.o
[ 94%] Linking CXX executable judas_editor
[100%] Built target judas_editor
[ 18%] Built target freetype
[ 18%] Built target judas_app_icon
[ 25%] Built target judas_icu_build
[ 25%] Built target judas_quickjs
[ 25%] Built target judas_glad
[ 31%] Built target judas_navigation_backend
[ 37%] Built target judas_profiler
[ 37%] Built target judas_audio_backend
[ 37%] Built target judas_imgui
[ 37%] Built target harfbuzz
[ 37%] Built target judas_materials
[100%] Built target judas_engine
[100%] Building CXX object CMakeFiles/judas_editor_widget_tests.dir/src/editor/EditorWidgets.cpp.o
[100%] Building CXX object CMakeFiles/judas_editor_widget_tests.dir/tests/EditorWidgetTests.cpp.o
[100%] Linking CXX executable judas_editor_widget_tests
[100%] Built target judas_editor_widget_tests
