libEGL warning: Not allowed to force software rendering when API explicitly selects a hardware device.
Renderer fragment texture units: 32 (material path uses 12)
[editor navigation] saved asset height below 120 pixels survives preference loading: PASS
Mouse capture failed: No relative mode implementation available
[editor navigation] SDL middle press captures only viewport camera: PASS
Mouse capture failed: No relative mode implementation available
[editor navigation] SDL drag translates camera and placement focus equally in view plane: PASS
[editor navigation] pan preserves authored objects and gizmo undo state: PASS
Mouse capture failed: No relative mode implementation available
[editor navigation] SDL middle release frees capture: PASS
Mouse capture failed: No relative mode implementation available
[editor navigation] fresh middle press restarts pan: PASS
[editor navigation] SDL window focus loss cancels and releases capture: PASS
[editor navigation] SDL focus regain cannot resume the old drag: PASS
[editor autotest] duplicate created id 1000: scene CHANGED; undo restores: IDENTICAL
[editor navigation] new-scene request preserves unsaved document until a choice: PASS
[editor autotest] wrote: docs/evidence/m71/editor-polish/reviewed.unsaved.png
[editor navigation] unsaved-document confirmation remains open across frames: PASS
[editor navigation] Escape cancels unsaved-document action: PASS
[editor autotest] export project: Exported /tmp/judas-m71-polish-reviewed-export (5 assets)
[editor autotest] wrote: docs/evidence/m71/editor-polish/reviewed.resized.png
[editor navigation] resized scene target follows workspace dimensions: PASS
[editor navigation] scene picking uses the central viewport projection after resize: PASS
Mouse capture failed: No relative mode implementation available
[editor navigation] pan active before ordinary Play request: PASS
Mouse capture failed: No relative mode implementation available
[editor autotest] wrote: docs/evidence/m71/editor-polish/reviewed.edit.png
[editor autotest] edit frame: 16 draw calls, 2436 triangles, 30 debug lines
Mouse capture failed: No relative mode implementation available
[editor navigation] ordinary Play retires editor pan ownership: PASS
[editor autotest] wrote: docs/evidence/m71/editor-polish/reviewed.play.png
[editor autotest] play frame: 1 steps, step 0.732 ms, 14 bodies, 12 contacts, 28 draw calls, 4872 triangles, 1 shadow passes, 0 lights, 0 debug lines, 0 particles
[editor autotest] resources: 0 meshes, 0 textures, 0 terrain meshes, hits 356, misses 1, failed 0, uploads 0, resident 759720 bytes
[editor autotest] jobs: 7 workers, 1 completed, 0 failed, 0 cancelled
[editor navigation] desktop close request waits for unsaved-document confirmation: PASS
[editor navigation] cancelled desktop close preserves authored state and editor session: PASS
[editor autotest] wrote: docs/evidence/m71/editor-polish/reviewed.restored.png
[editor navigation] ordinary Stop returns an uncaptured scene camera: PASS
[editor autotest] authored scene after play/stop is IDENTICAL
[editor autotest] save ok
