[  0%] Built target judas_icu_build
[  0%] Built target judas_quickjs
[  0%] Built target judas_app_icon
[ 17%] Built target freetype
[ 17%] Built target judas_glad
[ 23%] Built target judas_navigation_backend
[ 23%] Built target judas_profiler
[ 29%] Built target judas_audio_backend
[ 29%] Built target judas_materials
[ 29%] Built target harfbuzz
[ 94%] Built target judas_engine
[ 94%] Linking CXX executable judas
[100%] Built target judas
[  0%] Built target judas_icu_build
[  0%] Built target judas_app_icon
[  0%] Built target judas_quickjs
[ 15%] Built target freetype
[ 20%] Built target judas_glad
[ 20%] Built target judas_navigation_backend
[ 20%] Built target judas_profiler
[ 25%] Built target judas_audio_backend
[ 25%] Built target judas_ufbx
[ 30%] Built target judas_imgui
[ 30%] Built target harfbuzz
[ 30%] Built target judas_materials
[ 85%] Built target judas_engine
[ 90%] Built target judas_navigation_baker
[ 90%] Built target judas_model_import
[ 95%] Built target judas_world_authoring
[ 95%] Linking CXX executable judas_editor
[100%] Built target judas_editor
[  0%] Built target judas_icu_build
[  0%] Built target judas_quickjs
[  0%] Built target judas_app_icon
[ 18%] Built target freetype
[ 18%] Built target judas_glad
[ 25%] Built target judas_profiler
[ 25%] Built target judas_navigation_backend
[ 31%] Built target judas_audio_backend
[ 31%] Built target judas_materials
[ 31%] Built target harfbuzz
[100%] Built target judas_engine
[100%] Linking CXX executable judas_export
[100%] Built target judas_export
