[  0%] Built target judas_app_icon
[ 15%] Built target judas_icu_build
[ 21%] Built target freetype
[ 21%] Built target judas_quickjs
[ 26%] Built target judas_navigation_backend
[ 26%] Built target judas_glad
[ 26%] Built target judas_profiler
[ 31%] Built target judas_audio_backend
[ 31%] Built target harfbuzz
[ 31%] Built target judas_ufbx
[ 31%] Built target judas_imgui
[ 31%] Built target judas_materials
[ 89%] Built target judas_engine
[ 94%] Built target judas_model_import
[ 94%] Built target judas_navigation_baker
[ 94%] Built target judas_world_authoring
[ 94%] Building CXX object CMakeFiles/judas_editor.dir/src/editor/EditorApplication.cpp.o
[ 94%] Building CXX object CMakeFiles/judas_editor.dir/src/editor/EditorCamera.cpp.o
[ 94%] Building CXX object CMakeFiles/judas_editor.dir/src/editor/EditorMain.cpp.o
[ 94%] Building CXX object CMakeFiles/judas_editor.dir/src/editor/EditorPanels.cpp.o
[ 94%] Building CXX object CMakeFiles/judas_editor.dir/src/editor/EditorPicking.cpp.o
[ 94%] Linking CXX executable judas_editor
[100%] Built target judas_editor
[  0%] Built target judas_app_icon
[ 17%] Built target freetype
[ 23%] Built target judas_icu_build
[ 23%] Built target judas_quickjs
[ 29%] Built target judas_navigation_backend
[ 29%] Built target judas_glad
[ 29%] Built target judas_profiler
[ 35%] Built target judas_audio_backend
[ 35%] Built target harfbuzz
[ 35%] Built target judas_materials
[100%] Built target judas_engine
[100%] Building CXX object CMakeFiles/judas_editor_navigation_tests.dir/tests/EditorNavigationTests.cpp.o
[100%] Building CXX object CMakeFiles/judas_editor_navigation_tests.dir/src/editor/EditorCamera.cpp.o
[100%] Linking CXX executable judas_editor_navigation_tests
[100%] Built target judas_editor_navigation_tests
[  0%] Built target judas_app_icon
[ 17%] Built target freetype
[ 23%] Built target judas_icu_build
[ 23%] Built target judas_quickjs
[ 29%] Built target judas_navigation_backend
[ 29%] Built target judas_glad
[ 29%] Built target judas_profiler
[ 35%] Built target judas_audio_backend
[ 35%] Built target harfbuzz
[ 35%] Built target judas_materials
[100%] Built target judas_engine
[100%] Building CXX object CMakeFiles/judas_editor_picking_tests.dir/tests/EditorPickingTests.cpp.o
[100%] Building CXX object CMakeFiles/judas_editor_picking_tests.dir/src/editor/EditorPicking.cpp.o
[100%] Linking CXX executable judas_editor_picking_tests
[100%] Built target judas_editor_picking_tests
