WARNHarfBuzz has a Meson port and tries to migrate all the other build systems to it, please consider using it as we might remove our cmake port soon.
CMake Deprecation Warning at build/_deps/judas_freetype-src/CMakeLists.txt:113 (cmake_minimum_required):
  Compatibility with CMake < 3.10 will be removed from a future version of
  CMake.

  Update the VERSION argument <min> value.  Or, use the <min>...<max> syntax
  to tell CMake that the project requires at least <min> but has been updated
  to work with policies introduced by <max> or earlier.


-- Configuring done (1.1s)
-- Generating done (0.7s)
-- Build files have been written to: /home/conner/Documents/GitHub/Project-Judas/build
[  0%] Built target judas_icu_build
[  4%] Built target judas_quickjs
[  9%] Built target judas_app_icon
[  9%] Built target judas_glad
[ 14%] Built target judas_profiler
[ 23%] Built target judas_navigation_backend
[ 38%] Built target freetype
[ 38%] Built target judas_audio_backend
[ 38%] Built target harfbuzz
[ 42%] Built target judas_materials
[ 42%] Building CXX object CMakeFiles/judas_engine.dir/src/RuntimeUI.cpp.o
[ 42%] Building CXX object CMakeFiles/judas_engine.dir/src/WorldStreaming.cpp.o
[ 42%] Building CXX object CMakeFiles/judas_engine.dir/src/WorldScripts.cpp.o
[ 42%] Building CXX object CMakeFiles/judas_engine.dir/src/ScriptSystem.cpp.o
[ 42%] Building CXX object CMakeFiles/judas_engine.dir/src/ProjectExporter.cpp.o
[ 42%] Building CXX object CMakeFiles/judas_engine.dir/src/WorldAudio.cpp.o
[ 42%] Building CXX object CMakeFiles/judas_engine.dir/src/Window.cpp.o
[ 42%] Building CXX object CMakeFiles/judas_engine.dir/src/InputSystem.cpp.o
[ 42%] Building CXX object CMakeFiles/judas_engine.dir/src/PlayerController.cpp.o
[ 42%] Building CXX object CMakeFiles/judas_engine.dir/src/FlyingPrimitiveControl.cpp.o
[ 42%] Building CXX object CMakeFiles/judas_engine.dir/src/NamedAuthoring.cpp.o
[ 47%] Building CXX object CMakeFiles/judas_engine.dir/src/Project.cpp.o
[ 47%] Building CXX object CMakeFiles/judas_engine.dir/src/AssetDatabase.cpp.o
[ 47%] Building CXX object CMakeFiles/judas_engine.dir/src/SceneSession.cpp.o
[ 47%] Building CXX object CMakeFiles/judas_engine.dir/src/RuntimeWorld.cpp.o
[ 47%] Building CXX object CMakeFiles/judas_engine.dir/src/GameSession.cpp.o
[ 47%] Building CXX object CMakeFiles/judas_engine.dir/src/Simulation.cpp.o
[ 47%] Building CXX object CMakeFiles/judas_engine.dir/src/EngineHost.cpp.o
[ 47%] Building CXX object CMakeFiles/judas_engine.dir/src/InteractivePlay.cpp.o
[ 47%] Building CXX object CMakeFiles/judas_engine.dir/src/SaveService.cpp.o
[ 47%] Linking CXX static library libjudas_engine.a
[ 95%] Built target judas_engine
[100%] Building CXX object CMakeFiles/judas.dir/src/Application.cpp.o
[100%] Building CXX object CMakeFiles/judas.dir/src/RuntimeOptions.cpp.o
[100%] Building CXX object CMakeFiles/judas.dir/src/TestHarness.cpp.o
[100%] Linking CXX executable judas
[100%] Built target judas
[  0%] Built target judas_icu_build
[  8%] Built target judas_app_icon
[  8%] Built target judas_quickjs
[ 20%] Built target freetype
[ 20%] Built target judas_glad
[ 28%] Built target judas_navigation_backend
[ 32%] Built target judas_profiler
[ 32%] Built target judas_audio_backend
[ 32%] Built target harfbuzz
[ 32%] Built target judas_ufbx
[ 36%] Built target judas_materials
[ 40%] Built target judas_imgui
[ 84%] Built target judas_engine
[ 88%] Built target judas_navigation_baker
[ 88%] Building CXX object CMakeFiles/judas_world_authoring.dir/src/authoring/ContentReferences.cpp.o
[ 92%] Built target judas_model_import
[ 92%] Building CXX object CMakeFiles/judas_world_authoring.dir/src/authoring/RecipePreview.cpp.o
[ 92%] Linking CXX static library libjudas_world_authoring.a
[ 96%] Built target judas_world_authoring
[ 96%] Building CXX object CMakeFiles/judas_editor.dir/src/editor/EditorMain.cpp.o
[ 96%] Building CXX object CMakeFiles/judas_editor.dir/src/editor/EditorApplication.cpp.o
[ 96%] Building CXX object CMakeFiles/judas_editor.dir/src/editor/ComponentEditors.cpp.o
[ 96%] Building CXX object CMakeFiles/judas_editor.dir/src/editor/EditorCamera.cpp.o
[ 96%] Building CXX object CMakeFiles/judas_editor.dir/src/editor/EditorPanels.cpp.o
[ 96%] Building CXX object CMakeFiles/judas_editor.dir/src/editor/WorldTools.cpp.o
[ 96%] Linking CXX executable judas_editor
[100%] Built target judas_editor
[  4%] Built target judas_icu_build
[  4%] Built target judas_quickjs
[  9%] Built target judas_app_icon
[ 22%] Built target freetype
[ 22%] Built target judas_glad
[ 31%] Built target judas_navigation_backend
[ 36%] Built target judas_profiler
[ 36%] Built target judas_audio_backend
[ 36%] Built target judas_ufbx
[ 36%] Built target harfbuzz
[ 40%] Built target judas_materials
[ 90%] Built target judas_engine
[ 95%] Built target judas_model_import
[100%] Built target judas_world_authoring
[100%] Building CXX object CMakeFiles/judas_scene_author.dir/tools/AuthoringCLI.cpp.o
[100%] Building CXX object CMakeFiles/judas_scene_author.dir/tools/ContentServicesCLI.cpp.o
[100%] Building CXX object CMakeFiles/judas_scene_author.dir/tools/StructuredAuthor.cpp.o
[100%] Building CXX object CMakeFiles/judas_scene_author.dir/tools/RecipeCLI.cpp.o
[100%] Linking CXX executable judas_scene_author
[100%] Built target judas_scene_author
gmake: *** No rule to make target 'judas_paired_input_tests'.  Stop.
