Renderer fragment texture units: 32 (material path uses 12)
World state: disk saves disabled for additive compositions
Project: Judas Three Games (/home/conner/Documents/GitHub/Project-Judas/.cache/m66/three-games-import-final/post_m65_consumers.judasproj)
Scene: Three Games (/home/conner/Documents/GitHub/Project-Judas/.cache/m66/three-games-import-final/Scenes/launcher.judas)
World origin (m): 0.000, 0.000, 0.000
asset 97c3acdb99c5ffefb002c03ecec7a8ed: Optional extension ignored: KHR_materials_specular
step,time,posX,posY,posZ,upX,upY,upZ,grounded,velX,velY,velZ,gravX,gravY,gravZ,controlled,frame,steps,paused
0,0.00000,0.000000,0.000000,0.000000,0.000000,1.000000,0.000000,0,0.000000,0.000000,0.000000,0.000000,0.000000,0.000000,0,0,0,0
JS: SKATER start rails=8 autopilot=false
JS: STREAM t=0.10 street-0 - -> unloaded entities=0 prepMs=0.00 integMs=0.00 largestUnitMs=0.00 skater=(0.00,3.27,23.50) v=0.1
JS: STREAM t=0.10 street-1 - -> unloaded entities=0 prepMs=0.00 integMs=0.00 largestUnitMs=0.00 skater=(0.00,3.27,23.50) v=0.1
JS: STREAM t=0.10 street-2 - -> unloaded entities=0 prepMs=0.00 integMs=0.00 largestUnitMs=0.00 skater=(0.00,3.27,23.50) v=0.1
JS: STREAM t=0.10 street-3 - -> unloaded entities=0 prepMs=0.00 integMs=0.00 largestUnitMs=0.00 skater=(0.00,3.27,23.50) v=0.1
JS: STREAM t=0.10 street-4 - -> unloaded entities=0 prepMs=0.00 integMs=0.00 largestUnitMs=0.00 skater=(0.00,3.27,23.50) v=0.1
[TestHarness] service scene ready after 0 wait frames at frame 6
JS: STREAM t=0.20 street-0 unloaded -> preparing entities=0 prepMs=0.00 integMs=0.00 largestUnitMs=0.00 skater=(0.00,3.28,23.50) v=0.0
JS: STREAM t=0.30 street-0 preparing -> prepared entities=11 prepMs=9.88 integMs=0.00 largestUnitMs=0.00 skater=(0.00,3.28,23.50) v=0.0
[TestHarness] service stream ready after 757 wait frames at frame 10
JS: STREAM t=0.40 street-0 prepared -> active entities=11 prepMs=9.88 integMs=23.35 largestUnitMs=19.07 skater=(0.00,3.28,23.50) v=0.0
60,1.00000,0.000000,5.224375,27.935476,0.000000,0.941745,-0.336328,0,0.000000,0.000000,0.000000,0.000000,-9.810000,0.000000,0,60,1,0,0.000000,3.283642,23.500000,0.000000,0.000095,0.000000,33.500019,-4.906635,-122.030151,0.002471,0.029619,0.055569,34.500019,-4.276010,-116.030151,0.002471,0.029618,0.055568,33.500015,-3.645384,-110.030151,0.002471,0.029617,0.055566,34.500019,-3.014759,-104.030151,0.002470,0.029615,0.055563
120,2.00000,0.000000,5.224428,27.935438,0.000000,0.941742,-0.336336,0,0.000000,0.000000,0.000000,0.000000,-9.810000,0.000000,0,120,0,0,0.000000,3.283649,23.500000,0.000000,0.000007,0.000000,33.499985,-4.907931,-122.033508,0.000000,0.000000,0.000000,34.499985,-4.277305,-116.033508,0.000000,0.000000,0.000000,33.499981,-3.646680,-110.033508,0.000000,0.000000,0.000000,34.499985,-3.016054,-104.033508,0.000000,0.000000,0.000000
180,3.00000,0.000000,5.224430,27.935436,0.000000,0.941742,-0.336336,0,0.000000,0.000000,0.000000,0.000000,-9.810000,0.000000,0,180,0,0,0.000000,3.283649,23.500000,0.000000,0.000007,0.000000,33.499985,-4.907931,-122.033508,-0.000000,-0.000000,-0.000000,34.499985,-4.277305,-116.033508,0.000000,-0.000000,-0.000001,33.499981,-3.646680,-110.033508,-0.000001,-0.000000,-0.000000,34.499985,-3.016054,-104.033508,0.000000,-0.000000,-0.000001
240,4.00000,0.000000,5.224430,27.935436,0.000000,0.941742,-0.336336,0,0.000000,0.000000,0.000000,0.000000,-9.810000,0.000000,0,240,0,0,0.000000,3.283649,23.500000,0.000000,0.000007,0.000000,33.499985,-4.907931,-122.033508,0.000000,0.000000,0.000000,34.499985,-4.277305,-116.033508,0.000000,-0.000000,-0.000000,33.499981,-3.646680,-110.033508,0.000000,-0.000000,-0.000000,34.499985,-3.016054,-104.033508,0.000000,0.000000,0.000000
300,5.00000,0.000000,5.224430,27.935436,0.000000,0.941742,-0.336336,0,0.000000,0.000000,0.000000,0.000000,-9.810000,0.000000,0,300,0,0,0.000000,3.283649,23.500000,0.000000,0.000007,0.000000,33.499985,-4.907931,-122.033508,0.000000,0.000000,0.000000,34.499985,-4.277305,-116.033508,0.000000,0.000000,0.000000,33.499981,-3.646680,-110.033508,0.000000,0.000000,0.000000,34.499985,-3.016054,-104.033508,0.000000,0.000000,0.000000
360,6.00000,0.000000,5.224430,27.935436,0.000000,0.941742,-0.336336,0,0.000000,0.000000,0.000000,0.000000,-9.810000,0.000000,0,360,0,0,0.000000,3.283649,23.500000,0.000000,0.000007,0.000000,33.499985,-4.907931,-122.033508,0.000000,0.000000,0.000000,34.499985,-4.277305,-116.033508,0.000000,0.000000,0.000000,33.499981,-3.646680,-110.033508,0.000000,0.000000,0.000000,34.499985,-3.016054,-104.033508,0.000000,0.000000,0.000000
420,7.00000,0.000000,5.224430,27.935436,0.000000,0.941742,-0.336336,0,0.000000,0.000000,0.000000,0.000000,-9.810000,0.000000,0,420,1,0,0.000000,3.283649,23.500000,0.000000,0.000007,0.000000,33.499985,-4.907931,-122.033508,0.000000,0.000000,0.000000,34.499985,-4.277305,-116.033508,0.000000,0.000000,0.000000,33.499981,-3.646680,-110.033508,0.000000,0.000000,0.000000,34.499985,-3.016054,-104.033508,0.000000,0.000000,0.000000
480,8.00000,0.000000,5.223761,27.938679,0.000000,0.942698,-0.333648,0,0.000000,0.000000,0.000000,0.000000,-9.810000,0.000000,0,480,0,0,0.000000,3.283649,23.424532,0.000000,0.000007,-0.753228,33.499985,-4.907931,-122.033508,0.000000,0.000000,0.000000,34.499985,-4.277305,-116.033508,0.000000,0.000000,0.000000,33.499981,-3.646680,-110.033508,0.000000,0.000000,0.000000,34.499985,-3.016054,-104.033508,0.000000,0.000000,0.000000
540,9.00000,0.000000,5.222379,27.824940,0.000000,0.944672,-0.328016,0,0.000000,0.000000,0.000000,0.000000,-9.810000,0.000000,0,540,0,0,0.000000,3.283649,23.182283,0.000000,0.000007,-1.220652,33.499985,-4.907931,-122.033508,0.000000,0.000000,0.000000,34.499985,-4.277305,-116.033508,0.000000,0.000000,0.000000,33.499981,-3.646680,-110.033508,0.000000,0.000000,0.000000,34.499985,-3.016054,-104.033508,0.000000,0.000000,0.000000
[TestHarness] Wrote screenshot: /home/conner/Documents/GitHub/Project-Judas/docs/evidence/m66/consumer/skate-full-original.png
600,10.00000,0.000000,5.222113,27.679506,0.000000,0.945053,-0.326919,0,0.000000,0.000000,0.000000,0.000000,-9.810000,0.000000,0,600,0,1,0.000000,3.283649,23.020580,0.000000,0.000007,-1.206630,33.499985,-4.907931,-122.033508,0.000000,0.000000,0.000000,34.499985,-4.277305,-116.033508,0.000000,0.000000,0.000000,33.499981,-3.646680,-110.033508,0.000000,0.000000,0.000000,34.499985,-3.016054,-104.033508,0.000000,0.000000,0.000000
[TestHarness] service scene ready after 0 wait frames at frame 651
660,11.00000,0.000000,20.939999,8.000000,0.000000,1.000000,0.000000,0,0.000000,0.000000,0.000000,0.000000,-9.810000,0.000000,0,660,1,0
720,12.00000,0.000000,20.939999,8.000000,0.000000,1.000000,0.000000,0,0.000000,0.000000,0.000000,0.000000,-9.810000,0.000000,0,720,0,0
780,13.00000,0.000016,20.939451,7.971264,-0.000023,1.000000,0.000000,0,0.000000,0.000000,0.000000,0.000000,-9.810000,0.000000,0,780,0,0
[TestHarness] Wrote screenshot: /home/conner/Documents/GitHub/Project-Judas/docs/evidence/m66/consumer/rooftop.png
840,14.00000,0.001861,20.945358,7.628355,-0.002659,0.999996,0.000000,0,0.000000,0.000000,0.000000,0.000000,-9.810000,0.000000,0,840,0,1
900,15.00000,0.000000,0.000000,0.000000,0.000000,1.000000,0.000000,0,0.000000,0.000000,0.000000,0.000000,0.000000,0.000000,0,900,0,0,0.000000,61.250000,0.000000,0.000000,0.000000,0.000000
[TestHarness] service scene ready after 0 wait frames at frame 901
960,16.00000,7.415457,60.707912,2.966183,0.121106,0.991457,0.048443,0,0.000000,0.000000,0.000000,-0.847743,-6.940197,-0.339097,0,960,1,0,0.000000,61.225811,0.000000,-0.000000,-0.000000,-0.000000
1020,17.00000,7.415440,60.707916,2.966174,0.121106,0.991457,0.048442,0,0.000000,0.000000,0.000000,-0.847742,-6.940198,-0.339096,0,1020,0,0,0.000000,61.225811,0.000000,0.000000,0.000000,0.000000
1080,18.00000,7.416167,60.771660,0.435081,0.121134,0.992601,0.008331,0,0.000000,0.000000,0.000000,-0.847921,-6.948277,-0.049745,0,1080,0,0,0.000000,61.225811,0.000000,0.000000,0.000000,0.000000
[TestHarness] Wrote screenshot: /home/conner/Documents/GitHub/Project-Judas/docs/evidence/m66/consumer/void.png
1140,19.00000,7.414977,60.771145,0.055571,0.121117,0.992638,0.001185,0,0.000000,0.000000,0.000000,-0.847815,-6.948465,-0.006354,0,1140,0,1,0.000000,61.225811,0.000000,0.000000,0.000000,0.000000
1200,20.00000,0.000000,0.000000,0.000000,0.000000,1.000000,0.000000,0,0.000000,0.000000,0.000000,0.000000,0.000000,0.000000,0,1200,0,0
[TestHarness] service scene ready after 0 wait frames at frame 1201
1260,21.00000,0.000000,0.300000,5.000000,0.000000,1.000000,0.000000,0,0.000000,0.000000,0.000000,0.000000,0.000000,0.000000,0,1260,0,0
1320,22.00000,0.000000,0.300000,5.000000,0.000000,1.000000,0.000000,0,0.000000,0.000000,0.000000,0.000000,0.000000,0.000000,0,1320,0,0
1380,23.00000,0.000000,0.300000,5.000000,0.000000,1.000000,0.000000,0,0.000000,0.000000,0.000000,0.000000,0.000000,0.000000,0,1380,0,0
