libEGL warning: Not allowed to force software rendering when API explicitly selects a hardware device.
Renderer fragment texture units: 32 (material path uses 12)
[editor autotest] shared authoring batch + undo PASS: 
[editor autotest] duplicate created id 100: scene CHANGED; undo restores: IDENTICAL
[editor autotest] wrote: /home/conner/Documents/GitHub/Project-Judas/docs/evidence/m72/application/editor.edit.png
[editor autotest] edit frame: 26 draw calls, 7072 triangles, 105 debug lines
Mouse capture failed: No relative mode implementation available
Mouse capture failed: No relative mode implementation available
Mouse capture failed: No relative mode implementation available
Mouse capture failed: No relative mode implementation available
Mouse capture failed: No relative mode implementation available
Mouse capture failed: No relative mode implementation available
Mouse capture failed: No relative mode implementation available
Mouse capture failed: No relative mode implementation available
Mouse capture failed: No relative mode implementation available
Mouse capture failed: No relative mode implementation available
Mouse capture failed: No relative mode implementation available
Mouse capture failed: No relative mode implementation available
Mouse capture failed: No relative mode implementation available
Mouse capture failed: No relative mode implementation available
Mouse capture failed: No relative mode implementation available
Mouse capture failed: No relative mode implementation available
Mouse capture failed: No relative mode implementation available
Mouse capture failed: No relative mode implementation available
Mouse capture failed: No relative mode implementation available
Mouse capture failed: No relative mode implementation available
Mouse capture failed: No relative mode implementation available
Mouse capture failed: No relative mode implementation available
Mouse capture failed: No relative mode implementation available
Mouse capture failed: No relative mode implementation available
Mouse capture failed: No relative mode implementation available
Mouse capture failed: No relative mode implementation available
Mouse capture failed: No relative mode implementation available
Mouse capture failed: No relative mode implementation available
Mouse capture failed: No relative mode implementation available
Mouse capture failed: No relative mode implementation available
Mouse capture failed: No relative mode implementation available
Mouse capture failed: No relative mode implementation available
Mouse capture failed: No relative mode implementation available
Mouse capture failed: No relative mode implementation available
Mouse capture failed: No relative mode implementation available
Mouse capture failed: No relative mode implementation available
Mouse capture failed: No relative mode implementation available
Mouse capture failed: No relative mode implementation available
Mouse capture failed: No relative mode implementation available
Mouse capture failed: No relative mode implementation available
Mouse capture failed: No relative mode implementation available
Mouse capture failed: No relative mode implementation available
Mouse capture failed: No relative mode implementation available
Mouse capture failed: No relative mode implementation available
Mouse capture failed: No relative mode implementation available
Mouse capture failed: No relative mode implementation available
Mouse capture failed: No relative mode implementation available
Mouse capture failed: No relative mode implementation available
Mouse capture failed: No relative mode implementation available
Mouse capture failed: No relative mode implementation available
Mouse capture failed: No relative mode implementation available
Mouse capture failed: No relative mode implementation available
Mouse capture failed: No relative mode implementation available
Mouse capture failed: No relative mode implementation available
Mouse capture failed: No relative mode implementation available
Mouse capture failed: No relative mode implementation available
Mouse capture failed: No relative mode implementation available
Mouse capture failed: No relative mode implementation available
Mouse capture failed: No relative mode implementation available
Mouse capture failed: No relative mode implementation available
Mouse capture failed: No relative mode implementation available
Mouse capture failed: No relative mode implementation available
Mouse capture failed: No relative mode implementation available
Mouse capture failed: No relative mode implementation available
Mouse capture failed: No relative mode implementation available
Mouse capture failed: No relative mode implementation available
Mouse capture failed: No relative mode implementation available
Mouse capture failed: No relative mode implementation available
Mouse capture failed: No relative mode implementation available
Mouse capture failed: No relative mode implementation available
Mouse capture failed: No relative mode implementation available
Mouse capture failed: No relative mode implementation available
Mouse capture failed: No relative mode implementation available
Mouse capture failed: No relative mode implementation available
Mouse capture failed: No relative mode implementation available
Mouse capture failed: No relative mode implementation available
Mouse capture failed: No relative mode implementation available
Mouse capture failed: No relative mode implementation available
Mouse capture failed: No relative mode implementation available
Mouse capture failed: No relative mode implementation available
Mouse capture failed: No relative mode implementation available
Mouse capture failed: No relative mode implementation available
Mouse capture failed: No relative mode implementation available
Mouse capture failed: No relative mode implementation available
Mouse capture failed: No relative mode implementation available
Mouse capture failed: No relative mode implementation available
Mouse capture failed: No relative mode implementation available
Mouse capture failed: No relative mode implementation available
Mouse capture failed: No relative mode implementation available
Mouse capture failed: No relative mode implementation available
Mouse capture failed: No relative mode implementation available
Mouse capture failed: No relative mode implementation available
Mouse capture failed: No relative mode implementation available
Mouse capture failed: No relative mode implementation available
Mouse capture failed: No relative mode implementation available
Mouse capture failed: No relative mode implementation available
Mouse capture failed: No relative mode implementation available
Mouse capture failed: No relative mode implementation available
Mouse capture failed: No relative mode implementation available
Mouse capture failed: No relative mode implementation available
Mouse capture failed: No relative mode implementation available
Mouse capture failed: No relative mode implementation available
Mouse capture failed: No relative mode implementation available
Mouse capture failed: No relative mode implementation available
Mouse capture failed: No relative mode implementation available
Mouse capture failed: No relative mode implementation available
Mouse capture failed: No relative mode implementation available
Mouse capture failed: No relative mode implementation available
Mouse capture failed: No relative mode implementation available
Mouse capture failed: No relative mode implementation available
Mouse capture failed: No relative mode implementation available
Mouse capture failed: No relative mode implementation available
Mouse capture failed: No relative mode implementation available
Mouse capture failed: No relative mode implementation available
Mouse capture failed: No relative mode implementation available
Mouse capture failed: No relative mode implementation available
Mouse capture failed: No relative mode implementation available
Mouse capture failed: No relative mode implementation available
Mouse capture failed: No relative mode implementation available
[editor autotest] wrote: /home/conner/Documents/GitHub/Project-Judas/docs/evidence/m72/application/editor.play.png
[editor autotest] play frame: 2 steps, step 0.027 ms, 1 bodies, 0 contacts, 70 draw calls, 20424 triangles, 1 shadow passes, 0 lights, 153 debug lines, 0 particles
[editor autotest] resources: 2 meshes, 0 textures, 0 terrain meshes, hits 8555, misses 18, failed 0, uploads 17, resident 992560 bytes
[editor autotest] jobs: 7 workers, 18 completed, 0 failed, 0 cancelled
Mouse capture failed: No relative mode implementation available
[editor autotest] authored scene after play/stop is IDENTICAL
[editor autotest] save ok
