libEGL warning: Not allowed to force software rendering when API explicitly selects a hardware device.
Renderer fragment texture units: 32 (material path uses 12)
PASS material round trip
PASS invalid parameter rejected
PASS isolated instance override
PASS revert returns source
PASS slot overrides round trip
PASS actual OpenGL host
GPU Mesa / llvmpipe (LLVM 21.1.8, 256 bits)
PASS cold Renderer initialization has no GL errors
PASS first unskinned primitive renders before any skeleton
PASS first unskinned color draw has no sampler conflict
PASS first unskinned shadow writes actual depth without sampler conflict
PASS linear .214 -> Reinhard -> sRGB known output
PASS mirrored nonuniform instance keeps correct face orientation
PASS exposure changes world output
PASS sRGB image decoded exactly once
PASS sRGB filtering/mipmaps average in linear light
PIXEL masked 77 81 89
PASS alpha cutout discards actual fragments
PIXEL metal 197 die 140
PASS metallic changes actual GPU response at controlled roughness
PASS roughness changes GPU specular response
PASS tangent normal map affects actual direct light
PASS baked HDR environment loads
PASS invalid environment write preserves existing asset
PASS roughness selects prefiltered environment mip
PASS environment authored orientation changes reflection
PASS ordinary Render texture slot also filters sRGB in linear light
PASS maximum material emission stays finite in HDR and output
PASS MR G/B channels sample raw linear values, not sRGB
PASS occlusion does not darken direct light or emission
PASS display UI remains independent of world exposure
PASS cutout shadow silhouette uses actual alpha discard
PASS blended material has no depth writes
PASS scene-linear secondary target allocates
PASS secondary readback is linear and excludes exposure
PASS camera material screen receives one tone/output conversion
PASS modern camera self-feedback is rejected
PASS modern target resize retains ordinary API
PASS missing material uses explicit magenta GPU fallback
PASS pending material uses neutral GPU fallback
PASS Mikk tangents follow actual UV basis
PASS mirrored UV changes tangent handedness
PASS degenerate UV fallback remains finite
PASS normal-map skinned fixture import
PASS actual rotated/nonuniform skinned normal-map path changes lighting
PASS moving skin palette deforms normal-mapped geometry
PASS normal GL3.3 material path produces no GL errors
M57 44 checks 0 failures
