[  0%] Built target judas_icu_build
[  0%] Built target judas_app_icon
[  0%] Built target judas_quickjs
[ 17%] Built target freetype
[ 17%] Built target judas_glad
[ 17%] Built target judas_profiler
[ 23%] Built target judas_navigation_backend
[ 29%] Built target judas_audio_backend
[ 29%] Built target judas_materials
[ 29%] Built target harfbuzz
[ 35%] Building CXX object CMakeFiles/judas_engine.dir/src/Renderer.cpp.o
[ 35%] Linking CXX static library libjudas_engine.a
[ 94%] Built target judas_engine
[ 94%] Linking CXX executable judas
[100%] Built target judas
[  0%] Built target judas_icu_build
[  0%] Built target judas_quickjs
[  0%] Built target judas_app_icon
[ 15%] Built target freetype
[ 15%] Built target judas_profiler
[ 15%] Built target judas_glad
[ 20%] Built target judas_navigation_backend
[ 25%] Built target judas_audio_backend
[ 25%] Built target judas_ufbx
[ 30%] Built target harfbuzz
[ 30%] Built target judas_imgui
[ 30%] Built target judas_materials
[ 85%] Built target judas_engine
[ 90%] Built target judas_model_import
[ 90%] Built target judas_world_authoring
[ 95%] Built target judas_navigation_baker
[ 95%] Linking CXX executable judas_editor
[100%] Built target judas_editor
[  0%] Built target judas_icu_build
[  0%] Built target judas_quickjs
[  0%] Built target judas_app_icon
[ 18%] Built target freetype
[ 18%] Built target judas_glad
[ 25%] Built target judas_profiler
[ 25%] Built target judas_navigation_backend
[ 31%] Built target judas_audio_backend
[ 31%] Built target judas_materials
[ 31%] Built target harfbuzz
[100%] Built target judas_engine
[100%] Linking CXX executable judas_export
[100%] Built target judas_export
[  0%] Built target judas_icu_build
[  0%] Built target judas_quickjs
[  0%] Built target judas_app_icon
[ 18%] Built target freetype
[ 18%] Built target judas_glad
[ 18%] Built target judas_profiler
[ 25%] Built target judas_navigation_backend
[ 31%] Built target judas_audio_backend
[ 31%] Built target judas_materials
[ 31%] Built target harfbuzz
[100%] Built target judas_engine
[100%] Building CXX object CMakeFiles/judas_material_tests.dir/tests/MaterialTests.cpp.o
[100%] Linking CXX executable judas_material_tests
[100%] Built target judas_material_tests
